I/ViewRootImpl( 1999): ViewRoot's Touch Event : Touch Down
I/Vold    (  252): [LGE][VOLD][NetlinkHandler.cpp][onEvent()] subsys:cpu, action:0
I/ViewRootImpl( 1999): ViewRoot's Touch Event : Touch UP
I/Vold    (  252): [LGE][VOLD][NetlinkHandler.cpp][onEvent()] subsys:cpu, action:0
I/ViewRootImpl( 1999): ViewRoot's Touch Event : Touch Down
I/Vold    (  252): [LGE][VOLD][NetlinkHandler.cpp][onEvent()] subsys:cpu, action:0
I/ViewRootImpl( 1999): ViewRoot's Touch Event : Touch UP
I/Vold    (  252): [LGE][VOLD][NetlinkHandler.cpp][onEvent()] subsys:cpu, action:0
I/ViewRootImpl( 1999): ViewRoot's Touch Event : Touch Down
I/ViewRootImpl( 1999): ViewRoot's Touch Event : Touch UP
I/Vold    (  252): [LGE][VOLD][NetlinkHandler.cpp][onEvent()] subsys:cpu, action:0
I/Vold    (  252): [LGE][VOLD][NetlinkHandler.cpp][onEvent()] subsys:cpu, action:0
I/ViewRootImpl( 1999): ViewRoot's Touch Event : Touch Down
I/Vold    (  252): [LGE][VOLD][NetlinkHandler.cpp][onEvent()] subsys:cpu, action:0
I/Vold    (  252): [LGE][VOLD][NetlinkHandler.cpp][onEvent()] subsys:cpu, action:0
I/Vold    (  252): [LGE][VOLD][NetlinkHandler.cpp][onEvent()] subsys:cpu, action:0
I/ViewRootImpl( 1999): ViewRoot's Touch Event : Touch UP
I/Vold    (  252): [LGE][VOLD][NetlinkHandler.cpp][onEvent()] subsys:cpu, action:0
I/Vold    (  252): [LGE][VOLD][NetlinkHandler.cpp][onEvent()] subsys:cpu, action:0
I/Vold    (  252): [LGE][VOLD][NetlinkHandler.cpp][onEvent()] subsys:cpu, action:0
I/ViewRootImpl( 1999): ViewRoot's Touch Event : Touch Down
I/ViewRootImpl( 1999): ViewRoot's Touch Event : Touch UP
I/Vold    (  252): [LGE][VOLD][NetlinkHandler.cpp][onEvent()] subsys:cpu, action:0
I/Vold    (  252): [LGE][VOLD][NetlinkHandler.cpp][onEvent()] subsys:cpu, action:0
I/Vold    (  252): [LGE][VOLD][NetlinkHandler.cpp][onEvent()] subsys:cpu, action:0
I/Vold    (  252): [LGE][VOLD][NetlinkHandler.cpp][onEvent()] subsys:cpu, action:0
I/Vold    (  252): [LGE][VOLD][NetlinkHandler.cpp][onEvent()] subsys:cpu, action:0
I/Vold    (  252): [LGE][VOLD][NetlinkHandler.cpp][onEvent()] subsys:cpu, action:0
I/ViewRootImpl( 1999): ViewRoot's Touch Event : Touch Down
I/Vold    (  252): [LGE][VOLD][NetlinkHandler.cpp][onEvent()] subsys:cpu, action:0
I/ViewRootImpl( 1999): ViewRoot's Touch Event : Touch UP
I/ViewRootImpl( 1999): ViewRoot's Touch Event : Touch Down
I/ViewRootImpl( 1999): ViewRoot's Touch Event : Touch UP
I/Vold    (  252): [LGE][VOLD][NetlinkHandler.cpp][onEvent()] subsys:cpu, action:0
I/ViewRootImpl( 1999): ViewRoot's Touch Event : Touch Down
I/ViewRootImpl( 1999): ViewRoot's Touch Event : Touch UP
I/Vold    (  252): [LGE][VOLD][NetlinkHandler.cpp][onEvent()] subsys:cpu, action:0
I/Vold    (  252): [LGE][VOLD][NetlinkHandler.cpp][onEvent()] subsys:cpu, action:0
I/ViewRootImpl( 1999): ViewRoot's Touch Event : Touch Down
I/Vold    (  252): [LGE][VOLD][NetlinkHandler.cpp][onEvent()] subsys:cpu, action:0
I/ViewRootImpl( 1999): ViewRoot's Touch Event : Touch UP
I/Vold    (  252): [LGE][VOLD][NetlinkHandler.cpp][onEvent()] subsys:cpu, action:0
D/WifiService(  938): acquireWifiLockLocked: WifiLock{NlpWifiLock type=2 binder=android.os.BinderProxy@43708078}
D/WifiService(  938): startScan pid=1400, uid=10007
I/Vold    (  252): [LGE][VOLD][NetlinkHandler.cpp][onEvent()] subsys:cpu, action:0
I/Vold    (  252): [LGE][VOLD][NetlinkHandler.cpp][onEvent()] subsys:cpu, action:0
I/ViewRootImpl( 1999): ViewRoot's Touch Event : Touch Down
I/ViewRootImpl( 1999): ViewRoot's Touch Event : Touch UP
I/InputMethodManagerService(  938): IME STATUS OFF
I/Vold    (  252): [LGE][VOLD][NetlinkHandler.cpp][onEvent()] subsys:cpu, action:0
I/Vold    (  252): [LGE][VOLD][NetlinkHandler.cpp][onEvent()] subsys:cpu, action:0
I/ViewRootImpl( 1110): ViewRoot's Touch Event : Touch Down
I/WindowManager(  938): interceptKeyTq keycode=4 down=true screenIsOn=true keyguardActive=false policyFlags=b000100 isWakeKey=false
D/VolumeVibrator( 1134): clear
I/WindowManager(  938): interceptKeyTi keyCode=4 down=true repeatCount=0 keyguardOn=false mHomePressed=false canceled=false
I/ViewRootImpl( 1999): ViewRoot's KeyEvent { action=ACTION_DOWN, keyCode=KEYCODE_BACK, scanCode=0, metaState=0, flags=0x48, repeatCount=0, eventTime=53976591, downTime=53976591, deviceId=-1, source=0x101 } to com.android.internal.policy.impl.PhoneWindow$DecorView{4292db68 V.E..... R....... 0,0-1080,1776}
D/VolumeVibrator( 1134): milliseconds : 30
D/VolumeVibrator( 1134): getCurrent::mPatternworking : true
D/VolumeVibrator( 1134): getCurrent::mVolumes.size : 0
D/VolumeVibrator( 1134): getCurrent::mJustVibrate false
D/VolumeVibrator( 1134): mPatternIndex : 1 mCurVibration.mPattern[mPatternIndex] : 30
D/VolumeVibrator( 1134): volume vibration pattern's value: 100
D/VolumeVibrator( 1134): clear
I/ViewRootImpl( 1110): ViewRoot's Touch Event : Touch UP
I/WindowManager(  938): interceptKeyTq keycode=4 down=false screenIsOn=true keyguardActive=false policyFlags=b000100 isWakeKey=false
I/WindowManager(  938): interceptKeyTi keyCode=4 down=false repeatCount=0 keyguardOn=false mHomePressed=false canceled=false
I/ViewRootImpl( 1999): ViewRoot's KeyEvent { action=ACTION_UP, keyCode=KEYCODE_BACK, scanCode=0, metaState=0, flags=0x48, repeatCount=0, eventTime=53976696, downTime=53976591, deviceId=-1, source=0x101 } to com.android.internal.policy.impl.PhoneWindow$DecorView{4292db68 V.E..... R....... 0,0-1080,1776}
I/ActivityManager(  938): moveTaskToBack: 13
I/ActivityManager(  938): resumeTopActivitiesLocked(): target Stack:ActivityStack{43898150 stackId=1, 18 tasks}
V/ActivityManager(  938): Moving to PAUSING: ActivityRecord{437761f0 u0 com.android.chrome/org.chromium.chrome.browser.ChromeTabbedActivity t13}
I/Vold    (  252): [LGE][VOLD][NetlinkHandler.cpp][onEvent()] subsys:cpu, action:0
D/ActivityManager(  938): resumeTopActivityLocked: Pausing null
V/ActivityManager(  938): resumeTopActivityLocked: Skip resume: need to start pausing
V/ActivityManager(  938): Moving to PAUSED: ActivityRecord{437761f0 u0 com.android.chrome/org.chromium.chrome.browser.ChromeTabbedActivity t13} (pause complete)
I/ActivityManager(  938): resumeTopActivitiesLocked(): target Stack:ActivityStack{43898150 stackId=1, 18 tasks}
V/ActivityManager(  938): Moving to RESUMED: ActivityRecord{437804a0 u0 com.google.android.googlequicksearchbox/com.google.android.apps.gsa.legacyui.VelvetActivity t102} (in existing)
D/ActivityManager(  938): resumeTopActivityLocked: Resumed ActivityRecord{437804a0 u0 com.google.android.googlequicksearchbox/com.google.android.apps.gsa.legacyui.VelvetActivity t102}
I/Vold    (  252): [LGE][VOLD][NetlinkHandler.cpp][onEvent()] subsys:cpu, action:0
W/ActivityManager(  938): Unable to start service Intent { cmp=com.android.chrome/com.google.android.apps.chrome.ChromePrerenderService } U=0: not found
I/Vold    (  252): [LGE][VOLD][NetlinkHandler.cpp][onEvent()] subsys:cpu, action:0
I/ActivityManager(  938): Process com.android.chrome:sandboxed_process4 (pid 5966) has died.
W/ActivityManager(  938): Scheduling restart of crashed service com.android.chrome/org.chromium.content.app.SandboxedProcessService4 in 1000ms
I/ActivityManager(  938): resumeTopActivitiesLocked(): target Stack:ActivityStack{43898150 stackId=1, 18 tasks}
D/ActivityManager(  938): resumeTopActivityLocked: Top activity resumed ActivityRecord{437804a0 u0 com.google.android.googlequicksearchbox/com.google.android.apps.gsa.legacyui.VelvetActivity t102}
I/Vold    (  252): [LGE][VOLD][NetlinkHandler.cpp][onEvent()] subsys:cpu, action:0
I/Vold    (  252): [LGE][VOLD][NetlinkHandler.cpp][onEvent()] subsys:cpu, action:0
D/ActivityManager(  938): setFocusedStack: mFocusedStack=ActivityStack{43898150 stackId=1, 18 tasks}
V/ActivityManager(  938): Moving to STOPPING: ActivityRecord{437761f0 u0 com.android.chrome/org.chromium.chrome.browser.ChromeTabbedActivity t13} (stop requested)
I/Vold    (  252): [LGE][VOLD][NetlinkHandler.cpp][onEvent()] subsys:cpu, action:0
I/Vold    (  252): [LGE][VOLD][NetlinkHandler.cpp][onEvent()] subsys:cpu, action:0
V/ActivityManager(  938): Moving to STOPPED: ActivityRecord{437761f0 u0 com.android.chrome/org.chromium.chrome.browser.ChromeTabbedActivity t13} (stop complete)
I/Vold    (  252): [LGE][VOLD][NetlinkHandler.cpp][onEvent()] subsys:cpu, action:0
I/Vold    (  252): [LGE][VOLD][NetlinkHandler.cpp][onEvent()] subsys:cpu, action:0
I/Vold    (  252): [LGE][VOLD][NetlinkHandler.cpp][onEvent()] subsys:cpu, action:0
I/Vold    (  252): [LGE][VOLD][NetlinkHandler.cpp][onEvent()] subsys:cpu, action:0
D/WifiService(  938): releaseWifiLockLocked: WifiLock{NlpWifiLock type=2 binder=android.os.BinderProxy@43708078}
I/Vold    (  252): [LGE][VOLD][NetlinkHandler.cpp][onEvent()] subsys:cpu, action:0
I/Vold    (  252): [LGE][VOLD][NetlinkHandler.cpp][onEvent()] subsys:cpu, action:0
I/Vold    (  252): [LGE][VOLD][NetlinkHandler.cpp][onEvent()] subsys:cpu, action:0
V/WindowOrientationListener(  938): Proposed rotation changed! : currentRotation=0, proposedRotation=0, oldProposedRotation=-1, predictedRotation=0, timeDeltaMS=8.392334, isAccelerating=false, isFlat=false, isSwinging=false, timeUntilSettledMS=0.0, timeUntilAccelerationDelayExpiredMS=0.0, timeUntilFlatDelayExpiredMS=0.0, timeUntilSwingDelayExpiredMS=0.0
V/WindowOrientationListener(  938): Proposed rotation changed! : currentRotation=0, proposedRotation=0, oldProposedRotation=-1, predictedRotation=0, timeDeltaMS=8.392334, isAccelerating=false, isFlat=false, isSwinging=false, timeUntilSettledMS=0.0, timeUntilAccelerationDelayExpiredMS=0.0, timeUntilFlatDelayExpiredMS=0.0, timeUntilSwingDelayExpiredMS=0.0
V/WindowOrientationListener(  938): Proposed rotation changed! : currentRotation=0, proposedRotation=0, oldProposedRotation=-1, predictedRotation=0, timeDeltaMS=8.392334, isAccelerating=false, isFlat=false, isSwinging=false, timeUntilSettledMS=0.0, timeUntilAccelerationDelayExpiredMS=0.0, timeUntilFlatDelayExpiredMS=0.0, timeUntilSwingDelayExpiredMS=0.0
I/Vold    (  252): [LGE][VOLD][NetlinkHandler.cpp][onEvent()] subsys:power_supply, action:3
D/WifiController(  938): battery changed pluggedType: 0
I/Vold    (  252): [LGE][VOLD][NetlinkHandler.cpp][onEvent()] subsys:cpu, action:0
I/Vold    (  252): [LGE][VOLD][NetlinkHandler.cpp][onEvent()] subsys:cpu, action:0
I/Vold    (  252): [LGE][VOLD][NetlinkHandler.cpp][onEvent()] subsys:cpu, action:0
I/Vold    (  252): [LGE][VOLD][NetlinkHandler.cpp][onEvent()] subsys:cpu, action:0
I/Vold    (  252): [LGE][VOLD][NetlinkHandler.cpp][onEvent()] subsys:cpu, action:0
I/Vold    (  252): [LGE][VOLD][NetlinkHandler.cpp][onEvent()] subsys:cpu, action:0
I/Vold    (  252): [LGE][VOLD][NetlinkHandler.cpp][onEvent()] subsys:cpu, action:0
I/Vold    (  252): [LGE][VOLD][NetlinkHandler.cpp][onEvent()] subsys:cpu, action:0
V/WindowOrientationListener(  938): Proposed rotation changed! : currentRotation=0, proposedRotation=1, oldProposedRotation=-1, predictedRotation=1, timeDeltaMS=67.13867, isAccelerating=false, isFlat=false, isSwinging=false, timeUntilSettledMS=0.0, timeUntilAccelerationDelayExpiredMS=0.0, timeUntilFlatDelayExpiredMS=0.0, timeUntilSwingDelayExpiredMS=0.0
V/WindowManager(  938): Rotation changed to 1 from 0, forceApp=-1
I/Vold    (  252): [LGE][VOLD][NetlinkHandler.cpp][onEvent()] subsys:cpu, action:0
I/Vold    (  252): [LGE][VOLD][NetlinkHandler.cpp][onEvent()] subsys:cpu, action:0
I/Vold    (  252): [LGE][VOLD][NetlinkHandler.cpp][onEvent()] subsys:cpu, action:0
I/ActivityManager(  938): Config changes=480 {1.0 310mcc260mnc en_CA ldltr sw360dp w598dp h335dp 480dpi nrml land finger -keyb/v/h -nav/h s.209fontTypeIndex0}
I/ActivityManager(  938): Relaunching to RESUMED ActivityRecord{437804a0 u0 com.google.android.googlequicksearchbox/com.google.android.apps.gsa.legacyui.VelvetActivity t102}
W/ActivityManager(  938): Unable to start service Intent { cmp=com.android.chrome/com.google.android.apps.chrome.ChromePrerenderService } U=0: not found
I/WindowManager(  938): Screen frozen for +613ms due to Window{42920998 u0 com.google.android.googlequicksearchbox/com.google.android.apps.gsa.legacyui.VelvetActivity}
I/InputMethodManagerService(  938): IME STATUS OFF
I/Vold    (  252): [LGE][VOLD][NetlinkHandler.cpp][onEvent()] subsys:cpu, action:0
I/Vold    (  252): [LGE][VOLD][NetlinkHandler.cpp][onEvent()] subsys:cpu, action:0
I/Vold    (  252): [LGE][VOLD][NetlinkHandler.cpp][onEvent()] subsys:cpu, action:0
I/ViewRootImpl( 6449): ViewRoot's Touch Event : Touch Down
V/WindowOrientationListener(  938): Proposed rotation changed! : currentRotation=1, proposedRotation=1, oldProposedRotation=-1, predictedRotation=1, timeDeltaMS=67.13867, isAccelerating=false, isFlat=false, isSwinging=false, timeUntilSettledMS=0.0, timeUntilAccelerationDelayExpiredMS=0.0, timeUntilFlatDelayExpiredMS=0.0, timeUntilSwingDelayExpiredMS=0.0
I/ViewRootImpl( 6449): ViewRoot's Touch Event : Touch UP
I/Vold    (  252): [LGE][VOLD][NetlinkHandler.cpp][onEvent()] subsys:cpu, action:0
I/Vold    (  252): [LGE][VOLD][NetlinkHandler.cpp][onEvent()] subsys:cpu, action:0
I/Vold    (  252): [LGE][VOLD][NetlinkHandler.cpp][onEvent()] subsys:cpu, action:0
I/Vold    (  252): [LGE][VOLD][NetlinkHandler.cpp][onEvent()] subsys:cpu, action:0
I/EntropyMixer(  938): Writing entropy...
I/PowerManagerService(  938): Going to sleep due to screen timeout...
D/KnockOnPowerController(  938): [updateScreenState] screen on = false
D/KnockOnPowerController(  938): [setProximitySensorEnabled] enable = false
D/KnockOnPowerController(  938): [setProximitySensorEnabled] enable = false
V/ActivityManager(  938): Moving to PAUSING: ActivityRecord{437804a0 u0 com.google.android.googlequicksearchbox/com.google.android.apps.gsa.legacyui.VelvetActivity t102}
V/ActivityManager(  938): Moving to PAUSED: ActivityRecord{437804a0 u0 com.google.android.googlequicksearchbox/com.google.android.apps.gsa.legacyui.VelvetActivity t102} (pause complete)
V/ActivityManager(  938): Moving to STOPPING: ActivityRecord{437804a0 u0 com.google.android.googlequicksearchbox/com.google.android.apps.gsa.legacyui.VelvetActivity t102} (stop requested)
V/ActivityManager(  938): Moving to STOPPED: ActivityRecord{437804a0 u0 com.google.android.googlequicksearchbox/com.google.android.apps.gsa.legacyui.VelvetActivity t102} (stop complete)
D/WifiController(  938): CMD_SCREEN_OFF 
D/WifiController(  938): shouldWifiStayAwake TRUE
I/EmotionalLed( 1134): getCurrentHighestLGLedRecord() start. mLedList.size=0
I/EmotionalLed( 1134): updateLightsLocked() start. mLedList.size=0
I/Vold    (  252): [LGE][VOLD][NetlinkHandler.cpp][onEvent()] subsys:cpu, action:0
I/Vold    (  252): [LGE][VOLD][NetlinkHandler.cpp][onEvent()] subsys:cpu, action:0
D/EmotionalLed( 1134): RESTART MSG
D/VolumeVibrator( 1134): clear
I/Vold    (  252): [LGE][VOLD][NetlinkHandler.cpp][onEvent()] subsys:cpu, action:0
I/Vold    (  252): [LGE][VOLD][NetlinkHandler.cpp][onEvent()] subsys:cpu, action:0
I/Vold    (  252): [LGE][VOLD][NetlinkHandler.cpp][onEvent()] subsys:cpu, action:0
I/Vold    (  252): [LGE][VOLD][NetlinkHandler.cpp][onEvent()] subsys:cpu, action:0
I/Vold    (  252): [LGE][VOLD][NetlinkHandler.cpp][onEvent()] subsys:cpu, action:0
I/Vold    (  252): [LGE][VOLD][NetlinkHandler.cpp][onEvent()] subsys:cpu, action:0
I/Vold    (  252): [LGE][VOLD][NetlinkHandler.cpp][onEvent()] subsys:cpu, action:0
I/StatusBarManagerService(  938): StatusBar diabled:
I/StatusBarManagerService(  938):   mDisabled=0x309e000
I/StatusBarManagerService(  938):   mDisableRecords.size=1
I/StatusBarManagerService(  938):     [0] userId=0 what=0x309e000 pkg=com.android.keyguard token=android.os.BinderProxy@434d0850
V/WindowManager(  938): Rotation changed to 0 from 1, forceApp=5
I/ActivityManager(  938): Config changes=480 {1.0 310mcc260mnc en_CA ldltr sw360dp w360dp h567dp 480dpi nrml port finger -keyb/v/h -nav/h s.210fontTypeIndex0}
I/ActivityManager(  938): Relaunching to PAUSED ActivityRecord{437804a0 u0 com.google.android.googlequicksearchbox/com.google.android.apps.gsa.legacyui.VelvetActivity t102}
V/ActivityManager(  938): force to schedule visibility for update layout when sleeping... ActivityRecord{437804a0 u0 com.google.android.googlequicksearchbox/com.google.android.apps.gsa.legacyui.VelvetActivity t102}
I/Vold    (  252): [LGE][VOLD][NetlinkHandler.cpp][onEvent()] subsys:cpu, action:0
I/Vold    (  252): [LGE][VOLD][NetlinkHandler.cpp][onEvent()] subsys:cpu, action:0
I/Vold    (  252): [LGE][VOLD][NetlinkHandler.cpp][onEvent()] subsys:cpu, action:0
W/WindowManager(  938): App freeze timeout expired.
W/ProcessCpuTracker(  938): Skipping unknown process pid 7005
W/ProcessCpuTracker(  938): Skipping unknown process pid 7006
I/Vold    (  252): [LGE][VOLD][NetlinkHandler.cpp][onEvent()] subsys:cpu, action:0
I/Vold    (  252): [LGE][VOLD][NetlinkHandler.cpp][onEvent()] subsys:cpu, action:0
I/Vold    (  252): [LGE][VOLD][NetlinkHandler.cpp][onEvent()] subsys:cpu, action:0
I/Vold    (  252): [LGE][VOLD][NetlinkHandler.cpp][onEvent()] subsys:cpu, action:0
I/Vold    (  252): [LGE][VOLD][NetlinkHandler.cpp][onEvent()] subsys:cpu, action:0
I/Vold    (  252): [LGE][VOLD][NetlinkHandler.cpp][onEvent()] subsys:cpu, action:0
I/Vold    (  252): [LGE][VOLD][NetlinkHandler.cpp][onEvent()] subsys:cpu, action:0
I/Vold    (  252): [LGE][VOLD][NetlinkHandler.cpp][onEvent()] subsys:cpu, action:0
I/Vold    (  252): [LGE][VOLD][NetlinkHandler.cpp][onEvent()] subsys:cpu, action:0
I/Vold    (  252): [LGE][VOLD][NetlinkHandler.cpp][onEvent()] subsys:cpu, action:0
D/QcConnectivityService(  938): Sampling interval elapsed, updating statistics ..
D/QcConnectivityService(  938): Done.
D/QcConnectivityService(  938): Setting timer for 720seconds
I/Vold    (  252): [LGE][VOLD][NetlinkHandler.cpp][onEvent()] subsys:cpu, action:0
I/Vold    (  252): [LGE][VOLD][NetlinkHandler.cpp][onEvent()] subsys:cpu, action:0
I/Vold    (  252): [LGE][VOLD][NetlinkHandler.cpp][onEvent()] subsys:cpu, action:0
I/Vold    (  252): [LGE][VOLD][NetlinkHandler.cpp][onEvent()] subsys:cpu, action:0
I/Vold    (  252): [LGE][VOLD][NetlinkHandler.cpp][onEvent()] subsys:cpu, action:0
I/Vold    (  252): [LGE][VOLD][NetlinkHandler.cpp][onEvent()] subsys:cpu, action:0
D/WifiService(  938): acquireWifiLockLocked: WifiLock{NlpWifiLock type=2 binder=android.os.BinderProxy@43455958}
D/WifiService(  938): startScan pid=1400, uid=10007
I/Vold    (  252): [LGE][VOLD][NetlinkHandler.cpp][onEvent()] subsys:cpu, action:0
I/Vold    (  252): [LGE][VOLD][NetlinkHandler.cpp][onEvent()] subsys:cpu, action:0
I/Vold    (  252): [LGE][VOLD][NetlinkHandler.cpp][onEvent()] subsys:cpu, action:0
I/Vold    (  252): [LGE][VOLD][NetlinkHandler.cpp][onEvent()] subsys:cpu, action:0
I/Vold    (  252): [LGE][VOLD][NetlinkHandler.cpp][onEvent()] subsys:cpu, action:0
I/Vold    (  252): [LGE][VOLD][NetlinkHandler.cpp][onEvent()] subsys:cpu, action:0
I/Vold    (  252): [LGE][VOLD][NetlinkHandler.cpp][onEvent()] subsys:cpu, action:0
I/Vold    (  252): [LGE][VOLD][NetlinkHandler.cpp][onEvent()] subsys:cpu, action:0
D/WifiService(  938): releaseWifiLockLocked: WifiLock{NlpWifiLock type=2 binder=android.os.BinderProxy@43455958}
I/Vold    (  252): [LGE][VOLD][NetlinkHandler.cpp][onEvent()] subsys:cpu, action:0
I/Vold    (  252): [LGE][VOLD][NetlinkHandler.cpp][onEvent()] subsys:cpu, action:0
I/Vold    (  252): [LGE][VOLD][NetlinkHandler.cpp][onEvent()] subsys:cpu, action:0
I/Vold    (  252): [LGE][VOLD][NetlinkHandler.cpp][onEvent()] subsys:cpu, action:0
I/Vold    (  252): [LGE][VOLD][NetlinkHandler.cpp][onEvent()] subsys:cpu, action:0
I/Vold    (  252): [LGE][VOLD][NetlinkHandler.cpp][onEvent()] subsys:cpu, action:0
I/Vold    (  252): [LGE][VOLD][NetlinkHandler.cpp][onEvent()] subsys:cpu, action:0
I/Vold    (  252): [LGE][VOLD][NetlinkHandler.cpp][onEvent()] subsys:cpu, action:0
I/Vold    (  252): [LGE][VOLD][NetlinkHandler.cpp][onEvent()] subsys:cpu, action:0
I/Vold    (  252): [LGE][VOLD][NetlinkHandler.cpp][onEvent()] subsys:cpu, action:0
D/WifiService(  938): acquireWifiLockLocked: WifiLock{NlpWifiLock type=2 binder=android.os.BinderProxy@43455958}
D/WifiService(  938): startScan pid=1400, uid=10007
D/WifiService(  938): releaseWifiLockLocked: WifiLock{NlpWifiLock type=2 binder=android.os.BinderProxy@43455958}
I/Vold    (  252): [LGE][VOLD][NetlinkHandler.cpp][onEvent()] subsys:cpu, action:0
I/Vold    (  252): [LGE][VOLD][NetlinkHandler.cpp][onEvent()] subsys:cpu, action:0
I/Vold    (  252): [LGE][VOLD][NetlinkHandler.cpp][onEvent()] subsys:cpu, action:0
I/Vold    (  252): [LGE][VOLD][NetlinkHandler.cpp][onEvent()] subsys:power_supply, action:3
D/WifiController(  938): battery changed pluggedType: 0
D/MobileDataStateTracker(  938): default: setPolicyDataEnable(enabled=true)
D/WifiService(  938): acquireWifiLockLocked: WifiLock{NlpWifiLock type=2 binder=android.os.BinderProxy@4379dbb0}
I/Vold    (  252): [LGE][VOLD][NetlinkHandler.cpp][onEvent()] subsys:cpu, action:0
I/Vold    (  252): [LGE][VOLD][NetlinkHandler.cpp][onEvent()] subsys:cpu, action:0
D/WifiService(  938): releaseWifiLockLocked: WifiLock{NlpWifiLock type=2 binder=android.os.BinderProxy@4379dbb0}
I/Vold    (  252): [LGE][VOLD][NetlinkHandler.cpp][onEvent()] subsys:cpu, action:0
I/Vold    (  252): [LGE][VOLD][NetlinkHandler.cpp][onEvent()] subsys:cpu, action:0
I/Vold    (  252): [LGE][VOLD][NetlinkHandler.cpp][onEvent()] subsys:cpu, action:0
I/Vold    (  252): [LGE][VOLD][NetlinkHandler.cpp][onEvent()] subsys:cpu, action:0
I/Vold    (  252): [LGE][VOLD][NetlinkHandler.cpp][onEvent()] subsys:cpu, action:0
I/Vold    (  252): [LGE][VOLD][NetlinkHandler.cpp][onEvent()] subsys:cpu, action:0
D/QcConnectivityService(  938): Sampling interval elapsed, updating statistics ..
D/WifiService(  938): acquireWifiLockLocked: WifiLock{NlpWifiLock type=2 binder=android.os.BinderProxy@43455958}
D/WifiService(  938): startScan pid=1400, uid=10007
D/QcConnectivityService(  938): Done.
D/QcConnectivityService(  938): Setting timer for 720seconds
D/WifiService(  938): startScan pid=1400, uid=10007
I/Vold    (  252): [LGE][VOLD][NetlinkHandler.cpp][onEvent()] subsys:cpu, action:0
I/Vold    (  252): [LGE][VOLD][NetlinkHandler.cpp][onEvent()] subsys:cpu, action:0
I/Vold    (  252): [LGE][VOLD][NetlinkHandler.cpp][onEvent()] subsys:cpu, action:0
I/Vold    (  252): [LGE][VOLD][NetlinkHandler.cpp][onEvent()] subsys:cpu, action:0
I/Vold    (  252): [LGE][VOLD][NetlinkHandler.cpp][onEvent()] subsys:cpu, action:0
I/Vold    (  252): [LGE][VOLD][NetlinkHandler.cpp][onEvent()] subsys:cpu, action:0
D/WifiService(  938): releaseWifiLockLocked: WifiLock{NlpWifiLock type=2 binder=android.os.BinderProxy@43455958}
I/Vold    (  252): [LGE][VOLD][NetlinkHandler.cpp][onEvent()] subsys:cpu, action:0
I/Vold    (  252): [LGE][VOLD][NetlinkHandler.cpp][onEvent()] subsys:cpu, action:0
D/MobileDataStateTracker(  938): admin: Broadcast received: android.intent.action.ANY_DATA_STATE apnType=admin
D/MobileDataStateTracker(  938): admin: Received state=DISCONNECTED, old=DISCONNECTED, reason=specificDisabled
D/MobileDataStateTracker(  938): fota: Broadcast received: android.intent.action.ANY_DATA_STATE apnType=fota
D/MobileDataStateTracker(  938): fota: Received state=DISCONNECTED, old=DISCONNECTED, reason=specificDisabled
D/MobileDataStateTracker(  938): dun: Broadcast received: android.intent.action.ANY_DATA_STATE apnType=dun
D/MobileDataStateTracker(  938): dun: Received state=DISCONNECTED, old=DISCONNECTED, reason=specificDisabled
D/MobileDataStateTracker(  938): supl: Broadcast received: android.intent.action.ANY_DATA_STATE apnType=supl
D/MobileDataStateTracker(  938): supl: Received state=DISCONNECTED, old=DISCONNECTED, reason=specificDisabled
D/MobileDataStateTracker(  938): hipri: Broadcast received: android.intent.action.ANY_DATA_STATE apnType=hipri
D/MobileDataStateTracker(  938): hipri: Received state=DISCONNECTED, old=DISCONNECTED, reason=specificDisabled
D/MobileDataStateTracker(  938): ims: Broadcast received: android.intent.action.ANY_DATA_STATE apnType=ims
D/MobileDataStateTracker(  938): ims: Received state=DISCONNECTED, old=DISCONNECTED, reason=radioTurnedOff
D/MobileDataStateTracker(  938): default: Broadcast received: android.intent.action.ANY_DATA_STATE apnType=default
D/MobileDataStateTracker(  938): default: Received state=DISCONNECTED, old=DISCONNECTED, reason=specificDisabled
D/MobileDataStateTracker(  938): mms: Broadcast received: android.intent.action.ANY_DATA_STATE apnType=mms
D/MobileDataStateTracker(  938): mms: Received state=DISCONNECTED, old=DISCONNECTED, reason=specificDisabled
D/MobileDataStateTracker(  938): cbs: Broadcast received: android.intent.action.ANY_DATA_STATE apnType=cbs
D/MobileDataStateTracker(  938): cbs: Received state=DISCONNECTED, old=DISCONNECTED, reason=specificDisabled
D/MobileDataStateTracker(  938): admin: Broadcast received: android.intent.action.ANY_DATA_STATE apnType=admin
D/MobileDataStateTracker(  938): admin: Received state=DISCONNECTED, old=DISCONNECTED, reason=dataDetached
D/MobileDataStateTracker(  938): fota: Broadcast received: android.intent.action.ANY_DATA_STATE apnType=fota
D/MobileDataStateTracker(  938): fota: Received state=DISCONNECTED, old=DISCONNECTED, reason=dataDetached
D/MobileDataStateTracker(  938): dun: Broadcast received: android.intent.action.ANY_DATA_STATE apnType=dun
D/MobileDataStateTracker(  938): dun: Received state=DISCONNECTED, old=DISCONNECTED, reason=dataDetached
D/MobileDataStateTracker(  938): supl: Broadcast received: android.intent.action.ANY_DATA_STATE apnType=supl
D/MobileDataStateTracker(  938): supl: Received state=DISCONNECTED, old=DISCONNECTED, reason=dataDetached
D/MobileDataStateTracker(  938): hipri: Broadcast received: android.intent.action.ANY_DATA_STATE apnType=hipri
D/MobileDataStateTracker(  938): hipri: Received state=DISCONNECTED, old=DISCONNECTED, reason=dataDetached
D/MobileDataStateTracker(  938): ims: Broadcast received: android.intent.action.ANY_DATA_STATE apnType=ims
D/MobileDataStateTracker(  938): ims: Received state=DISCONNECTED, old=DISCONNECTED, reason=dataDetached
D/MobileDataStateTracker(  938): default: Broadcast received: android.intent.action.ANY_DATA_STATE apnType=default
D/MobileDataStateTracker(  938): default: Received state=DISCONNECTED, old=DISCONNECTED, reason=dataDetached
D/MobileDataStateTracker(  938): mms: Broadcast received: android.intent.action.ANY_DATA_STATE apnType=mms
D/MobileDataStateTracker(  938): mms: Received state=DISCONNECTED, old=DISCONNECTED, reason=dataDetached
D/MobileDataStateTracker(  938): cbs: Broadcast received: android.intent.action.ANY_DATA_STATE apnType=cbs
D/MobileDataStateTracker(  938): cbs: Received state=DISCONNECTED, old=DISCONNECTED, reason=dataDetached
I/Vold    (  252): [LGE][VOLD][NetlinkHandler.cpp][onEvent()] subsys:cpu, action:0
I/Vold    (  252): [LGE][VOLD][NetlinkHandler.cpp][onEvent()] subsys:cpu, action:0
D/MobileDataStateTracker(  938): admin: Broadcast received: android.intent.action.ANY_DATA_STATE apnType=admin
D/MobileDataStateTracker(  938): admin: Received state=DISCONNECTED, old=DISCONNECTED, reason=specificDisabled
I/Vold    (  252): [LGE][VOLD][NetlinkHandler.cpp][onEvent()] subsys:cpu, action:0
I/Vold    (  252): [LGE][VOLD][NetlinkHandler.cpp][onEvent()] subsys:cpu, action:0
I/Vold    (  252): [LGE][VOLD][NetlinkHandler.cpp][onEvent()] subsys:cpu, action:0
D/MobileDataStateTracker(  938): fota: Broadcast received: android.intent.action.ANY_DATA_STATE apnType=fota
D/MobileDataStateTracker(  938): fota: Received state=DISCONNECTED, old=DISCONNECTED, reason=specificDisabled
D/MobileDataStateTracker(  938): dun: Broadcast received: android.intent.action.ANY_DATA_STATE apnType=dun
D/MobileDataStateTracker(  938): dun: Received state=DISCONNECTED, old=DISCONNECTED, reason=specificDisabled
D/MobileDataStateTracker(  938): supl: Broadcast received: android.intent.action.ANY_DATA_STATE apnType=supl
D/MobileDataStateTracker(  938): supl: Received state=DISCONNECTED, old=DISCONNECTED, reason=specificDisabled
D/MobileDataStateTracker(  938): hipri: Broadcast received: android.intent.action.ANY_DATA_STATE apnType=hipri
D/MobileDataStateTracker(  938): hipri: Received state=DISCONNECTED, old=DISCONNECTED, reason=specificDisabled
D/MobileDataStateTracker(  938): ims: Broadcast received: android.intent.action.ANY_DATA_STATE apnType=ims
D/MobileDataStateTracker(  938): ims: Received state=DISCONNECTED, old=DISCONNECTED, reason=radioTurnedOff
D/MobileDataStateTracker(  938): default: Broadcast received: android.intent.action.ANY_DATA_STATE apnType=default
D/MobileDataStateTracker(  938): default: Received state=DISCONNECTED, old=DISCONNECTED, reason=specificDisabled
D/MobileDataStateTracker(  938): mms: Broadcast received: android.intent.action.ANY_DATA_STATE apnType=mms
D/MobileDataStateTracker(  938): mms: Received state=DISCONNECTED, old=DISCONNECTED, reason=specificDisabled
D/MobileDataStateTracker(  938): cbs: Broadcast received: android.intent.action.ANY_DATA_STATE apnType=cbs
D/MobileDataStateTracker(  938): cbs: Received state=DISCONNECTED, old=DISCONNECTED, reason=specificDisabled
D/MobileDataStateTracker(  938): admin: Broadcast received: android.intent.action.ANY_DATA_STATE apnType=admin
D/MobileDataStateTracker(  938): admin: Received state=DISCONNECTED, old=DISCONNECTED, reason=dataAttached
D/MobileDataStateTracker(  938): fota: Broadcast received: android.intent.action.ANY_DATA_STATE apnType=fota
D/MobileDataStateTracker(  938): fota: Received state=DISCONNECTED, old=DISCONNECTED, reason=dataAttached
D/MobileDataStateTracker(  938): dun: Broadcast received: android.intent.action.ANY_DATA_STATE apnType=dun
D/MobileDataStateTracker(  938): dun: Received state=DISCONNECTED, old=DISCONNECTED, reason=dataAttached
D/MobileDataStateTracker(  938): supl: Broadcast received: android.intent.action.ANY_DATA_STATE apnType=supl
D/MobileDataStateTracker(  938): supl: Received state=DISCONNECTED, old=DISCONNECTED, reason=dataAttached
D/MobileDataStateTracker(  938): hipri: Broadcast received: android.intent.action.ANY_DATA_STATE apnType=hipri
D/MobileDataStateTracker(  938): hipri: Received state=DISCONNECTED, old=DISCONNECTED, reason=dataAttached
D/MobileDataStateTracker(  938): ims: Broadcast received: android.intent.action.ANY_DATA_STATE apnType=ims
D/MobileDataStateTracker(  938): ims: Received state=DISCONNECTED, old=DISCONNECTED, reason=dataAttached
D/MobileDataStateTracker(  938): default: Broadcast received: android.intent.action.ANY_DATA_STATE apnType=default
D/MobileDataStateTracker(  938): default: Received state=DISCONNECTED, old=DISCONNECTED, reason=dataAttached
D/MobileDataStateTracker(  938): mms: Broadcast received: android.intent.action.ANY_DATA_STATE apnType=mms
D/MobileDataStateTracker(  938): mms: Received state=DISCONNECTED, old=DISCONNECTED, reason=dataAttached
D/MobileDataStateTracker(  938): cbs: Broadcast received: android.intent.action.ANY_DATA_STATE apnType=cbs
D/MobileDataStateTracker(  938): cbs: Received state=DISCONNECTED, old=DISCONNECTED, reason=dataAttached
I/ActivityManager(  938): Start proc com.lge.clock for broadcast com.lge.clock/.alarmclock.ALBootInit: pid=7660 uid=10028 gids={50028, 3003, 1028, 4002}
I/Vold    (  252): [LGE][VOLD][NetlinkHandler.cpp][onEvent()] subsys:cpu, action:0
I/Vold    (  252): [LGE][VOLD][NetlinkHandler.cpp][onEvent()] subsys:cpu, action:0
I/ActivityManager(  938): Start proc com.lge.task for broadcast com.lge.task/.widget.TasksWidgetProvider: pid=7679 uid=10079 gids={50079, 3003, 1028, 1015}
I/Vold    (  252): [LGE][VOLD][NetlinkHandler.cpp][onEvent()] subsys:cpu, action:0
I/ActivityManager(  938): Start proc com.android.calendar for broadcast com.android.calendar/.widget.CalendarAppWidgetService$CalendarFactory: pid=7699 uid=10034 gids={50034, 3003, 1028, 1015}
I/Vold    (  252): [LGE][VOLD][NetlinkHandler.cpp][onEvent()] subsys:cpu, action:0
I/ActivityManager(  938): Start proc com.google.android.keep for broadcast com.google.android.keep/.notification.AlertReceiver: pid=7735 uid=10127 gids={50127, 3003, 1028, 1015}
I/ActivityManager(  938): Start proc com.amazon.kindle for broadcast com.amazon.kindle/com.amazon.identity.auth.device.storage.LambortishClock$ChangeTimestampsBroadcastReceiver: pid=7751 uid=10189 gids={50189, 3003, 1028, 1015, 3002}
I/Vold    (  252): [LGE][VOLD][NetlinkHandler.cpp][onEvent()] subsys:cpu, action:0
I/Vold    (  252): [LGE][VOLD][NetlinkHandler.cpp][onEvent()] subsys:cpu, action:0
I/Vold    (  252): [LGE][VOLD][NetlinkHandler.cpp][onEvent()] subsys:cpu, action:0
W/ActivityThread( 7751): ClassLoader.loadClass: The class loader returned by Thread.getContextClassLoader() may fail for processes that host multiple applications. You should explicitly specify a context class loader. For example: Thread.setContextClassLoader(getClass().getClassLoader());
D/WifiService(  938): acquireWifiLockLocked: WifiLock{HTTPMetricsTransport type=3 binder=android.os.BinderProxy@433debb8}
I/Vold    (  252): [LGE][VOLD][NetlinkHandler.cpp][onEvent()] subsys:cpu, action:0
I/Vold    (  252): [LGE][VOLD][NetlinkHandler.cpp][onEvent()] subsys:cpu, action:0
D/WifiService(  938): acquireWifiLockLocked: WifiLock{ReddingWifiLock type=1 binder=android.os.BinderProxy@43666180}
W/BackupManagerService(  938): dataChanged but no participant pkg='com.amazon.kindle' uid=10189
D/WifiService(  938): releaseWifiLockLocked: WifiLock{HTTPMetricsTransport type=3 binder=android.os.BinderProxy@433debb8}
I/ActivityManager(  938): Start proc com.pandora.android for broadcast com.pandora.android/.util.AlarmInitReceiver: pid=7888 uid=10145 gids={50145, 3003, 3002, 3001, 1028, 1015}
D/WifiService(  938): acquireWifiLockLocked: WifiLock{ReddingWifiLock type=1 binder=android.os.BinderProxy@43be7260}
D/WifiService(  938): releaseWifiLockLocked: WifiLock{ReddingWifiLock type=1 binder=android.os.BinderProxy@43666180}
W/BackupManagerService(  938): dataChanged but no participant pkg='com.amazon.kindle' uid=10189
I/Vold    (  252): [LGE][VOLD][NetlinkHandler.cpp][onEvent()] subsys:cpu, action:0
I/Vold    (  252): [LGE][VOLD][NetlinkHandler.cpp][onEvent()] subsys:cpu, action:0
I/Vold    (  252): [LGE][VOLD][NetlinkHandler.cpp][onEvent()] subsys:cpu, action:0
I/Vold    (  252): [LGE][VOLD][NetlinkHandler.cpp][onEvent()] subsys:cpu, action:0
I/ActivityManager(  938): Start proc com.ideashower.readitlater.pro for broadcast com.ideashower.readitlater.pro/com.pocket.sdk.util.TimeHelper: pid=7962 uid=10066 gids={50066, 3003, 1028, 1015}
I/Vold    (  252): [LGE][VOLD][NetlinkHandler.cpp][onEvent()] subsys:cpu, action:0
I/Vold    (  252): [LGE][VOLD][NetlinkHandler.cpp][onEvent()] subsys:cpu, action:0
I/Vold    (  252): [LGE][VOLD][NetlinkHandler.cpp][onEvent()] subsys:cpu, action:0
D/WifiService(  938): releaseWifiLockLocked: WifiLock{ReddingWifiLock type=1 binder=android.os.BinderProxy@43be7260}
I/Vold    (  252): [LGE][VOLD][NetlinkHandler.cpp][onEvent()] subsys:power_supply, action:3
D/WifiController(  938): battery changed pluggedType: 0
I/Vold    (  252): [LGE][VOLD][NetlinkHandler.cpp][onEvent()] subsys:cpu, action:0
I/Vold    (  252): [LGE][VOLD][NetlinkHandler.cpp][onEvent()] subsys:cpu, action:0
I/Vold    (  252): [LGE][VOLD][NetlinkHandler.cpp][onEvent()] subsys:cpu, action:0
I/Vold    (  252): [LGE][VOLD][NetlinkHandler.cpp][onEvent()] subsys:cpu, action:0
I/Vold    (  252): [LGE][VOLD][NetlinkHandler.cpp][onEvent()] subsys:cpu, action:0
I/Vold    (  252): [LGE][VOLD][NetlinkHandler.cpp][onEvent()] subsys:cpu, action:0
I/Vold    (  252): [LGE][VOLD][NetlinkHandler.cpp][onEvent()] subsys:cpu, action:0
I/Vold    (  252): [LGE][VOLD][NetlinkHandler.cpp][onEvent()] subsys:cpu, action:0
I/Vold    (  252): [LGE][VOLD][NetlinkHandler.cpp][onEvent()] subsys:cpu, action:0
D/QcConnectivityService(  938): handleInetConditionHoldEnd: net=1, condition=100, published condition=100
I/Vold    (  252): [LGE][VOLD][NetlinkHandler.cpp][onEvent()] subsys:power_supply, action:3
D/WifiController(  938): battery changed pluggedType: 0
I/Vold    (  252): [LGE][VOLD][NetlinkHandler.cpp][onEvent()] subsys:cpu, action:0
I/Vold    (  252): [LGE][VOLD][NetlinkHandler.cpp][onEvent()] subsys:cpu, action:0
I/Vold    (  252): [LGE][VOLD][NetlinkHandler.cpp][onEvent()] subsys:cpu, action:0
I/Vold    (  252): [LGE][VOLD][NetlinkHandler.cpp][onEvent()] subsys:cpu, action:0
I/Vold    (  252): [LGE][VOLD][NetlinkHandler.cpp][onEvent()] subsys:cpu, action:0
I/Vold    (  252): [LGE][VOLD][NetlinkHandler.cpp][onEvent()] subsys:cpu, action:0
I/Vold    (  252): [LGE][VOLD][NetlinkHandler.cpp][onEvent()] subsys:cpu, action:0
I/Vold    (  252): [LGE][VOLD][NetlinkHandler.cpp][onEvent()] subsys:cpu, action:0
I/Vold    (  252): [LGE][VOLD][NetlinkHandler.cpp][onEvent()] subsys:cpu, action:0
W/ProcessCpuTracker(  938): Skipping unknown process pid 8104
W/ProcessCpuTracker(  938): Skipping unknown process pid 8105
W/ProcessCpuTracker(  938): Skipping unknown process pid 8107
W/ProcessCpuTracker(  938): Skipping unknown process pid 8109
W/ProcessCpuTracker(  938): Skipping unknown process pid 8110
W/ProcessCpuTracker(  938): Skipping unknown process pid 8111
I/Vold    (  252): [LGE][VOLD][NetlinkHandler.cpp][onEvent()] subsys:power_supply, action:3
D/WifiService(  938): acquireWifiLockLocked: WifiLock{NlpWifiLock type=2 binder=android.os.BinderProxy@438ddbb0}
D/WifiService(  938): startScan pid=1400, uid=10007
D/WifiController(  938): battery changed pluggedType: 0
I/Vold    (  252): [LGE][VOLD][NetlinkHandler.cpp][onEvent()] subsys:cpu, action:0
I/Vold    (  252): [LGE][VOLD][NetlinkHandler.cpp][onEvent()] subsys:cpu, action:0
I/Vold    (  252): [LGE][VOLD][NetlinkHandler.cpp][onEvent()] subsys:cpu, action:0
I/Vold    (  252): [LGE][VOLD][NetlinkHandler.cpp][onEvent()] subsys:cpu, action:0
I/Vold    (  252): [LGE][VOLD][NetlinkHandler.cpp][onEvent()] subsys:cpu, action:0
I/Vold    (  252): [LGE][VOLD][NetlinkHandler.cpp][onEvent()] subsys:cpu, action:0
I/Vold    (  252): [LGE][VOLD][NetlinkHandler.cpp][onEvent()] subsys:cpu, action:0
I/Vold    (  252): [LGE][VOLD][NetlinkHandler.cpp][onEvent()] subsys:cpu, action:0
D/WifiService(  938): releaseWifiLockLocked: WifiLock{NlpWifiLock type=2 binder=android.os.BinderProxy@438ddbb0}
I/Vold    (  252): [LGE][VOLD][NetlinkHandler.cpp][onEvent()] subsys:cpu, action:0
I/Vold    (  252): [LGE][VOLD][NetlinkHandler.cpp][onEvent()] subsys:cpu, action:0
I/Vold    (  252): [LGE][VOLD][NetlinkHandler.cpp][onEvent()] subsys:cpu, action:0
I/Vold    (  252): [LGE][VOLD][NetlinkHandler.cpp][onEvent()] subsys:cpu, action:0
I/ActivityManager(  938): Start proc com.google.android.talk for broadcast com.google.android.talk/com.google.android.apps.hangouts.realtimechat.RealTimeChatService$AlarmReceiver: pid=8212 uid=10027 gids={50027, 3003, 1028, 1015, 3002}
I/Vold    (  252): [LGE][VOLD][NetlinkHandler.cpp][onEvent()] subsys:cpu, action:0
I/Vold    (  252): [LGE][VOLD][NetlinkHandler.cpp][onEvent()] subsys:cpu, action:0
I/Vold    (  252): [LGE][VOLD][NetlinkHandler.cpp][onEvent()] subsys:cpu, action:0
I/Vold    (  252): [LGE][VOLD][NetlinkHandler.cpp][onEvent()] subsys:cpu, action:0
W/ContextImpl(  938): Calling a method in the system process without a qualified user: android.app.ContextImpl.sendBroadcast:1212 com.android.internal.policy.impl.PhoneWindowManagerEx.interceptKeyBeforeQueueing:476 com.android.server.wm.InputMonitor.interceptKeyBeforeQueueing:383 com.android.server.input.InputManagerService.interceptKeyBeforeQueueing:1319 dalvik.system.NativeStart.run:-2 
I/WindowManager(  938): interceptKeyTq keycode=26 down=true screenIsOn=false keyguardActive=true policyFlags=2000001 isWakeKey=true
I/PowerManagerService(  938): Waking up from sleep...
D/KnockOnPowerController(  938): [updateScreenState] screen on = true
D/KnockOnPowerController(  938): [setProximitySensorEnabled] enable = false
I/WindowManager(  938): interceptKeyTq keycode=26 down=false screenIsOn=true keyguardActive=true policyFlags=2000001 isWakeKey=true
I/EmotionalLed( 1134): getCurrentHighestLGLedRecord() start. mLedList.size=0
I/EmotionalLed( 1134): updateLightsLocked() start. mLedList.size=0
D/EmotionalLed( 1134): RESTART MSG
I/Vold    (  252): [LGE][VOLD][NetlinkHandler.cpp][onEvent()] subsys:cpu, action:0
I/WindowManager(  938): Lock screen displayed!
I/ActivityManager(  938): Start proc com.lge.pa:voiceActivation for service com.lge.pa/.voiceactivation.VoiceActivationService: pid=8331 uid=10072 gids={50072, 1028, 1015, 3003, 3002, 3001}
I/Vold    (  252): [LGE][VOLD][NetlinkHandler.cpp][onEvent()] subsys:cpu, action:0
V/WindowOrientationListener(  938): Proposed rotation changed! : currentRotation=0, proposedRotation=0, oldProposedRotation=-1, predictedRotation=0, timeDeltaMS=67.13867, isAccelerating=false, isFlat=false, isSwinging=false, timeUntilSettledMS=0.0, timeUntilAccelerationDelayExpiredMS=0.0, timeUntilFlatDelayExpiredMS=0.0, timeUntilSwingDelayExpiredMS=0.0
D/WifiService(  938): acquireWifiLockLocked: WifiLock{NlpWifiLock type=2 binder=android.os.BinderProxy@43c995b8}
D/WifiService(  938): startScan pid=1400, uid=10007
I/Vold    (  252): [LGE][VOLD][NetlinkHandler.cpp][onEvent()] subsys:cpu, action:0
I/Vold    (  252): [LGE][VOLD][NetlinkHandler.cpp][onEvent()] subsys:cpu, action:0
I/ViewRootImpl( 1110): ViewRoot's Touch Event : Touch Down
I/Vold    (  252): [LGE][VOLD][NetlinkHandler.cpp][onEvent()] subsys:cpu, action:0
I/ViewRootImpl( 1110): ViewRoot's Touch Event : Touch UP
I/ViewRootImpl( 1110): ViewRoot's Touch Event : Touch Down
D/VolumeVibrator( 1134): clear
D/VolumeVibrator( 1134): milliseconds : 30
D/VolumeVibrator( 1134): getCurrent::mPatternworking : true
D/VolumeVibrator( 1134): getCurrent::mVolumes.size : 0
D/VolumeVibrator( 1134): getCurrent::mJustVibrate false
D/VolumeVibrator( 1134): mPatternIndex : 1 mCurVibration.mPattern[mPatternIndex] : 30
D/VolumeVibrator( 1134): volume vibration pattern's value: 100
D/VolumeVibrator( 1134): clear
D/VolumeVibrator( 1134): clear
D/VolumeVibrator( 1134): milliseconds : 30
D/VolumeVibrator( 1134): getCurrent::mPatternworking : true
D/VolumeVibrator( 1134): getCurrent::mVolumes.size : 0
D/VolumeVibrator( 1134): getCurrent::mJustVibrate false
D/VolumeVibrator( 1134): mPatternIndex : 1 mCurVibration.mPattern[mPatternIndex] : 30
D/VolumeVibrator( 1134): volume vibration pattern's value: 100
D/VolumeVibrator( 1134): clear
D/VolumeVibrator( 1134): clear
D/VolumeVibrator( 1134): milliseconds : 30
D/VolumeVibrator( 1134): getCurrent::mPatternworking : true
D/VolumeVibrator( 1134): getCurrent::mVolumes.size : 0
D/VolumeVibrator( 1134): getCurrent::mJustVibrate false
D/VolumeVibrator( 1134): mPatternIndex : 1 mCurVibration.mPattern[mPatternIndex] : 30
D/VolumeVibrator( 1134): volume vibration pattern's value: 100
D/VolumeVibrator( 1134): clear
D/VolumeVibrator( 1134): clear
D/VolumeVibrator( 1134): milliseconds : 30
D/VolumeVibrator( 1134): getCurrent::mPatternworking : true
D/VolumeVibrator( 1134): getCurrent::mVolumes.size : 0
D/VolumeVibrator( 1134): getCurrent::mJustVibrate false
D/VolumeVibrator( 1134): mPatternIndex : 1 mCurVibration.mPattern[mPatternIndex] : 30
D/VolumeVibrator( 1134): volume vibration pattern's value: 100
D/VolumeVibrator( 1134): clear
D/VolumeVibrator( 1134): clear
D/VolumeVibrator( 1134): milliseconds : 30
D/VolumeVibrator( 1134): getCurrent::mPatternworking : true
D/VolumeVibrator( 1134): getCurrent::mVolumes.size : 0
D/VolumeVibrator( 1134): getCurrent::mJustVibrate false
D/VolumeVibrator( 1134): mPatternIndex : 1 mCurVibration.mPattern[mPatternIndex] : 30
D/VolumeVibrator( 1134): volume vibration pattern's value: 100
D/VolumeVibrator( 1134): clear
I/ViewRootImpl( 1110): ViewRoot's Touch Event : Touch UP
I/ActivityManager(  938): resumeTopActivitiesLocked(): target Stack:ActivityStack{43898150 stackId=1, 18 tasks}
V/ActivityManager(  938): Moving to RESUMED: ActivityRecord{437804a0 u0 com.google.android.googlequicksearchbox/com.google.android.apps.gsa.legacyui.VelvetActivity t102} (in existing)
D/ActivityManager(  938): resumeTopActivityLocked: Resumed ActivityRecord{437804a0 u0 com.google.android.googlequicksearchbox/com.google.android.apps.gsa.legacyui.VelvetActivity t102}
I/StatusBarManagerService(  938): StatusBar diabled:
I/StatusBarManagerService(  938):   mDisabled=0x400000
I/StatusBarManagerService(  938):   mDisableRecords.size=1
I/StatusBarManagerService(  938):     [0] userId=0 what=0x400000 pkg=WindowManager.LayoutParams token=android.os.Binder@4319bc40
I/Vold    (  252): [LGE][VOLD][NetlinkHandler.cpp][onEvent()] subsys:cpu, action:0
I/Vold    (  252): [LGE][VOLD][NetlinkHandler.cpp][onEvent()] subsys:cpu, action:0
I/ActivityManager(  938): Process com.lge.pa:voiceActivation (pid 8331) has died.
I/ActivityManager(  938): resumeTopActivitiesLocked(): target Stack:ActivityStack{43898150 stackId=1, 18 tasks}
D/ActivityManager(  938): resumeTopActivityLocked: Top activity resumed ActivityRecord{437804a0 u0 com.google.android.googlequicksearchbox/com.google.android.apps.gsa.legacyui.VelvetActivity t102}
W/ActivityManager(  938): Unable to start service Intent { act=com.google.android.gms.trustagent.StateApi.START pkg=com.google.android.gms } U=0: not found
W/ActivityManager(  938): Unbind failed: could not find connection for android.os.BinderProxy@42e902f8
I/InputMethodManagerService(  938): IME STATUS OFF
I/Vold    (  252): [LGE][VOLD][NetlinkHandler.cpp][onEvent()] subsys:cpu, action:0
I/ViewRootImpl( 1110): ViewRoot's Touch Event : Touch Down
D/VolumeVibrator( 1134): clear
D/NotificationService(  938): updateLightListLocked :r=null, action=1
D/EmotionalLed( 1134): updateLightListInternal: action=1 pkg=native.notifications
D/EmotionalLed( 1134): clearLedListLocked:mLedList :[]
W/EmotionalLed( 1134): failed : temp led list size is0
I/ViewRootImpl( 1110): ViewRoot's Touch Event : Touch UP
I/Vold    (  252): [LGE][VOLD][NetlinkHandler.cpp][onEvent()] subsys:cpu, action:0
D/WifiService(  938): releaseWifiLockLocked: WifiLock{NlpWifiLock type=2 binder=android.os.BinderProxy@43c995b8}
W/ActivityManager(  938): Unable to start service Intent { cmp=com.android.chrome/com.google.android.apps.chrome.ChromePrerenderService } U=0: not found
I/Vold    (  252): [LGE][VOLD][NetlinkHandler.cpp][onEvent()] subsys:cpu, action:0
I/ViewRootImpl( 1110): ViewRoot's Touch Event : Touch Down
I/ViewRootImpl( 1110): ViewRoot's Touch Event : Touch UP
I/ActivityManager(  938): START u0 {act=android.settings.SETTINGS flg=0x14000000 cmp=com.lge.settings.easy/.EasySettings} from pid 1110
I/ActivityManager(  938): resumeTopActivitiesLocked(): target Stack:ActivityStack{43898150 stackId=1, 19 tasks}
V/ActivityManager(  938): Moving to PAUSING: ActivityRecord{437804a0 u0 com.google.android.googlequicksearchbox/com.google.android.apps.gsa.legacyui.VelvetActivity t102}
D/ActivityManager(  938): resumeTopActivityLocked: Pausing null
V/ActivityManager(  938): resumeTopActivityLocked: Skip resume: need to start pausing
I/ActivityManager(  938): startService SlideAside
D/ActivityManager(  938): setFocusedStack: mFocusedStack=ActivityStack{43898150 stackId=1, 19 tasks}
D/ActivityManager(  938): allPausedActivitiesComplete: r=ActivityRecord{437804a0 u0 com.google.android.googlequicksearchbox/com.google.android.apps.gsa.legacyui.VelvetActivity t102} state=PAUSING
V/ActivityManager(  938): Moving to PAUSED: ActivityRecord{437804a0 u0 com.google.android.googlequicksearchbox/com.google.android.apps.gsa.legacyui.VelvetActivity t102} (pause complete)
I/ActivityManager(  938): resumeTopActivitiesLocked(): target Stack:ActivityStack{43898150 stackId=1, 19 tasks}
D/ActivityManager(  938): resumeTopActivityLocked: Restarting ActivityRecord{433e3828 u0 com.lge.settings.easy/.EasySettings t122}
W/ContextImpl(  938): Calling a method in the system process without a qualified user: android.app.ContextImpl.sendBroadcast:1226 com.android.server.am.ActivityStack.notifyTaskStart:4115 com.android.server.am.ActivityStack.access$000:95 com.android.server.am.ActivityStack$ActivityStackHandler.handleMessage:347 android.os.Handler.dispatchMessage:102 
I/ActivityManager(  938): Start proc com.lge.settings.easy for activity com.lge.settings.easy/.EasySettings: pid=8425 uid=1000 gids={41000, 1028, 1015, 3002, 3001, 3003, 1002, 3008, 1023, 1004, 2002, 1007, 1009, 1027, 3005, 4002, 5000, 2001, 3009, 1021, 3004, 1000, 1010}
I/Vold    (  252): [LGE][VOLD][NetlinkHandler.cpp][onEvent()] subsys:cpu, action:0
V/ActivityManager(  938): Moving to RESUMED: ActivityRecord{433e3828 u0 com.lge.settings.easy/.EasySettings t122} (starting new instance)
D/WifiService(  938): New client listening to asynchronous messages
E/ActivityThread( 8425): Failed to find provider info for com.lge.ims.provisioning
D/VolumeVibrator( 1134): clear
D/NotificationService(  938): updateLightListLocked :r=null, action=1
D/EmotionalLed( 1134): updateLightListInternal: action=1 pkg=native.notifications
D/EmotionalLed( 1134): clearLedListLocked:mLedList :[]
W/EmotionalLed( 1134): failed : temp led list size is0
I/Vold    (  252): [LGE][VOLD][NetlinkHandler.cpp][onEvent()] subsys:cpu, action:0
W/ContextImpl( 8425): Calling a method in the system process without a qualified user: android.app.ContextImpl.startService:1568 android.content.ContextWrapper.startService:494 com.lge.settings.display.FontServerConnection.connectFontServerService:81 com.lge.settings.display.FontSettingsPreference.connectFontServer:73 com.lge.settings.display.EasyDisplayFragment.onCreate:299 
W/ContextImpl( 8425): Calling a method in the system process without a qualified user: android.app.ContextImpl.bindService:1632 android.content.ContextWrapper.bindService:517 com.lge.settings.display.FontServerConnection.connectFontServerService:83 com.lge.settings.display.FontSettingsPreference.connectFontServer:73 com.lge.settings.display.EasyDisplayFragment.onCreate:299 
I/Vold    (  252): [LGE][VOLD][NetlinkHandler.cpp][onEvent()] subsys:cpu, action:0
W/ActivityManager(  938): getAssistContextExtras failed: timeout retrieving from ActivityRecord{433e3828 u0 com.lge.settings.easy/.EasySettings t122}
