I/Vold    (  252): [LGE][VOLD][NetlinkHandler.cpp][onEvent()] subsys:power_supply, action:3
D/WifiController(  938): battery changed pluggedType: 2
I/ActivityManager(  938): Killing 7962:com.ideashower.readitlater.pro/u0a66 (adj 15): empty #17
I/ActivityManager(  938): resumeTopActivitiesLocked(): target Stack:ActivityStack{43898150 stackId=1, 20 tasks}
D/ActivityManager(  938): resumeTopActivityLocked: Top activity resumed ActivityRecord{4343ba28 u0 com.ionicframework.mercy261368/.MainActivity t125}
I/Vold    (  252): [LGE][VOLD][NetlinkHandler.cpp][onEvent()] subsys:power_supply, action:3
E/BatteryObserver( 1134): usb Uevent not necessary.
I/Vold    (  252): [LGE][VOLD][NetlinkHandler.cpp][onEvent()] subsys:power_supply, action:3
D/WifiController(  938): battery changed pluggedType: 2
D/WifiController(  938): battery changed pluggedType: 2
I/Vold    (  252): [LGE][VOLD][NetlinkHandler.cpp][onEvent()] subsys:cpu, action:0
I/InputMethodManagerService(  938): IME STATUS OFF
I/Vold    (  252): [LGE][VOLD][NetlinkHandler.cpp][onEvent()] subsys:power_supply, action:3
E/BatteryObserver( 1134): usb Uevent not necessary.
I/Vold    (  252): [LGE][VOLD][NetlinkHandler.cpp][onEvent()] subsys:power_supply, action:3
D/WifiController(  938): battery changed pluggedType: 2
I/Vold    (  252): [LGE][VOLD][NetlinkHandler.cpp][onEvent()] subsys:cpu, action:0
I/Vold    (  252): [LGE][VOLD][NetlinkHandler.cpp][onEvent()] subsys:power_supply, action:3
E/BatteryObserver( 1134): usb Uevent not necessary.
I/Vold    (  252): [LGE][VOLD][NetlinkHandler.cpp][onEvent()] subsys:power_supply, action:3
I/Vold    (  252): [LGE][VOLD][NetlinkHandler.cpp][onEvent()] subsys:power_supply, action:3
E/BatteryObserver( 1134): usb Uevent not necessary.
I/Vold    (  252): [LGE][VOLD][NetlinkHandler.cpp][onEvent()] subsys:power_supply, action:3
I/Vold    (  252): [LGE][VOLD][NetlinkHandler.cpp][onEvent()] subsys:cpu, action:0
I/ActivityManager(  938): Killing 7679:com.lge.task/u0a79 (adj 15): empty #17
I/ActivityManager(  938): resumeTopActivitiesLocked(): target Stack:ActivityStack{43898150 stackId=1, 20 tasks}
D/ActivityManager(  938): resumeTopActivityLocked: Top activity resumed ActivityRecord{4343ba28 u0 com.ionicframework.mercy261368/.MainActivity t125}
I/Vold    (  252): [LGE][VOLD][NetlinkHandler.cpp][onEvent()] subsys:cpu, action:0
I/Vold    (  252): [LGE][VOLD][NetlinkHandler.cpp][onEvent()] subsys:cpu, action:0
I/Vold    (  252): [LGE][VOLD][NetlinkHandler.cpp][onEvent()] subsys:cpu, action:0
I/Vold    (  252): [LGE][VOLD][NetlinkHandler.cpp][onEvent()] subsys:cpu, action:0
D/WifiService(  938): acquireWifiLockLocked: WifiLock{NlpWifiLock type=2 binder=android.os.BinderProxy@43739bf8}
D/WifiService(  938): startScan pid=1400, uid=10007
I/Vold    (  252): [LGE][VOLD][NetlinkHandler.cpp][onEvent()] subsys:cpu, action:0
I/Vold    (  252): [LGE][VOLD][NetlinkHandler.cpp][onEvent()] subsys:cpu, action:0
I/Vold    (  252): [LGE][VOLD][NetlinkHandler.cpp][onEvent()] subsys:cpu, action:0
I/Vold    (  252): [LGE][VOLD][NetlinkHandler.cpp][onEvent()] subsys:cpu, action:0
I/Vold    (  252): [LGE][VOLD][NetlinkHandler.cpp][onEvent()] subsys:cpu, action:0
I/Vold    (  252): [LGE][VOLD][NetlinkHandler.cpp][onEvent()] subsys:cpu, action:0
I/PowerManagerService(  938): Going to sleep due to screen timeout...
D/KnockOnPowerController(  938): [updateScreenState] screen on = false
D/KnockOnPowerController(  938): [setProximitySensorEnabled] enable = false
D/KnockOnPowerController(  938): [setProximitySensorEnabled] enable = false
V/ActivityManager(  938): Moving to PAUSING: ActivityRecord{4343ba28 u0 com.ionicframework.mercy261368/.MainActivity t125}
V/ActivityManager(  938): Moving to PAUSED: ActivityRecord{4343ba28 u0 com.ionicframework.mercy261368/.MainActivity t125} (pause complete)
V/ActivityManager(  938): Moving to STOPPING: ActivityRecord{4343ba28 u0 com.ionicframework.mercy261368/.MainActivity t125} (stop requested)
V/ActivityManager(  938): Moving to STOPPED: ActivityRecord{4343ba28 u0 com.ionicframework.mercy261368/.MainActivity t125} (stop complete)
D/WifiController(  938): CMD_SCREEN_OFF 
D/WifiController(  938): shouldWifiStayAwake TRUE
I/EmotionalLed( 1134): getCurrentHighestLGLedRecord() start. mLedList.size=0
I/EmotionalLed( 1134): updateLightsLocked() start. mLedList.size=0
D/EmotionalLed( 1134): RESTART MSG
D/VolumeVibrator( 1134): clear
I/Vold    (  252): [LGE][VOLD][NetlinkHandler.cpp][onEvent()] subsys:cpu, action:0
I/Vold    (  252): [LGE][VOLD][NetlinkHandler.cpp][onEvent()] subsys:cpu, action:0
I/Vold    (  252): [LGE][VOLD][NetlinkHandler.cpp][onEvent()] subsys:cpu, action:0
D/WifiService(  938): acquireWifiLockLocked: WifiLock{NlpWifiLock type=2 binder=android.os.BinderProxy@43c14f00}
D/QcConnectivityService(  938): startUsingNetworkFeature for net 0: enableSUPL, uid=1000
D/QcConnectivityService(  938): restoreTimer = 60000
D/QcConnectivityService(  938): startUsingNetworkFeature reconnecting to 0: enableSUPL
D/QcConnectivityService(  938): startUsingNetworkFeature X: return APN_REQUEST_STARTED
D/MobileDataStateTracker(  938): admin: Broadcast received: ACTION_ANY_DATA_CONNECTION_FAILED ignore, mApnType=admin != received apnType=supl
D/MobileDataStateTracker(  938): hipri: Broadcast received: ACTION_ANY_DATA_CONNECTION_FAILED ignore, mApnType=hipri != received apnType=supl
D/MobileDataStateTracker(  938): cbs: Broadcast received: ACTION_ANY_DATA_CONNECTION_FAILED ignore, mApnType=cbs != received apnType=supl
D/MobileDataStateTracker(  938): ims: Broadcast received: ACTION_ANY_DATA_CONNECTION_FAILED ignore, mApnType=ims != received apnType=supl
D/MobileDataStateTracker(  938): fota: Broadcast received: ACTION_ANY_DATA_CONNECTION_FAILED ignore, mApnType=fota != received apnType=supl
D/MobileDataStateTracker(  938): dun: Broadcast received: ACTION_ANY_DATA_CONNECTION_FAILED ignore, mApnType=dun != received apnType=supl
D/MobileDataStateTracker(  938): supl: dataEnabled
D/MobileDataStateTracker(  938): supl: setDetailed state, old =IDLE and new state=FAILED
D/MobileDataStateTracker(  938): mms: Broadcast received: ACTION_ANY_DATA_CONNECTION_FAILED ignore, mApnType=mms != received apnType=supl
D/MobileDataStateTracker(  938): default: Broadcast received: ACTION_ANY_DATA_CONNECTION_FAILED ignore, mApnType=default != received apnType=supl
E/QcConnectivityService(  938): Attempt to connect to mobile_supl failed (dataEnabled).
D/MobileDataStateTracker(  938): admin: Broadcast received: android.intent.action.ANY_DATA_STATE apnType=admin
D/MobileDataStateTracker(  938): admin: Received state=DISCONNECTED, old=DISCONNECTED, reason=dataEnabled
D/MobileDataStateTracker(  938): default: setPolicyDataEnable(enabled=true)
D/MobileDataStateTracker(  938): default: setPolicyDataEnable(enabled=true)
D/MobileDataStateTracker(  938): fota: Broadcast received: android.intent.action.ANY_DATA_STATE apnType=fota
D/MobileDataStateTracker(  938): fota: Received state=DISCONNECTED, old=DISCONNECTED, reason=dataEnabled
D/MobileDataStateTracker(  938): dun: Broadcast received: android.intent.action.ANY_DATA_STATE apnType=dun
D/MobileDataStateTracker(  938): default: setPolicyDataEnable(enabled=true)
D/MobileDataStateTracker(  938): dun: Received state=DISCONNECTED, old=DISCONNECTED, reason=dataEnabled
D/MobileDataStateTracker(  938): hipri: Broadcast received: android.intent.action.ANY_DATA_STATE apnType=hipri
D/MobileDataStateTracker(  938): hipri: Received state=DISCONNECTED, old=DISCONNECTED, reason=dataEnabled
D/MobileDataStateTracker(  938): ims: Broadcast received: android.intent.action.ANY_DATA_STATE apnType=ims
D/MobileDataStateTracker(  938): ims: Received state=DISCONNECTED, old=DISCONNECTED, reason=dataEnabled
D/MobileDataStateTracker(  938): default: Broadcast received: android.intent.action.ANY_DATA_STATE apnType=default
D/MobileDataStateTracker(  938): default: Received state=DISCONNECTED, old=DISCONNECTED, reason=dataEnabled
D/MobileDataStateTracker(  938): mms: Broadcast received: android.intent.action.ANY_DATA_STATE apnType=mms
D/MobileDataStateTracker(  938): mms: Received state=DISCONNECTED, old=DISCONNECTED, reason=dataEnabled
D/MobileDataStateTracker(  938): cbs: Broadcast received: android.intent.action.ANY_DATA_STATE apnType=cbs
D/MobileDataStateTracker(  938): cbs: Received state=DISCONNECTED, old=DISCONNECTED, reason=dataEnabled
D/QcConnectivityService(  938): stopUsingNetworkFeature: teardown net 0: enableSUPL
D/MobileDataStateTracker(  938): default: setPolicyDataEnable(enabled=true)
I/Vold    (  252): [LGE][VOLD][NetlinkHandler.cpp][onEvent()] subsys:cpu, action:0
I/ActivityManager(  938): Start proc com.google.android.setupwizard for broadcast com.google.android.setupwizard/.MobileConnectivityChangeReceiver: pid=11304 uid=10101 gids={50101, 3003}
I/Vold    (  252): [LGE][VOLD][NetlinkHandler.cpp][onEvent()] subsys:cpu, action:0
I/ActivityManager(  938): Start proc com.lge.drmservice for broadcast com.lge.drmservice/.DrmBroadcastReceiver: pid=11326 uid=10014 gids={50014, 4002, 3003, 1028}
I/ActivityManager(  938): Killing 8987:com.google.android.apps.uploader/u0a93 (adj 15): empty #17
I/ActivityManager(  938): resumeTopActivitiesLocked(): target Stack:ActivityStack{43898150 stackId=1, 20 tasks}
D/ActivityManager(  938): resumeTopActivityLocked: Going to sleep and all paused
I/Vold    (  252): [LGE][VOLD][NetlinkHandler.cpp][onEvent()] subsys:power_supply, action:3
E/BatteryObserver( 1134): usb Uevent not necessary.
D/WifiController(  938): battery changed pluggedType: 2
I/Vold    (  252): [LGE][VOLD][NetlinkHandler.cpp][onEvent()] subsys:power_supply, action:3
I/ActivityManager(  938): Start proc com.lge.lgdmsgcm for broadcast com.lge.lgdmsgcm/.ConnectivityReceiver: pid=11340 uid=1000 gids={41000, 1028, 1015, 3002, 3001, 3003, 1002, 3008, 1023, 1004, 2002, 1007, 1009, 1027, 3005, 4002, 5000, 2001, 3009, 1021, 3004, 1000, 1010}
E/ActivityThread(10821): Failed to find provider info for com.google.android.wearable.settings
W/ContextImpl(11340): Calling a method in the system process without a qualified user: android.app.ContextImpl.startService:1568 android.content.ContextWrapper.startService:494 com.lge.lgdmsgcm.ConnectivityReceiver.onReceive:33 android.app.ActivityThread.handleReceiver:2424 android.app.ActivityThread.access$1700:139 
I/ActivityManager(  938): Start proc com.lge.lgdmsclient for broadcast com.lge.lgdmsclient/.dmclient.receiver.DmDeviceActionReceiver: pid=11363 uid=5000 gids={45000, 3003, 1028, 1015, 4002, 2001}
I/ActivityManager(  938): Killing 9062:com.lge.sync/1000 (adj 15): empty #17
I/ActivityManager(  938): resumeTopActivitiesLocked(): target Stack:ActivityStack{43898150 stackId=1, 20 tasks}
D/ActivityManager(  938): resumeTopActivityLocked: Going to sleep and all paused
I/ActivityManager(  938): Start proc com.lge.wireless_storage for broadcast com.lge.wireless_storage/.NetworkReceiver: pid=11377 uid=10089 gids={50089, 1028, 1015, 3003}
I/ActivityManager(  938): Killing 9101:com.google.android.play.games.ui/u0a158 (adj 15): empty #17
I/ActivityManager(  938): resumeTopActivitiesLocked(): target Stack:ActivityStack{43898150 stackId=1, 20 tasks}
D/ActivityManager(  938): resumeTopActivityLocked: Going to sleep and all paused
D/WifiService(  938): releaseWifiLockLocked: WifiLock{NlpWifiLock type=2 binder=android.os.BinderProxy@43739bf8}
I/Vold    (  252): [LGE][VOLD][NetlinkHandler.cpp][onEvent()] subsys:cpu, action:0
I/ActivityManager(  938): Process com.google.android.apps.docs (pid 11070) has died.
I/ActivityManager(  938): resumeTopActivitiesLocked(): target Stack:ActivityStack{43898150 stackId=1, 20 tasks}
D/ActivityManager(  938): resumeTopActivityLocked: Going to sleep and all paused
D/QcConnectivityService(  938): handleInetConditionHoldEnd: net=1, condition=100, published condition=100
I/Vold    (  252): [LGE][VOLD][NetlinkHandler.cpp][onEvent()] subsys:power_supply, action:3
E/BatteryObserver( 1134): usb Uevent not necessary.
I/ActivityManager(  938): Start proc org.skylight1.neny.android for broadcast org.skylight1.neny.android/.NetworkUpReceiver: pid=11399 uid=10171 gids={50171, 3003}
W/ActivityThread(11363): ClassLoader.loadClass: The class loader returned by Thread.getContextClassLoader() may fail for processes that host multiple applications. You should explicitly specify a context class loader. For example: Thread.setContextClassLoader(getClass().getClassLoader());
I/Vold    (  252): [LGE][VOLD][NetlinkHandler.cpp][onEvent()] subsys:power_supply, action:3
I/Vold    (  252): [LGE][VOLD][NetlinkHandler.cpp][onEvent()] subsys:cpu, action:0
I/ActivityManager(  938): Start proc com.ideashower.readitlater.pro for broadcast com.ideashower.readitlater.pro/com.pocket.sdk.util.service.ConnectionReceiver: pid=11421 uid=10066 gids={50066, 3003, 1028, 1015}
I/Vold    (  252): [LGE][VOLD][NetlinkHandler.cpp][onEvent()] subsys:cpu, action:0
I/ActivityManager(  938): Start proc com.google.android.gms.unstable for service com.google.android.gms/.droidguard.DroidGuardService: pid=11443 uid=10007 gids={50007, 3007, 2001, 3003, 1007, 3006, 1028, 1015, 3002, 3001}
I/ActivityManager(  938): Start proc com.kohls.mcommerce.opal for broadcast com.kohls.mcommerce.opal/com.foresee.mobileReplay.receivers.ConnectivityChangeEventReceiver: pid=11465 uid=10186 gids={50186, 3003, 1028, 1015}
D/WifiService(  938): New client listening to asynchronous messages
I/Vold    (  252): [LGE][VOLD][NetlinkHandler.cpp][onEvent()] subsys:power_supply, action:3
E/BatteryObserver( 1134): usb Uevent not necessary.
I/Vold    (  252): [LGE][VOLD][NetlinkHandler.cpp][onEvent()] subsys:cpu, action:0
I/Vold    (  252): [LGE][VOLD][NetlinkHandler.cpp][onEvent()] subsys:power_supply, action:3
I/ActivityManager(  938): Process com.google.android.apps.fitness (pid 25846) has died.
I/ActivityManager(  938): resumeTopActivitiesLocked(): target Stack:ActivityStack{43898150 stackId=1, 20 tasks}
D/ActivityManager(  938): resumeTopActivityLocked: Going to sleep and all paused
I/Vold    (  252): [LGE][VOLD][NetlinkHandler.cpp][onEvent()] subsys:cpu, action:0
W/ContextImpl(11340): Calling a method in the system process without a qualified user: android.app.ContextImpl.startService:1568 android.content.ContextWrapper.startService:494 com.lge.lgdmsgcm.ConnectivityReceiver.onReceive:33 android.app.ActivityThread.handleReceiver:2424 android.app.ActivityThread.access$1700:139 
I/Vold    (  252): [LGE][VOLD][NetlinkHandler.cpp][onEvent()] subsys:cpu, action:0
D/WifiService(  938): Client connection lost with reason: 4
I/ActivityManager(  938): Process com.kohls.mcommerce.opal (pid 11465) has died.
I/ActivityManager(  938): resumeTopActivitiesLocked(): target Stack:ActivityStack{43898150 stackId=1, 20 tasks}
D/ActivityManager(  938): resumeTopActivityLocked: Going to sleep and all paused
I/ActivityManager(  938): Start proc com.kohls.mcommerce.opal for broadcast com.kohls.mcommerce.opal/com.foresee.mobileReplay.receivers.ConnectivityChangeEventReceiver: pid=11537 uid=10186 gids={50186, 3003, 1028, 1015}
I/Vold    (  252): [LGE][VOLD][NetlinkHandler.cpp][onEvent()] subsys:power_supply, action:3
E/BatteryObserver( 1134): usb Uevent not necessary.
I/Vold    (  252): [LGE][VOLD][NetlinkHandler.cpp][onEvent()] subsys:power_supply, action:3
D/WifiService(  938): New client listening to asynchronous messages
D/AtdConnector( 1215): doExternalRequestCommand=atsrequest qw8AAB4AAAAAAAAAAAAAAAAAAAAAAAAAAAAAAAAAAAAAAAAAAAAAAAAAAAAAAAAAAAAAAAAAAAAAAAAAAAAAAAAAAAAAAAAAAAAAAAAAAAAAAAAAAAAAAAAAAAAAAAAAAAAAAAAAAAAAAAAAAAAAAAAAAAAAAAAAAAAAAAAAAAAAAAAAAAAAAAAAAAAAAAAAAAAAAAAAAAAAAAAAAAAAAAAAAAAAAAAAAAAAAAAAAAAAAAAAAAAAAAAAAAAAAAAAAAAAAAAAAAAAAAAAAAAAAAAAAAAAAAAAAAAAAAAAAAAAAAAAAAAAAAAAAAAAAAAAAAAAAAAAAAAAAAAAAAAAAAAAAAAAAAAA,thread-31
D/AtdConnector( 1215): Thread-28, RSP <- {363:atsrequest qw8AAB4AAAAAAAAAAAAAAAAAAAAAAAAAAAAAAAAAAAAAAAAAAAAAAAAAAAAAAAAAAAAAAAAAAAAAAAAAAAAAAAAAAAAAAAAAAAAAAAAAAAAAAAAAAAAAAAAAAAAAAAAAAAAAAAAAAAAAAAAAAAAAAAAAAAAAAAAAAAAAAAAAAAAAAAAAAAAAAAAAAAAAAAAAAAAAAAAAAAAAAAAAAAAAAAAAAAAAAAAAAAAAAAAAAAAAAAAAAAAAAAAAAAAAAAAAAAAAAAAAAAAAAAAAAAAAAAAAAAAAAAAAAAAAAAAAAAAAAAAAAAAAAAAAAAAAAAAAAAAAAAAAAAAAAAAAAAAAAAAAAAAAAAAA}
D/AtdConnector( 1215): Thread-28, SND -> {atsrequest qw8AAB4AAAAAAAAAAAAAAAAAAAAAAAAAAAAAAAAAAAAAAAAAAAAAAAAAAAAAAAAAAAAAAAAAAAAAAAAAAAAAAAAAAAAAAAAAAAAAAAAAAAAAAAAAAAAAAAAAAAAAAAAAAAAAAAAAAAAAAAAAAAAAAAAAAAAAAAAAAAAAAAAAAAAAAAAAAAAAAAAAAAAAAAAAAAAAAAAAAAAAAAAAAAAAAAAAAAAAAAAAAAAAAAAAAAAAAAAAAAAAAAAAAAAAAAAAAAAAAAAAAAAAAAAAAAAAAAAAAAAAAAAAAAAAAAAAAAAAAAAAAAAAAAAAAAAAAAAAAAAAAAAAAAAAAAAAAAAAAAAAAAAAAAAA}
I/Vold    (  252): [LGE][VOLD][NetlinkHandler.cpp][onEvent()] subsys:power_supply, action:3
E/BatteryObserver( 1134): usb Uevent not necessary.
I/Atd     (  570): service_handler: opcode = 4011
I/Atd     (  570): [DMI] Request id: 123
I/Atd     (  570): [DMI] Request data length : 0
I/Atd     (  570): [DMI] =====> request_to_modem_via_dmi : qcci_qmi_lge_dmi_send_cmd
I/Atd     (  570): [DMI] Response data valid : 1
I/Atd     (  570): [DMI] Response data length : 1
I/Atd     (  570): SLTYPE READ OK
I/Atd     (  570): [DMI] Request id: 152
I/Atd     (  570): [DMI] Request data length : 0
I/Atd     (  570): [DMI] =====> request_to_modem_via_dmi : qcci_qmi_lge_dmi_send_cmd
I/Atd     (  570): [DMI] Response data valid : 1
I/Atd     (  570): [DMI] Response data length : 0
I/Atd     (  570): [DMI] Request id: 125
I/Atd     (  570): [DMI] Request data length : 0
I/Atd     (  570): [DMI] =====> request_to_modem_via_dmi : qcci_qmi_lge_dmi_send_cmd
I/Atd     (  570): [DMI] Response data valid : 1
I/Atd     (  570): [DMI] Response data length : 0
I/Atd     (  570): [DMI] Request id: 154
I/Atd     (  570): [DMI] Request data length : 0
I/Atd     (  570): [DMI] =====> request_to_modem_via_dmi : qcci_qmi_lge_dmi_send_cmd
I/Atd     (  570): [DMI] Response data valid : 1
I/Atd     (  570): [DMI] Response data length : 65
I/Atd     (  570): NTCODE READ OK
I/Atd     (  570): version_info = LGD803AT-00-V20p-302-220-SEP-08-2015+0
I/Atd     (  570): Send result to service
D/AtdConnector( 1215): RCV <- {210 AAAAACYAAABMR0Q4MDNBVC0wMC1WMjBwLTMwMi0yMjAtU0VQLTA4LTIwMTUrMA==}
D/AtdConnector( 1215): Thread-31, ExternalRequest RSP <- {210 AAAAACYAAABMR0Q4MDNBVC0wMC1WMjBwLTMwMi0yMjAtU0VQLTA4LTIwMTUrMA==}
I/Vold    (  252): [LGE][VOLD][NetlinkHandler.cpp][onEvent()] subsys:power_supply, action:3
D/QcConnectivityService(  938): handleInetConditionHoldEnd: net=1, condition=100, published condition=100
I/ActivityManager(  938): Process com.android.vending (pid 9237) has died.
I/ActivityManager(  938): resumeTopActivitiesLocked(): target Stack:ActivityStack{43898150 stackId=1, 20 tasks}
D/ActivityManager(  938): resumeTopActivityLocked: Going to sleep and all paused
E/ActivityThread(10821): Failed to find provider info for com.google.android.wearable.settings
I/Vold    (  252): [LGE][VOLD][NetlinkHandler.cpp][onEvent()] subsys:power_supply, action:3
E/BatteryObserver( 1134): usb Uevent not necessary.
I/Vold    (  252): [LGE][VOLD][NetlinkHandler.cpp][onEvent()] subsys:power_supply, action:3
I/ActivityManager(  938): Killing 10895:com.android.gallery3d/u0a48 (adj 15): empty #17
I/ActivityManager(  938): Killing 7699:com.android.calendar/u0a34 (adj 15): empty #18
I/ActivityManager(  938): resumeTopActivitiesLocked(): target Stack:ActivityStack{43898150 stackId=1, 20 tasks}
D/ActivityManager(  938): resumeTopActivityLocked: Going to sleep and all paused
I/ActivityManager(  938): resumeTopActivitiesLocked(): target Stack:ActivityStack{43898150 stackId=1, 20 tasks}
D/ActivityManager(  938): resumeTopActivityLocked: Going to sleep and all paused
I/Vold    (  252): [LGE][VOLD][NetlinkHandler.cpp][onEvent()] subsys:cpu, action:0
I/Vold    (  252): [LGE][VOLD][NetlinkHandler.cpp][onEvent()] subsys:power_supply, action:3
E/BatteryObserver( 1134): usb Uevent not necessary.
I/Vold    (  252): [LGE][VOLD][NetlinkHandler.cpp][onEvent()] subsys:power_supply, action:3
D/WifiController(  938): battery changed pluggedType: 2
I/Vold    (  252): [LGE][VOLD][NetlinkHandler.cpp][onEvent()] subsys:cpu, action:0
I/Vold    (  252): [LGE][VOLD][NetlinkHandler.cpp][onEvent()] subsys:cpu, action:0
I/Vold    (  252): [LGE][VOLD][NetlinkHandler.cpp][onEvent()] subsys:cpu, action:0
I/StatusBarManagerService(  938): StatusBar diabled:
I/StatusBarManagerService(  938):   mDisabled=0x309e000
I/StatusBarManagerService(  938):   mDisableRecords.size=1
I/StatusBarManagerService(  938):     [0] userId=0 what=0x309e000 pkg=com.android.keyguard token=android.os.BinderProxy@43445810
I/ActivityManager(  938): Process com.android.contacts (pid 6633) has died.
V/ActivityManager(  938): Moving to DESTROYED: ActivityRecord{4359c150 u0 com.android.contacts/.activities.DialtactsActivity t106} (cleaning up)
I/WindowState(  938): WIN DEATH: Window{4370bc40 u0 com.android.contacts/com.android.contacts.activities.DialtactsActivity}
I/ActivityManager(  938): resumeTopActivitiesLocked(): target Stack:ActivityStack{43898150 stackId=1, 20 tasks}
D/ActivityManager(  938): resumeTopActivityLocked: Going to sleep and all paused
I/ActivityManager(  938): Process com.lge.email (pid 10249) has died.
I/ActivityManager(  938): resumeTopActivitiesLocked(): target Stack:ActivityStack{43898150 stackId=1, 20 tasks}
D/ActivityManager(  938): resumeTopActivityLocked: Going to sleep and all paused
I/ActivityManager(  938): Process com.android.chrome:sandboxed_process1 (pid 2256) has died.
W/ActivityManager(  938): Scheduling restart of crashed service com.android.chrome/org.chromium.content.app.SandboxedProcessService1 in 1000ms
I/ActivityManager(  938): resumeTopActivitiesLocked(): target Stack:ActivityStack{43898150 stackId=1, 20 tasks}
D/ActivityManager(  938): resumeTopActivityLocked: Going to sleep and all paused
I/Vold    (  252): [LGE][VOLD][NetlinkHandler.cpp][onEvent()] subsys:cpu, action:0
I/Vold    (  252): [LGE][VOLD][NetlinkHandler.cpp][onEvent()] subsys:cpu, action:0
I/Vold    (  252): [LGE][VOLD][NetlinkHandler.cpp][onEvent()] subsys:cpu, action:0
I/ActivityManager(  938): Start proc com.google.android.talk for broadcast com.google.android.talk/com.google.android.apps.hangouts.phone.PackageReplacedReceiver: pid=11677 uid=10027 gids={50027, 3003, 1028, 1015, 3002}
W/ActivityManager(  938): Permission Denial: Accessing service ComponentInfo{com.google.android.music/com.google.android.music.dial.DialMediaRouteProviderService} from pid=6784, uid=10163 that is not exported from uid 10094
I/Vold    (  252): [LGE][VOLD][NetlinkHandler.cpp][onEvent()] subsys:cpu, action:0
I/Vold    (  252): [LGE][VOLD][NetlinkHandler.cpp][onEvent()] subsys:cpu, action:0
I/Vold    (  252): [LGE][VOLD][NetlinkHandler.cpp][onEvent()] subsys:cpu, action:0
I/PackageManager(  938): Adding preferred activity ComponentInfo{com.android.mms/com.android.mms.ui.ComposeMessageActivity} for user 0 :
D/administrator(  938): Handling package changes for user 0
I/PackageManager(  938): Adding preferred activity ComponentInfo{com.android.mms/com.android.mms.ui.ComposeMessageActivity} for user 0 :
I/Vold    (  252): [LGE][VOLD][NetlinkHandler.cpp][onEvent()] subsys:cpu, action:0
I/Vold    (  252): [LGE][VOLD][NetlinkHandler.cpp][onEvent()] subsys:cpu, action:0
I/PackageManager(  938): Adding preferred activity ComponentInfo{com.android.mms/com.android.mms.ui.ComposeMessageActivity} for user 0 :
I/PackageManager(  938): Adding preferred activity ComponentInfo{com.android.mms/com.android.mms.ui.ComposeMessageActivity} for user 0 :
I/PackageManager(  938): Adding preferred activity ComponentInfo{com.android.mms/com.android.mms.ui.ComposeMessageActivity} for user 0 :
I/PackageManager(  938): Adding preferred activity ComponentInfo{com.android.mms/com.android.mms.ui.ComposeMessageActivity} for user 0 :
I/PackageManager(  938): Adding preferred activity ComponentInfo{com.android.mms/com.android.mms.ui.ComposeMessageActivity} for user 0 :
I/PackageManager(  938): Adding preferred activity ComponentInfo{com.android.mms/com.android.mms.ui.ComposeMessageActivity} for user 0 :
I/Vold    (  252): [LGE][VOLD][NetlinkHandler.cpp][onEvent()] subsys:cpu, action:0
I/Vold    (  252): [LGE][VOLD][NetlinkHandler.cpp][onEvent()] subsys:cpu, action:0
I/ActivityManager(  938): Start proc com.android.gallery3d for broadcast com.android.gallery3d/.app.PackagesMonitor: pid=11743 uid=10048 gids={50048, 3003, 1028, 1015, 1023, 4002}
D/WifiService(  938): acquireWifiLockLocked: WifiLock{NlpWifiLock type=2 binder=android.os.BinderProxy@435d2048}
D/WifiService(  938): startScan pid=1400, uid=10007
I/Vold    (  252): [LGE][VOLD][NetlinkHandler.cpp][onEvent()] subsys:power_supply, action:3
E/BatteryObserver( 1134): usb Uevent not necessary.
I/ActivityManager(  938): Killing 5298:com.google.android.partnersetup/u0a24 (adj 15): empty #17
I/Vold    (  252): [LGE][VOLD][NetlinkHandler.cpp][onEvent()] subsys:power_supply, action:3
D/WifiController(  938): battery changed pluggedType: 2
I/ActivityManager(  938): resumeTopActivitiesLocked(): target Stack:ActivityStack{43898150 stackId=1, 20 tasks}
D/ActivityManager(  938): resumeTopActivityLocked: Going to sleep and all paused
D/WifiController(  938): battery changed pluggedType: 2
I/ActivityManager(  938): Start proc com.android.contacts for broadcast com.android.contacts/.quickcontact.PackageIntentReceiver: pid=11762 uid=10003 gids={50003, 3003, 1028, 1015, 1023, 4002}
I/ActivityManager(  938): Start proc com.android.vending for broadcast com.android.vending/com.google.android.finsky.receivers.PackageMonitorReceiver$RegisteredReceiver: pid=11776 uid=10098 gids={50098, 3003, 1028, 1015}
I/ActivityManager(  938): Killing 11015:com.lge.bnr/1000 (adj 15): empty #17
I/ActivityManager(  938): resumeTopActivitiesLocked(): target Stack:ActivityStack{43898150 stackId=1, 20 tasks}
D/ActivityManager(  938): resumeTopActivityLocked: Going to sleep and all paused
I/Vold    (  252): [LGE][VOLD][NetlinkHandler.cpp][onEvent()] subsys:power_supply, action:3
E/BatteryObserver( 1134): usb Uevent not necessary.
I/Vold    (  252): [LGE][VOLD][NetlinkHandler.cpp][onEvent()] subsys:cpu, action:0
D/WifiController(  938): battery changed pluggedType: 2
I/Vold    (  252): [LGE][VOLD][NetlinkHandler.cpp][onEvent()] subsys:power_supply, action:3
I/Vold    (  252): [LGE][VOLD][NetlinkHandler.cpp][onEvent()] subsys:cpu, action:0
I/Vold    (  252): [LGE][VOLD][NetlinkHandler.cpp][onEvent()] subsys:cpu, action:0
I/ActivityManager(  938): Killing 11053:com.lge.eula/1000 (adj 15): empty #17
I/ActivityManager(  938): resumeTopActivitiesLocked(): target Stack:ActivityStack{43898150 stackId=1, 20 tasks}
D/ActivityManager(  938): resumeTopActivityLocked: Going to sleep and all paused
I/Vold    (  252): [LGE][VOLD][NetlinkHandler.cpp][onEvent()] subsys:cpu, action:0
I/Vold    (  252): [LGE][VOLD][NetlinkHandler.cpp][onEvent()] subsys:power_supply, action:3
E/BatteryObserver( 1134): usb Uevent not necessary.
I/Vold    (  252): [LGE][VOLD][NetlinkHandler.cpp][onEvent()] subsys:power_supply, action:3
I/Vold    (  252): [LGE][VOLD][NetlinkHandler.cpp][onEvent()] subsys:power_supply, action:3
E/BatteryObserver( 1134): usb Uevent not necessary.
I/Vold    (  252): [LGE][VOLD][NetlinkHandler.cpp][onEvent()] subsys:power_supply, action:3
I/Vold    (  252): [LGE][VOLD][NetlinkHandler.cpp][onEvent()] subsys:cpu, action:0
I/Vold    (  252): [LGE][VOLD][NetlinkHandler.cpp][onEvent()] subsys:cpu, action:0
I/Vold    (  252): [LGE][VOLD][NetlinkHandler.cpp][onEvent()] subsys:cpu, action:0
I/Vold    (  252): [LGE][VOLD][NetlinkHandler.cpp][onEvent()] subsys:cpu, action:0
D/WifiService(  938): releaseWifiLockLocked: WifiLock{NlpWifiLock type=2 binder=android.os.BinderProxy@435d2048}
I/Vold    (  252): [LGE][VOLD][NetlinkHandler.cpp][onEvent()] subsys:cpu, action:0
I/Vold    (  252): [LGE][VOLD][NetlinkHandler.cpp][onEvent()] subsys:cpu, action:0
I/Vold    (  252): [LGE][VOLD][NetlinkHandler.cpp][onEvent()] subsys:cpu, action:0
--------- beginning of /dev/log/main
E/LocSvc_eng(  938): V/   18:   85    0.000000    21.000000    267.000000
E/LocSvc_eng(  938):   
E/LocSvc_eng(  938): V/   19:   67    0.000000    9.000000    26.000000
E/LocSvc_eng(  938):   
E/LocSvc_MsgTask(  938): D/MsgTask::loop() 32495 listening ...
E/LocSvc_utils_q(  938): D/msg_q_rcv: Waiting on message
E/LocSvc_utils_ll(  938): D/linked_list_remove: Removing from list
E/LocSvc_utils_q(  938): D/msg_q_rcv: Received message 0x695EE2E8 rv = 0
E/LocSvc_eng(  938): V/flags: 55
E/LocSvc_eng(  938):   source: 2
E/LocSvc_eng(  938):   latitude: 39.078813
E/LocSvc_eng(  938):   longitude: -77.138709
E/LocSvc_eng(  938):   altitude: 103.000000
E/LocSvc_eng(  938):   speed: 0.000000
E/LocSvc_eng(  938):   bearing: 0.000000
E/LocSvc_eng(  938):   accuracy: 15.000000
E/LocSvc_eng(  938):   timestamp: 1464647008000
E/LocSvc_eng(  938):   rawDataSize: 0
E/LocSvc_eng(  938):   rawData: 0x0
E/LocSvc_eng(  938):   Session status: 0
E/LocSvc_eng(  938):  Technology mask: 1
E/LocSvc_afw(  938): V/Entering void local_loc_cb(UlpLocation*, void*) line 944 
E/LocSvc_afw(  938): I/<=== location_cb - from line 946 2
V/GpsLocationProvider(  938): reportLocation lat: 39.0788128 long: -77.13870932 timestamp: 1464647008000
D/GpsLocationProvider(  938): TTFF: 18209
E/LocSvc_afw(  938): V/Exiting void local_loc_cb(UlpLocation*, void*) line 969 None
E/LocSvc_MsgTask(  938): D/MsgTask::loop() 32496 listening ...
E/LocSvc_utils_q(  938): D/msg_q_rcv: Waiting on message
E/LocSvc_utils_ll(  938): D/linked_list_remove: Removing from list
E/LocSvc_utils_q(  938): D/msg_q_rcv: Received message 0x695EE520 rv = 0
E/LocSvc_eng(  938): V/flags: 55
E/LocSvc_eng(  938):   source: 2
E/LocSvc_eng(  938):   latitude: 39.078813
E/LocSvc_eng(  938):   longitude: -77.138709
E/LocSvc_eng(  938):   altitude: 103.000000
E/LocSvc_eng(  938):   speed: 0.000000
E/LocSvc_eng(  938):   bearing: 0.000000
E/LocSvc_eng(  938):   accuracy: 15.000000
E/LocSvc_eng(  938):   timestamp: 1464647008000
E/LocSvc_eng(  938):   rawDataSize: 0
E/LocSvc_eng(  938):   rawData: 0x0
E/LocSvc_eng(  938):   Session status: 0
E/LocSvc_eng(  938):  Technology mask: 1
E/LocSvc_MsgTask(  938): D/MsgTask::loop() 32497 listening ...
E/LocSvc_utils_q(  938): D/msg_q_rcv: Waiting on message
E/LocSvc_utils_ll(  938): D/linked_list_remove: Removing from list
E/LocSvc_utils_q(  938): D/msg_q_rcv: Received message 0x72ED1E88 rv = 0
E/LocSvc_geofencer(  938): I/===> virtual void MsgGeofenceStatusEvent::proc() const line 232 
E/LocSvc_geofencer(  938): V/virtual void MsgGeofenceStatusEvent::proc() const:236] GeofenceAdapter::mClients[client] is 62b31390..
E/LocSvc_MsgTask(  938): D/MsgTask::loop() 32498 listening ...
E/LocSvc_utils_q(  938): D/msg_q_rcv: Waiting on message
E/LocSvc_utils_ll(  938): D/linked_list_remove: Removing from list
E/LocSvc_utils_q(  938): D/msg_q_rcv: Received message 0x788CC4D0 rv = 0
E/LocSvc_geofencer(  938): I/===> virtual void MsgGeofenceStatusEvent::proc() const line 232 
E/LocSvc_geofencer(  938): V/virtual void MsgGeofenceStatusEvent::proc() const:236] GeofenceAdapter::mClients[client] is 66a0b6c0..
E/GeoFenceKeep_jni(  938): W/geofence_add_callback -- EVENT STATUS status=2
E/LocSvc_MsgTask(  938): D/MsgTask::loop() 32499 listening ...
E/LocSvc_utils_q(  938): D/msg_q_rcv: Waiting on message
D/LocationManagerService(  938): incoming location: Location[gps 39.078813,-77.138709 acc=15 et=+2d8h53m8s668ms alt=103.0 vel=0.0 {Bundle[{satellites=4}]}]
D/LocationManagerService(  938): incoming location: Location[gps 39.078813,-77.138709 acc=15 et=+2d8h53m8s668ms alt=103.0 vel=0.0 {Bundle[{satellites=4}]}]
I/Vold    (  252): [LGE][VOLD][NetlinkHandler.cpp][onEvent()] subsys:cpu, action:0
I/Vold    (  252): [LGE][VOLD][NetlinkHandler.cpp][onEvent()] subsys:cpu, action:0
I/Vold    (  252): [LGE][VOLD][NetlinkHandler.cpp][onEvent()] subsys:cpu, action:0
I/Vold    (  252): [LGE][VOLD][NetlinkHandler.cpp][onEvent()] subsys:cpu, action:0
I/Vold    (  252): [LGE][VOLD][NetlinkHandler.cpp][onEvent()] subsys:cpu, action:0
I/Vold    (  252): [LGE][VOLD][NetlinkHandler.cpp][onEvent()] subsys:cpu, action:0
E/LocSvc_api_v02(  938): V/locClientIndCb:1356]: Indication: msg_id=38 buf_len=73 pCallbackData = 0x66b4ef58
E/LocSvc_api_v02(  938): V/locClientGetSizeByEventIndId:2596]: event ind Id 38 size = 201
E/LocSvc_api_v02(  938): V/locClientGetSizeAndTypeByIndId:546]: indId 38 is an event size = 201
E/LocSvc_api_v02(  938): V/isClientRegisteredForEvent:591]: eventId 38 registered mask = 0x000027feff, eventMask = 0x00000004
E/LocSvc_ApiV02(  938): I/<--- void globalEventCb(locClientHandleType, uint32_t, locClientEventIndUnionType, void*) line 81 QMI_LOC_EVENT_NMEA_IND_V02
E/LocSvc_ApiV02(  938): V/void globalEventCb(locClientHandleType, uint32_t, locClientEventIndUnionType, void*):86] client = 0x66b4ef58, event id = 38, client cookie ptr = 0x62b2e3e8
E/LocSvc_ApiV02(  938): D/virtual void LocApiV02::eventCb(locClientHandleType, uint32_t, locClientEventIndUnionType):2339]: event id = 38
E/LocSvc_eng(  938): V/LocEngReportNmea
E/LocSvc_utils_q(  938): D/msg_q_snd: Sending message with handle = 0x69305D68
E/LocSvc_utils_ll(  938): D/linked_list_add: Adding to list data_obj = 0x69305D68
E/LocSvc_utils_q(  938): D/msg_q_snd: Finished Sending message with handle = 0x69305D68
E/LocSvc_LocAdapterBase(  938): D/virtual void loc_core::LocAdapterBase::reportNmea(const char*, int): default implementation invoked
E/LocSvc_LocAdapterBase(  938): D/virtual void loc_core::LocAdapterBase::reportNmea(const char*, int): default implementation invoked
E/LocSvc_eng(  938): V/LocEngReportNmea
E/LocSvc_utils_q(  938): D/msg_q_snd: Sending message with handle = 0x69305DE8
E/LocSvc_utils_ll(  938): D/linked_list_add: Adding to list data_obj = 0x69305DE8
E/LocSvc_utils_q(  938): D/msg_q_snd: Finished Sending message with handle = 0x69305DE8
E/LocSvc_ApiV02(  938): D/void LocApiV02::reportNmea(const qmiLocEventNmeaIndMsgT_v02*):2044]: $GSV
E/LocSvc_utils_ll(  938): D/linked_list_remove: Removing from list
E/LocSvc_utils_q(  938): D/msg_q_rcv: Received message 0x69305D68 rv = 0
E/LocSvc_eng(  938): V/LocEngReportNmea
E/LocSvc_eng(  938): I/<=== nmea_cb line 921 70
E/LocSvc_MsgTask(  938): D/MsgTask::loop() 32500 listening ...
E/LocSvc_utils_q(  938): D/msg_q_rcv: Waiting on message
E/LocSvc_utils_ll(  938): D/linked_list_remove: Removing from list
E/LocSvc_utils_q(  938): D/msg_q_rcv: Received message 0x69305DE8 rv = 0
E/LocSvc_eng(  938): V/LocEngReportNmea
E/LocSvc_eng(  938): I/<=== nmea_cb line 921 70
E/LocSvc_MsgTask(  938): D/MsgTask::loop() 32501 listening ...
E/LocSvc_utils_q(  938): D/msg_q_rcv: Waiting on message
E/LocSvc_api_v02(  938): V/locClientIndCb:1356]: Indication: msg_id=38 buf_len=65 pCallbackData = 0x66b4ef58
E/LocSvc_api_v02(  938): V/locClientGetSizeByEventIndId:2596]: event ind Id 38 size = 201
E/LocSvc_api_v02(  938): V/locClientGetSizeAndTypeByIndId:546]: indId 38 is an event size = 201
E/LocSvc_api_v02(  938): V/isClientRegisteredForEvent:591]: eventId 38 registered mask = 0x000027feff, eventMask = 0x00000004
E/LocSvc_ApiV02(  938): I/<--- void globalEventCb(locClientHandleType, uint32_t, locClientEventIndUnionType, void*) line 81 QMI_LOC_EVENT_NMEA_IND_V02
E/LocSvc_ApiV02(  938): V/void globalEventCb(locClientHandleType, uint32_t, locClientEventIndUnionType, void*):86] client = 0x66b4ef58, event id = 38, client cookie ptr = 0x62b2e3e8
E/LocSvc_ApiV02(  938): D/virtual void LocApiV02::eventCb(locClientHandleType, uint32_t, locClientEventIndUnionType):2339]: event id = 38
E/LocSvc_eng(  938): V/LocEngReportNmea
E/LocSvc_utils_q(  938): D/msg_q_snd: Sending message with handle = 0x69305D68
E/LocSvc_utils_ll(  938): D/linked_list_add: Adding to list data_obj = 0x69305D68
E/LocSvc_utils_q(  938): D/msg_q_snd: Finished Sending message with handle = 0x69305D68
E/LocSvc_LocAdapterBase(  938): D/virtual void loc_core::LocAdapterBase::reportNmea(const char*, int): default implementation invoked
E/LocSvc_LocAdapterBase(  938): D/virtual void loc_core::LocAdapterBase::reportNmea(const char*, int): default implementation invoked
E/LocSvc_eng(  938): V/LocEngReportNmea
E/LocSvc_utils_q(  938): D/msg_q_snd: Sending message with handle = 0x69305DE0
E/LocSvc_utils_ll(  938): D/linked_list_add: Adding to list data_obj = 0x69305DE0
E/LocSvc_utils_q(  938): D/msg_q_snd: Finished Sending message with handle = 0x69305DE0
E/LocSvc_ApiV02(  938): D/void LocApiV02::reportNmea(const qmiLocEventNmeaIndMsgT_v02*):2044]: $GSV
E/LocSvc_api_v02(  938): V/locClientIndCb:1356]: Indication: msg_id=38 buf_len=54 pCallbackData = 0x66b4ef58
E/LocSvc_api_v02(  938): V/locClientGetSizeByEventIndId:2596]: event ind Id 38 size = 201
E/LocSvc_api_v02(  938): V/locClientGetSizeAndTypeByIndId:546]: indId 38 is an event size = 201
E/LocSvc_api_v02(  938): V/isClientRegisteredForEvent:591]: eventId 38 registered mask = 0x000027feff, eventMask = 0x00000004
E/LocSvc_ApiV02(  938): I/<--- void globalEventCb(locClientHandleType, uint32_t, locClientEventIndUnionType, void*) line 81 QMI_LOC_EVENT_NMEA_IND_V02
E/LocSvc_ApiV02(  938): V/void globalEventCb(locClientHandleType, uint32_t, locClientEventIndUnionType, void*):86] client = 0x66b4ef58, event id = 38, client cookie ptr = 0x62b2e3e8
E/LocSvc_ApiV02(  938): D/virtual void LocApiV02::eventCb(locClientHandleType, uint32_t, locClientEventIndUnionType):2339]: event id = 38
E/LocSvc_eng(  938): V/LocEngReportNmea
E/LocSvc_utils_q(  938): D/msg_q_snd: Sending message with handle = 0x69305E58
E/LocSvc_utils_ll(  938): D/linked_list_add: Adding to list data_obj = 0x69305E58
E/LocSvc_utils_q(  938): D/msg_q_snd: Finished Sending message with handle = 0x69305E58
E/LocSvc_LocAdapterBase(  938): D/virtual void loc_core::LocAdapterBase::reportNmea(const char*, int): default implementation invoked
E/LocSvc_LocAdapterBase(  938): D/virtual void loc_core::LocAdapterBase::reportNmea(const char*, int): default implementation invoked
E/LocSvc_eng(  938): V/LocEngReportNmea
E/LocSvc_utils_q(  938): D/msg_q_snd: Sending message with handle = 0x69305E88
E/LocSvc_utils_ll(  938): D/linked_list_add: Adding to list data_obj = 0x69305E88
E/LocSvc_utils_q(  938): D/msg_q_snd: Finished Sending message with handle = 0x69305E88
E/LocSvc_ApiV02(  938): D/void LocApiV02::reportNmea(const qmiLocEventNmeaIndMsgT_v02*):2044]: $GSV
E/LocSvc_api_v02(  938): V/locClientIndCb:1356]: Indication: msg_id=37 buf_len=568 pCallbackData = 0x66b4ef58
E/LocSvc_api_v02(  938): V/locClientGetSizeByEventIndId:2596]: event ind Id 37 size = 2568
E/LocSvc_api_v02(  938): V/locClientGetSizeAndTypeByIndId:546]: indId 37 is an event size = 2568
E/LocSvc_api_v02(  938): V/isClientRegisteredForEvent:591]: eventId 37 registered mask = 0x000027feff, eventMask = 0x00000002
E/LocSvc_api_v02(  938): V/locClientHandleSatReportInd:783]: len = 2568 , altitude assumed = 0, num SV's = 20 validity = 1 
E/LocSvc_api_v02(  938):  
E/LocSvc_api_v02(  938): V/locClientHandleSatReportInd:790]: valid_mask = fb, prn = 3, system = 1, status = 3 
E/LocSvc_api_v02(  938): V/locClientHandleSatReportInd:790]: valid_mask = fb, prn = 11, system = 1, status = 3 
E/LocSvc_api_v02(  938): V/locClientHandleSatReportInd:790]: valid_mask = fb, prn = 19, system = 1, status = 3 
E/LocSvc_api_v02(  938): V/locClientHandleSatReportInd:790]: valid_mask = fb, prn = 22, system = 1, status = 3 
E/LocSvc_api_v02(  938): V/locClientHandleSatReportInd:790]: valid_mask = fb, prn = 1, system = 1, status = 2 
E/LocSvc_api_v02(  938): V/locClientHandleSatReportInd:790]: valid_mask = fb, prn = 2, system = 1, status = 2 
E/LocSvc_api_v02(  938): V/locClientHandleSatReportInd:790]: valid_mask = fb, prn = 6, system = 1, status = 2 
E/LocSvc_api_v02(  938): V/locClientHandleSatReportInd:790]: valid_mask = fb, prn = 17, system = 1, status = 2 
E/LocSvc_api_v02(  938): V/locClientHandleSatReportInd:790]: valid_mask = fb, prn = 24, system = 1, status = 2 
E/LocSvc_api_v02(  938): V/locClientHandleSatReportInd:790]: valid_mask = fb, prn = 28, system = 1, status = 2 
E/LocSvc_api_v02(  938): V/locClientHandleSatReportInd:790]: valid_mask = fb, prn = 30, system = 1, status = 2 
E/LocSvc_api_v02(  938): V/locClientHandleSatReportInd:790]: valid_mask = fb, prn = 10, system = 5, status = 3 
E/LocSvc_api_v02(  938): V/locClientHandleSatReportInd:790]: valid_mask = fb, prn = 19, system = 5, status = 3 
E/LocSvc_api_v02(  938): V/locClientHandleSatReportInd:790]: valid_mask = fb, prn = 4, system = 5, status = 3 
E/LocSvc_api_v02(  938): V/locClientHandleSatReportInd:790]: valid_mask = fb, prn = 9, system = 5, status = 2 
E/LocSvc_api_v02(  938): V/locClientHandleSatReportInd:790]: valid_mask = fb, prn = 11, system = 5, status = 2 
E/LocSvc_api_v02(  938): V/locClientHandleSatReportInd:790]: valid_mask = fb, prn = 5, system = 5, status = 2 
E/LocSvc_api_v02(  938): V/locClientHandleSatReportInd:790]: valid_mask = fb, prn = 20, system = 5, status = 2 
E/LocSvc_api_v02(  938): V/locClientHandleSatReportInd:790]: valid_mask = fb, prn = 21, system = 5, status = 2 
E/LocSvc_api_v02(  938): V/locClientHandleSatReportInd:790]: valid_mask = fb, prn = 3, system = 5, status = 2 
E/LocSvc_ApiV02(  938): I/<--- void globalEventCb(locClientHandleType, uint32_t, locClientEventIndUnionType, void*) line 81 QMI_LOC_EVENT_GNSS_SV_INFO_IND_V02
E/LocSvc_ApiV02(  938): V/void globalEventCb(locClientHandleType, uint32_t, locClientEventIndUnionType, void*):86] client = 0x66b4ef58, event id = 37, client cookie ptr = 0x62b2e3e8
E/LocSvc_ApiV02(  938): D/virtual void LocApiV02::eventCb(locClientHandleType, uint32_t, locClientEventIndUnionType):2339]: event id = 37
E/LocSvc_ApiV02(  938): V/void LocApiV02::reportSv(const qmiLocEventGnssSvInfoIndMsgT_v02*):1876]: num of sv = 20
E/LocSvc_ApiV02(  938): V/void LocApiV02::reportSv(const qmiLocEventGnssSvInfoIndMsgT_v02*):1978]: firing SV callback
E/LocSvc_eng(  938): V/num sv: 20
E/LocSvc_eng(  938):   ephemeris mask: 681903143xn  almanac mask: 28a50427
E/LocSvc_eng(  938):   used in fix mask: 240404
E/LocSvc_eng(  938):       sv: prn         snr       elevation      azimuth
E/LocSvc_eng(  938): V/   0:   3    26.799999    34.000000    85.000000
E/LocSvc_eng(  938):   
E/LocSvc_eng(  938): V/   1:   11    15.600000    8.000000    59.000000
E/LocSvc_eng(  938):   
E/LocSvc_eng(  938): V/   2:   19    16.799999    47.000000    295.000000
E/LocSvc_eng(  938):   
E/LocSvc_eng(  938): V/   3:   22    20.600000    22.000000    57.000000
E/LocSvc_eng(  938):   
E/LocSvc_utils_ll(  938): D/linked_list_remove: Removing from list
E/LocSvc_utils_q(  938): D/msg_q_rcv: Received message 0x69305D68 rv = 0
E/LocSvc_eng(  938): V/LocEngReportNmea
E/LocSvc_eng(  938): I/<=== nmea_cb line 921 62
E/LocSvc_MsgTask(  938): D/MsgTask::loop() 32502 listening ...
E/LocSvc_utils_q(  938): D/msg_q_rcv: Waiting on message
E/LocSvc_utils_ll(  938): D/linked_list_remove: Removing from list
E/LocSvc_utils_q(  938): D/msg_q_rcv: Received message 0x69305DE0 rv = 0
E/LocSvc_eng(  938): V/LocEngReportNmea
E/LocSvc_eng(  938): I/<=== nmea_cb line 921 62
E/LocSvc_MsgTask(  938): D/MsgTask::loop() 32503 listening ...
E/LocSvc_utils_q(  938): D/msg_q_rcv: Waiting on message
E/LocSvc_utils_ll(  938): D/linked_list_remove: Removing from list
E/LocSvc_utils_q(  938): D/msg_q_rcv: Received message 0x69305E58 rv = 0
E/LocSvc_eng(  938): V/LocEngReportNmea
E/LocSvc_eng(  938): I/<=== nmea_cb line 921 51
E/LocSvc_MsgTask(  938): D/MsgTask::loop() 32504 listening ...
E/LocSvc_utils_q(  938): D/msg_q_rcv: Waiting on message
E/LocSvc_utils_ll(  938): D/linked_list_remove: Removing from list
E/LocSvc_utils_q(  938): D/msg_q_rcv: Received message 0x69305E88 rv = 0
E/LocSvc_eng(  938): V/LocEngReportNmea
E/LocSvc_eng(  938): I/<=== nmea_cb line 921 51
E/LocSvc_MsgTask(  938): D/MsgTask::loop() 32505 listening ...
E/LocSvc_utils_q(  938): D/msg_q_rcv: Waiting on message
E/LocSvc_eng(  938): V/   4:   1    0.000000    22.000000    46.000000
E/LocSvc_eng(  938):   
E/LocSvc_eng(  938): V/   5:   2    0.000000    1.000000    226.000000
E/LocSvc_eng(  938):   
E/LocSvc_eng(  938): V/   6:   6    0.000000    42.000000    223.000000
E/LocSvc_eng(  938):   
E/LocSvc_eng(  938): V/   7:   17    0.000000    66.000000    341.000000
E/LocSvc_eng(  938):   
E/LocSvc_eng(  938): V/   8:   24    0.000000    14.000000    310.000000
E/LocSvc_eng(  938):   
E/LocSvc_eng(  938): V/   9:   28    0.000000    69.000000    133.000000
E/LocSvc_eng(  938):   
E/LocSvc_eng(  938): V/   10:   30    0.000000    8.000000    185.000000
E/LocSvc_eng(  938):   
E/LocSvc_eng(  938): V/   11:   74    17.500000    59.000000    271.000000
E/LocSvc_eng(  938):   
E/LocSvc_eng(  938): V/   12:   83    15.600000    33.000000    42.000000
E/LocSvc_eng(  938):   
E/LocSvc_eng(  938): V/   13:   68    21.200001    22.000000    77.000000
E/LocSvc_eng(  938):   
E/LocSvc_eng(  938): V/   14:   73    0.000000    35.000000    191.000000
E/LocSvc_eng(  938):   
E/LocSvc_eng(  938): V/   15:   75    0.000000    21.000000    327.000000
E/LocSvc_eng(  938):   
E/LocSvc_eng(  938): V/   16:   69    0.000000    11.000000    127.000000
E/LocSvc_eng(  938):   
E/LocSvc_eng(  938): V/   17:   84    0.000000    57.000000    319.000000
E/LocSvc_eng(  938):   
E/LocSvc_eng(  938): V/   18:   85    0.000000    21.000000    267.000000
E/LocSvc_eng(  938):   
E/LocSvc_eng(  938): V/   19:   67    0.000000    9.000000    26.000000
E/LocSvc_eng(  938):   
E/LocSvc_utils_q(  938): D/msg_q_snd: Sending message with handle = 0x695EEA30
E/LocSvc_utils_ll(  938): D/linked_list_add: Adding to list data_obj = 0x695EEA30
E/LocSvc_utils_ll(  938): D/linked_list_remove: Removing from list
E/LocSvc_utils_q(  938): D/msg_q_rcv: Received message 0x695EEA30 rv = 0
E/LocSvc_eng(  938): V/num sv: 20
E/LocSvc_eng(  938):   ephemeris mask: 681903143xn  almanac mask: 28a50427
E/LocSvc_eng(  938):   used in fix mask: 240404
E/LocSvc_eng(  938):       sv: prn         snr       elevation      azimuth
E/LocSvc_eng(  938): V/   0:   3    26.799999    34.000000    85.000000
E/LocSvc_eng(  938):   
E/LocSvc_eng(  938): V/   1:   11    15.600000    8.000000    59.000000
E/LocSvc_eng(  938):   
E/LocSvc_eng(  938): V/   2:   19    16.799999    47.000000    295.000000
E/LocSvc_eng(  938):   
E/LocSvc_eng(  938): V/   3:   22    20.600000    22.000000    57.000000
E/LocSvc_eng(  938):   
E/LocSvc_eng(  938): V/   4:   1    0.000000    22.000000    46.000000
E/LocSvc_eng(  938):   
E/LocSvc_eng(  938): V/   5:   2    0.000000    1.000000    226.000000
E/LocSvc_eng(  938):   
E/LocSvc_eng(  938): V/   6:   6    0.000000    42.000000    223.000000
E/LocSvc_eng(  938):   
E/LocSvc_eng(  938): V/   7:   17    0.000000    66.000000    341.000000
E/LocSvc_eng(  938):   
E/LocSvc_eng(  938): V/   8:   24    0.000000    14.000000    310.000000
E/LocSvc_eng(  938):   
E/LocSvc_eng(  938): V/   9:   28    0.000000    69.000000    133.000000
E/LocSvc_eng(  938):   
E/LocSvc_eng(  938): V/   10:   30    0.000000    8.000000    185.000000
E/LocSvc_eng(  938):   
E/LocSvc_eng(  938): V/   11:   74    17.500000    59.000000    271.000000
E/LocSvc_eng(  938):   
E/LocSvc_eng(  938): V/   12:   83    15.600000    33.000000    42.000000
E/LocSvc_eng(  938):   
E/LocSvc_eng(  938): V/   13:   68    21.200001    22.000000    77.000000
E/LocSvc_eng(  938):   
E/LocSvc_eng(  938): V/   14:   73    0.000000    35.000000    191.000000
E/LocSvc_eng(  938):   
E/LocSvc_eng(  938): V/   15:   75    0.000000    21.000000    327.000000
E/LocSvc_eng(  938):   
E/LocSvc_eng(  938): V/   16:   69    0.000000    11.000000    127.000000
E/LocSvc_eng(  938):   
E/LocSvc_eng(  938): V/   17:   84    0.000000    57.000000    319.000000
E/LocSvc_eng(  938):   
E/LocSvc_eng(  938): V/   18:   85    0.000000    21.000000    267.000000
E/LocSvc_eng(  938):   
E/LocSvc_eng(  938): V/   19:   67    0.000000    9.000000    26.000000
E/LocSvc_eng(  938):   
E/LocSvc_afw(  938): V/Entering void local_sv_cb(GpsSvStatus*, void*) line 974 
E/LocSvc_afw(  938): I/<=== sv_status_cb - line 976 20
E/LocSvc_utils_q(  938): D/msg_q_snd: Finished Sending message with handle = 0x695EEA30
E/LocSvc_LocAdapterBase(  938): D/virtual void loc_core::LocAdapterBase::reportSv(GpsSvStatus&, GpsLocationExtended&, void*): default implementation invoked
E/LocSvc_LocAdapterBase(  938): D/virtual void loc_core::LocAdapterBase::reportSv(GpsSvStatus&, GpsLocationExtended&, void*): default implementation invoked
E/LocSvc_eng(  938): V/num sv: 20
E/LocSvc_eng(  938):   ephemeris mask: 681903143xn  almanac mask: 28a50427
E/LocSvc_eng(  938):   used in fix mask: 240404
E/LocSvc_eng(  938):       sv: prn         snr       elevation      azimuth
E/LocSvc_eng(  938): V/   0:   3    26.799999    34.000000    85.000000
E/LocSvc_eng(  938):   
E/LocSvc_eng(  938): V/   1:   11    15.600000    8.000000    59.000000
E/LocSvc_eng(  938):   
E/LocSvc_eng(  938): V/   2:   19    16.799999    47.000000    295.000000
E/LocSvc_eng(  938):   
E/LocSvc_eng(  938): V/   3:   22    20.600000    22.000000    57.000000
E/LocSvc_eng(  938):   
E/LocSvc_eng(  938): V/   4:   1    0.000000    22.000000    46.000000
E/LocSvc_eng(  938):   
E/LocSvc_eng(  938): V/   5:   2    0.000000    1.000000    226.000000
E/LocSvc_eng(  938):   
E/LocSvc_eng(  938): V/   6:   6    0.000000    42.000000    223.000000
E/LocSvc_eng(  938):   
E/LocSvc_eng(  938): V/   7:   17    0.000000    66.000000    341.000000
E/LocSvc_eng(  938):   
E/LocSvc_eng(  938): V/   8:   24    0.000000    14.000000    310.000000
E/LocSvc_eng(  938):   
E/LocSvc_eng(  938): V/   9:   28    0.000000    69.000000    133.000000
E/LocSvc_eng(  938):   
E/LocSvc_eng(  938): V/   10:   30    0.000000    8.000000    185.000000
E/LocSvc_eng(  938):   
E/LocSvc_eng(  938): V/   11:   74    17.500000    59.000000    271.000000
E/LocSvc_eng(  938):   
E/LocSvc_eng(  938): V/   12:   83    15.600000    33.000000    42.000000
E/LocSvc_eng(  938):   
E/LocSvc_eng(  938): V/   13:   68    21.200001    22.000000    77.000000
E/LocSvc_eng(  938):   
