E/LocSvc_eng(  938): V/   8:   24    0.000000    14.000000    310.000000
E/LocSvc_eng(  938):   
E/LocSvc_eng(  938): V/   9:   28    0.000000    69.000000    133.000000
E/LocSvc_eng(  938):   
E/LocSvc_eng(  938): V/   10:   30    0.000000    8.000000    185.000000
E/LocSvc_eng(  938):   
E/LocSvc_eng(  938): V/   11:   74    18.900000    59.000000    271.000000
E/LocSvc_eng(  938):   
E/LocSvc_eng(  938): V/   12:   83    14.600000    33.000000    42.000000
E/LocSvc_eng(  938):   
E/LocSvc_eng(  938): V/   13:   68    19.500000    22.000000    77.000000
E/LocSvc_eng(  938):   
E/LocSvc_eng(  938): V/   14:   73    0.000000    35.000000    191.000000
E/LocSvc_eng(  938):   
E/LocSvc_eng(  938): V/   15:   75    0.000000    21.000000    327.000000
E/LocSvc_eng(  938):   
E/LocSvc_eng(  938): V/   16:   69    0.000000    11.000000    127.000000
E/LocSvc_eng(  938):   
E/LocSvc_eng(  938): V/   17:   84    0.000000    57.000000    319.000000
E/LocSvc_eng(  938):   
E/LocSvc_eng(  938): V/   18:   85    0.000000    21.000000    267.000000
E/LocSvc_eng(  938):   
E/LocSvc_eng(  938): V/   19:   67    0.000000    9.000000    26.000000
E/LocSvc_eng(  938):   
E/LocSvc_MsgTask(  938): D/MsgTask::loop() 32593 listening ...
E/LocSvc_utils_q(  938): D/msg_q_rcv: Waiting on message
E/LocSvc_utils_ll(  938): D/linked_list_remove: Removing from list
E/LocSvc_utils_q(  938): D/msg_q_rcv: Received message 0x68C230F8 rv = 0
E/LocSvc_eng(  938): V/flags: 55
E/LocSvc_eng(  938):   source: 2
E/LocSvc_eng(  938):   latitude: 39.078899
E/LocSvc_eng(  938):   longitude: -77.138649
E/LocSvc_eng(  938):   altitude: 103.000000
E/LocSvc_eng(  938):   speed: 0.000000
E/LocSvc_eng(  938):   bearing: 0.000000
E/LocSvc_eng(  938):   accuracy: 20.000000
E/LocSvc_eng(  938):   timestamp: 1464647011000
E/LocSvc_eng(  938):   rawDataSize: 0
E/LocSvc_eng(  938):   rawData: 0x0
E/LocSvc_eng(  938):   Session status: 0
E/LocSvc_eng(  938):  Technology mask: 1
E/LocSvc_afw(  938): V/Entering void local_loc_cb(UlpLocation*, void*) line 944 
E/LocSvc_afw(  938): I/<=== location_cb - from line 946 2
V/GpsLocationProvider(  938): reportLocation lat: 39.07889886 long: -77.13864929 timestamp: 1464647011000
E/LocSvc_afw(  938): V/Exiting void local_loc_cb(UlpLocation*, void*) line 969 None
E/LocSvc_MsgTask(  938): D/MsgTask::loop() 32594 listening ...
E/LocSvc_utils_q(  938): D/msg_q_rcv: Waiting on message
E/LocSvc_utils_ll(  938): D/linked_list_remove: Removing from list
E/LocSvc_utils_q(  938): D/msg_q_rcv: Received message 0x6B8D0790 rv = 0
E/LocSvc_eng(  938): V/flags: 55
E/LocSvc_eng(  938):   source: 2
E/LocSvc_eng(  938):   latitude: 39.078899
E/LocSvc_eng(  938):   longitude: -77.138649
E/LocSvc_eng(  938):   altitude: 103.000000
E/LocSvc_eng(  938):   speed: 0.000000
E/LocSvc_eng(  938):   bearing: 0.000000
E/LocSvc_eng(  938):   accuracy: 20.000000
E/LocSvc_eng(  938):   timestamp: 1464647011000
E/LocSvc_eng(  938):   rawDataSize: 0
E/LocSvc_eng(  938):   rawData: 0x0
E/LocSvc_eng(  938):   Session status: 0
E/LocSvc_eng(  938):  Technology mask: 1
E/LocSvc_MsgTask(  938): D/MsgTask::loop() 32595 listening ...
E/LocSvc_utils_q(  938): D/msg_q_rcv: Waiting on message
D/LocationManagerService(  938): incoming location: Location[gps 39.078899,-77.138649 acc=20 et=+2d8h53m11s679ms alt=103.0 vel=0.0 {Bundle[{satellites=4}]}]
I/LocationManagerService(  938): remove 4368e890
D/LocationManagerService(  938): provider request: gps ProviderRequest[OFF]
D/LgeGpsLocationProvider(  938): enableLocationTracking - mPositionMode = 1
D/LocationManagerService(  938): request 43864e50 passive Request[POWER_NONE passive fastest=0] from com.google.android.gms(10007)
D/LocationManagerService(  938): provider request: passive ProviderRequest[ON interval=0]
D/WifiService(  938): releaseWifiLockLocked: WifiLock{NlpWifiLock type=2 binder=android.os.BinderProxy@43c14f00}
D/LocationManagerService(  938): incoming location: Location[gps 39.078899,-77.138649 acc=20 et=+2d8h53m11s679ms alt=103.0 vel=0.0 {Bundle[{satellites=4}]}]
D/LocationFilter( 1400): Forcing stable location. Original location:Location[fused 39.078899,-77.138649 acc=20 et=+2d8h53m11s679ms alt=103.0 vel=0.0 {Bundle[{noGPSLocation=Location[fused 39.078967,-77.138854 acc=22 et=+2d8h53m6s624ms {Bundle[mParcelledData.dataSize=324]}], locationType=1}]}] because SMD didn't trigger.
D/GpsLocationProvider(  938): setRequest ProviderRequest[OFF]
D/GpsLocationProvider(  938): stopNavigating
E/LocSvc_afw(  938): V/Entering int loc_stop() line 375 
E/LocSvc_eng(  938): I/===> int loc_eng_stop(loc_eng_data_s_type&) line 1770 
E/LocSvc_eng(  938): V/LocEngStopFix
E/LocSvc_utils_q(  938): D/msg_q_snd: Sending message with handle = 0x7A6336E0
E/LocSvc_utils_ll(  938): D/linked_list_add: Adding to list data_obj = 0x7A6336E0
E/LocSvc_utils_ll(  938): D/linked_list_remove: Removing from list
E/LocSvc_utils_q(  938): D/msg_q_rcv: Received message 0x7A6336E0 rv = 0
E/LocSvc_eng(  938): V/LocEngStopFix
E/LocSvc_eng(  938): V/Entering int loc_eng_stop_handler(loc_eng_data_s_type&) line 1784 
E/LocSvc_ApiV02(  938): D/ virtual loc_api_adapter_err LocApiV02::stopFix():375]: stop called 
E/LocSvc_api_v02(  938): V/validateRequest:1552]: reqId = 35
E/LocSvc_api_v02(  938): V/validateRequest:1915]: reqId=35, len = 1
E/LocSvc_api_v02(  938): V/locClientSendReq:2396] sending reqId= 35, len = 1
E/LocSvc_api_v02(  938): I/---> locClientSendReq line 2402 QMI_LOC_STOP_REQ_V02
E/LocSvc_utils_q(  938): D/msg_q_snd: Finished Sending message with handle = 0x7A6336E0
E/LocSvc_eng(  938): V/Exiting int loc_eng_stop(loc_eng_data_s_type&) line 1778 0
E/LocSvc_afw(  938): V/Exiting int loc_stop() line 379 0
E/LocSvc_api_v02(  938): V/locClientSendReq:2413] qmi_client_send_msg_sync returned 0
E/LocSvc_api_v02(  938): V/convertQmiResponseToLocStatus:681]: result = 0, error = 818, status = 0
E/LocSvc_eng(  938): V/Entering void loc_inform_gps_status(loc_eng_data_s_type&, GpsStatusValue) line 2009 
E/LocSvc_eng(  938): I/<=== status_cb line 2015 GPS_STATUS_SESSION_END
V/GpsLocationProvider(  938): reportStatus status: 2
E/LocSvc_api_v02(  938): V/locClientIndCb:1356]: Indication: msg_id=36 buf_len=18 pCallbackData = 0x66b4ef58
E/LocSvc_api_v02(  938): V/locClientGetSizeByEventIndId:2596]: event ind Id 36 size = 416
E/LocSvc_api_v02(  938): V/locClientGetSizeAndTypeByIndId:546]: indId 36 is an event size = 416
E/LocSvc_api_v02(  938): V/isClientRegisteredForEvent:591]: eventId 36 registered mask = 0x000027feff, eventMask = 0x00000001
E/LocSvc_api_v02(  938): V/locClientHandlePosReportInd:754]: len = 416 lat = 0.000000, lon = 0.000000, alt = 0.000000
E/LocSvc_ApiV02(  938): I/<--- void globalEventCb(locClientHandleType, uint32_t, locClientEventIndUnionType, void*) line 81 QMI_LOC_EVENT_POSITION_REPORT_IND_V02
E/LocSvc_ApiV02(  938): V/void globalEventCb(locClientHandleType, uint32_t, locClientEventIndUnionType, void*):86] client = 0x66b4ef58, event id = 36, client cookie ptr = 0x62b2e3e8
E/LocSvc_ApiV02(  938): D/virtual void LocApiV02::eventCb(locClientHandleType, uint32_t, locClientEventIndUnionType):2339]: event id = 36
E/LocSvc_ApiV02(  938): D/Reporting postion from V2 Adapter
E/LocSvc_eng(  938): V/flags: 0
E/LocSvc_eng(  938):   source: 0
E/LocSvc_eng(  938):   latitude: 0.000000
E/LocSvc_eng(  938):   longitude: 0.000000
E/LocSvc_eng(  938):   altitude: 0.000000
E/LocSvc_eng(  938):   speed: 0.000000
E/LocSvc_eng(  938):   bearing: 0.000000
E/LocSvc_eng(  938):   accuracy: 0.000000
E/LocSvc_eng(  938):   timestamp: 0
E/LocSvc_eng(  938):   rawDataSize: 0
E/LocSvc_eng(  938):   rawData: 0x0
E/LocSvc_eng(  938):   Session status: 2
E/LocSvc_eng(  938):  Technology mask: 0
E/LocSvc_utils_q(  938): D/msg_q_snd: Sending message with handle = 0x6BF08088
E/LocSvc_utils_ll(  938): D/linked_list_add: Adding to list data_obj = 0x6BF08088
E/LocSvc_utils_q(  938): D/msg_q_snd: Finished Sending message with handle = 0x6BF08088
E/LocSvc_LocAdapterBase(  938): D/virtual void loc_core::LocAdapterBase::reportPosition(UlpLocation&, GpsLocationExtended&, void*, loc_sess_status, LocPosTechMask): default implementation invoked
E/LocSvc_LocAdapterBase(  938): D/virtual void loc_core::LocAdapterBase::reportPosition(UlpLocation&, GpsLocationExtended&, void*, loc_sess_status, LocPosTechMask): default implementation invoked
E/LocSvc_eng(  938): V/flags: 0
E/LocSvc_eng(  938):   source: 0
E/LocSvc_eng(  938):   latitude: 0.000000
E/LocSvc_eng(  938):   longitude: 0.000000
E/LocSvc_eng(  938):   altitude: 0.000000
E/LocSvc_eng(  938):   speed: 0.000000
E/LocSvc_eng(  938):   bearing: 0.000000
E/LocSvc_eng(  938):   accuracy: 0.000000
E/LocSvc_eng(  938):   timestamp: 0
E/LocSvc_eng(  938):   rawDataSize: 0
E/LocSvc_eng(  938):   rawData: 0x0
E/LocSvc_eng(  938):   Session status: 2
E/LocSvc_eng(  938):  Technology mask: 0
E/LocSvc_utils_q(  938): D/msg_q_snd: Sending message with handle = 0x6786CB58
E/LocSvc_utils_ll(  938): D/linked_list_add: Adding to list data_obj = 0x6786CB58
E/LocSvc_utils_q(  938): D/msg_q_snd: Finished Sending message with handle = 0x6786CB58
E/LocSvc_ApiV02(  938): D/void LocApiV02::reportPosition(const qmiLocEventPositionReportIndMsgT_v02*):1861]: Ignoring position report with sess status = 2, fix id = 18
E/LocSvc_eng(  938): V/Exiting void loc_inform_gps_status(loc_eng_data_s_type&, GpsStatusValue) line 2019 None
E/LocSvc_eng(  938): V/Exiting int loc_eng_stop_handler(loc_eng_data_s_type&) line 1798 0
E/LocSvc_MsgTask(  938): D/MsgTask::loop() 32596 listening ...
E/LocSvc_utils_q(  938): D/msg_q_rcv: Waiting on message
E/LocSvc_utils_ll(  938): D/linked_list_remove: Removing from list
E/LocSvc_utils_q(  938): D/msg_q_rcv: Received message 0x6BF08088 rv = 0
E/LocSvc_eng(  938): V/flags: 0
E/LocSvc_eng(  938):   source: 0
E/LocSvc_eng(  938):   latitude: 0.000000
E/LocSvc_eng(  938):   longitude: 0.000000
E/LocSvc_eng(  938):   altitude: 0.000000
E/LocSvc_eng(  938):   speed: 0.000000
E/LocSvc_eng(  938):   bearing: 0.000000
E/LocSvc_eng(  938):   accuracy: 0.000000
E/LocSvc_eng(  938):   timestamp: 0
E/LocSvc_eng(  938):   rawDataSize: 0
E/LocSvc_eng(  938):   rawData: 0x0
E/LocSvc_eng(  938):   Session status: 2
E/LocSvc_eng(  938):  Technology mask: 0
E/LocSvc_afw(  938): V/Entering void local_loc_cb(UlpLocation*, void*) line 944 
E/LocSvc_afw(  938): V/Exiting void local_loc_cb(UlpLocation*, void*) line 969 None
E/LocSvc_MsgTask(  938): D/MsgTask::loop() 32597 listening ...
E/LocSvc_utils_q(  938): D/msg_q_rcv: Waiting on message
E/LocSvc_utils_ll(  938): D/linked_list_remove: Removing from list
E/LocSvc_utils_q(  938): D/msg_q_rcv: Received message 0x6786CB58 rv = 0
E/LocSvc_eng(  938): V/flags: 0
E/LocSvc_eng(  938):   source: 0
E/LocSvc_eng(  938):   latitude: 0.000000
E/LocSvc_eng(  938):   longitude: 0.000000
E/LocSvc_eng(  938):   altitude: 0.000000
E/LocSvc_eng(  938):   speed: 0.000000
E/LocSvc_eng(  938):   bearing: 0.000000
E/LocSvc_eng(  938):   accuracy: 0.000000
E/LocSvc_eng(  938):   timestamp: 0
E/LocSvc_eng(  938):   rawDataSize: 0
E/LocSvc_eng(  938):   rawData: 0x0
E/LocSvc_eng(  938):   Session status: 2
E/LocSvc_eng(  938):  Technology mask: 0
E/LocSvc_MsgTask(  938): D/MsgTask::loop() 32598 listening ...
E/LocSvc_utils_q(  938): D/msg_q_rcv: Waiting on message
I/Vold    (  252): [LGE][VOLD][NetlinkHandler.cpp][onEvent()] subsys:cpu, action:0
I/Vold    (  252): [LGE][VOLD][NetlinkHandler.cpp][onEvent()] subsys:cpu, action:0
I/Vold    (  252): [LGE][VOLD][NetlinkHandler.cpp][onEvent()] subsys:cpu, action:0
I/LgeGpsLocationProvider(  938): Intent - android.location.GPS_ENABLED_CHANGE
D/LgeGpsLocationProvider(  938): GPS_ENABLED_CHANGE_ACTION! , mNavigating =false
E/LocSvc_api_v02(  938): V/locClientIndCb:1356]: Indication: msg_id=43 buf_len=7 pCallbackData = 0x66b4ef58
E/LocSvc_api_v02(  938): V/locClientGetSizeByEventIndId:2596]: event ind Id 43 size = 4
E/LocSvc_api_v02(  938): V/locClientGetSizeAndTypeByIndId:546]: indId 43 is an event size = 4
E/LocSvc_api_v02(  938): V/isClientRegisteredForEvent:591]: eventId 43 registered mask = 0x000027feff, eventMask = 0x00000080
E/LocSvc_ApiV02(  938): I/<--- void globalEventCb(locClientHandleType, uint32_t, locClientEventIndUnionType, void*) line 81 QMI_LOC_EVENT_ENGINE_STATE_IND_V02
E/LocSvc_ApiV02(  938): V/void globalEventCb(locClientHandleType, uint32_t, locClientEventIndUnionType, void*):86] client = 0x66b4ef58, event id = 43, client cookie ptr = 0x62b2e3e8
E/LocSvc_ApiV02(  938): D/virtual void LocApiV02::eventCb(locClientHandleType, uint32_t, locClientEventIndUnionType):2339]: event id = 43
E/LocSvc_ApiV02(  938): V/void LocApiV02::reportEngineState(const qmiLocEventEngineStateIndMsgT_v02*):1992]: state = 2
E/LocSvc_eng(  938): V/LocEngReportStatus
E/LocSvc_utils_q(  938): D/msg_q_snd: Sending message with handle = 0x72ED4430
E/LocSvc_utils_ll(  938): D/linked_list_add: Adding to list data_obj = 0x72ED4430
E/LocSvc_utils_q(  938): D/msg_q_snd: Finished Sending message with handle = 0x72ED4430
E/LocSvc_LocAdapterBase(  938): D/virtual void loc_core::LocAdapterBase::reportStatus(GpsStatusValue): default implementation invoked
E/LocSvc_LocAdapterBase(  938): D/virtual void loc_core::LocAdapterBase::reportStatus(GpsStatusValue): default implementation invoked
E/LocSvc_eng(  938): V/LocEngReportStatus
E/LocSvc_utils_ll(  938): D/linked_list_remove: Removing from list
E/LocSvc_utils_q(  938): D/msg_q_snd: Sending message with handle = 0x6B925430
E/LocSvc_utils_ll(  938): D/linked_list_add: Adding to list data_obj = 0x6B925430
E/LocSvc_utils_q(  938): D/msg_q_rcv: Received message 0x72ED4430 rv = 0
E/LocSvc_utils_q(  938): D/msg_q_snd: Finished Sending message with handle = 0x6B925430
E/LocSvc_eng(  938): V/LocEngReportStatus
E/LocSvc_eng(  938): V/LocEngReportStatus
E/LocSvc_utils_q(  938): D/msg_q_snd: Sending message with handle = 0x62B21EF8
E/LocSvc_eng(  938): V/Entering void loc_eng_report_status(loc_eng_data_s_type&, GpsStatusValue) line 2519 
E/LocSvc_utils_ll(  938): D/linked_list_add: Adding to list data_obj = 0x62B21EF8
E/LocSvc_utils_q(  938): D/msg_q_snd: Finished Sending message with handle = 0x62B21EF8
E/LocSvc_eng(  938): V/Entering void loc_inform_gps_status(loc_eng_data_s_type&, GpsStatusValue) line 2009 
E/LocSvc_LocAdapterBase(  938): D/virtual void loc_core::LocAdapterBase::reportStatus(GpsStatusValue): default implementation invoked
E/LocSvc_eng(  938): I/<=== status_cb line 2015 GPS_STATUS_SESSION_END
E/LocSvc_LocAdapterBase(  938): D/virtual void loc_core::LocAdapterBase::reportStatus(GpsStatusValue): default implementation invoked
E/LocSvc_eng(  938): V/LocEngReportStatus
E/LocSvc_utils_q(  938): D/msg_q_snd: Sending message with handle = 0x7A7EC788
E/LocSvc_utils_ll(  938): D/linked_list_add: Adding to list data_obj = 0x7A7EC788
E/LocSvc_utils_q(  938): D/msg_q_snd: Finished Sending message with handle = 0x7A7EC788
V/GpsLocationProvider(  938): reportStatus status: 2
E/LocSvc_eng(  938): V/Exiting void loc_inform_gps_status(loc_eng_data_s_type&, GpsStatusValue) line 2019 None
E/LocSvc_eng(  938): V/Exiting void loc_eng_report_status(loc_eng_data_s_type&, GpsStatusValue) line 2565 None
E/LocSvc_MsgTask(  938): D/MsgTask::loop() 32599 listening ...
E/LocSvc_utils_q(  938): D/msg_q_rcv: Waiting on message
E/LocSvc_utils_ll(  938): D/linked_list_remove: Removing from list
E/LocSvc_utils_q(  938): D/msg_q_rcv: Received message 0x6B925430 rv = 0
E/LocSvc_eng(  938): V/LocEngReportStatus
E/LocSvc_eng(  938): V/Entering void loc_eng_report_status(loc_eng_data_s_type&, GpsStatusValue) line 2519 
E/LocSvc_eng(  938): V/Entering void loc_inform_gps_status(loc_eng_data_s_type&, GpsStatusValue) line 2009 
E/LocSvc_eng(  938): V/Exiting void loc_inform_gps_status(loc_eng_data_s_type&, GpsStatusValue) line 2019 None
E/LocSvc_eng(  938): V/Exiting void loc_eng_report_status(loc_eng_data_s_type&, GpsStatusValue) line 2565 None
E/LocSvc_MsgTask(  938): D/MsgTask::loop() 32600 listening ...
E/LocSvc_utils_q(  938): D/msg_q_rcv: Waiting on message
E/LocSvc_utils_ll(  938): D/linked_list_remove: Removing from list
E/LocSvc_utils_q(  938): D/msg_q_rcv: Received message 0x62B21EF8 rv = 0
E/LocSvc_eng(  938): V/LocEngReportStatus
E/LocSvc_eng(  938): V/Entering void loc_eng_report_status(loc_eng_data_s_type&, GpsStatusValue) line 2519 
E/LocSvc_eng(  938): V/Entering void loc_inform_gps_status(loc_eng_data_s_type&, GpsStatusValue) line 2009 
E/LocSvc_eng(  938): I/<=== status_cb line 2015 GPS_STATUS_ENGINE_OFF
V/GpsLocationProvider(  938): reportStatus status: 4
E/LocSvc_eng(  938): V/Exiting void loc_inform_gps_status(loc_eng_data_s_type&, GpsStatusValue) line 2019 None
E/LocSvc_eng(  938): V/Exiting void loc_eng_report_status(loc_eng_data_s_type&, GpsStatusValue) line 2565 None
E/LocSvc_MsgTask(  938): D/MsgTask::loop() 32601 listening ...
E/LocSvc_utils_q(  938): D/msg_q_rcv: Waiting on message
E/LocSvc_utils_ll(  938): D/linked_list_remove: Removing from list
E/LocSvc_utils_q(  938): D/msg_q_rcv: Received message 0x7A7EC788 rv = 0
E/LocSvc_eng(  938): V/LocEngReportStatus
E/LocSvc_eng(  938): V/Entering void loc_eng_report_status(loc_eng_data_s_type&, GpsStatusValue) line 2519 
E/LocSvc_eng(  938): V/Entering void loc_inform_gps_status(loc_eng_data_s_type&, GpsStatusValue) line 2009 
E/LocSvc_eng(  938): V/Exiting void loc_inform_gps_status(loc_eng_data_s_type&, GpsStatusValue) line 2019 None
E/LocSvc_eng(  938): V/Exiting void loc_eng_report_status(loc_eng_data_s_type&, GpsStatusValue) line 2565 None
E/LocSvc_MsgTask(  938): D/MsgTask::loop() 32602 listening ...
E/LocSvc_utils_q(  938): D/msg_q_rcv: Waiting on message
I/Vold    (  252): [LGE][VOLD][NetlinkHandler.cpp][onEvent()] subsys:cpu, action:0
I/Vold    (  252): [LGE][VOLD][NetlinkHandler.cpp][onEvent()] subsys:cpu, action:0
I/Vold    (  252): [LGE][VOLD][NetlinkHandler.cpp][onEvent()] subsys:cpu, action:0
D/wpa_supplicant(  433): nl80211: Event message available
D/wpa_supplicant(  433): nl80211: Drv Event 34 (NL80211_CMD_NEW_SCAN_RESULTS) received for wlan0
D/wpa_supplicant(  433): wlan0: nl80211: New scan results available
D/wpa_supplicant(  433): wlan0: Event SCAN_RESULTS (3) received
D/wpa_supplicant(  433): nl80211: Associated on 2412 MHz
D/wpa_supplicant(  433): nl80211: Associated with c8:a7:0a:c1:84:a4
D/wpa_supplicant(  433): nl80211: Received scan results (33 BSSes)
D/wpa_supplicant(  433): nl80211: Survey data missing
D/wpa_supplicant(  433): nl80211: Scan results indicate BSS status with c8:a7:0a:c1:84:a4 as associated
D/wpa_supplicant(  433): wlan0: BSS: Start scan result update 839
D/wpa_supplicant(  433): wlan0: BSS: Add new id 16653 BSSID 5e:8f:e0:d9:d6:30 SSID ''
D/wpa_supplicant(  433): wlan0: BSS: Add new id 16654 BSSID 3e:7a:8a:17:85:30 SSID ''
D/wpa_supplicant(  433): wlan0: BSS: Add new id 16655 BSSID 48:5d:36:2d:98:36 SSID 'Mickey Mouse Club House'
D/wpa_supplicant(  433): wlan0: BSS: Add new id 16656 BSSID 60:02:92:c6:c6:72 SSID 'xfinitywifi'
D/wpa_supplicant(  433): wlan0: BSS: Remove id 16638 BSSID 70:f1:96:1a:67:a6 SSID 'nsavan' due to no match in scan
D/wpa_supplicant(  433): wlan0: BSS: Remove id 16648 BSSID 60:02:92:c6:c6:71 SSID '' due to no match in scan
D/wpa_supplicant(  433): wlan0: BSS: Remove id 16642 BSSID 4a:5d:36:2d:98:37 SSID '\x00\x00\x00\x00\x00\x00\x00\x00\x00\x00\x00\x00\x00' due to no match in scan
D/wpa_supplicant(  433): BSS: last_scan_res_used=33/128 last_scan_full=0
D/wpa_supplicant(  433): wlan0: Scan-only results received
D/wpa_supplicant(  433): wlan0: P2P: Station mode scan operation not pending anymore (sta_scan_pending=0 p2p_cb_on_scan_complete=0)
D/wpa_supplicant(  433): RTM_NEWLINK: operstate=1 ifi_flags=0x11043 ([UP][RUNNING][LOWER_UP])
D/wpa_supplicant(  433): RTM_NEWLINK, IFLA_IFNAME: Interface 'wlan0' added
D/wpa_supplicant(  433): nl80211: if_removed already cleared - ignore event
D/WifiMonitor(  938): Event [IFNAME=wlan0 CTRL-EVENT-BSS-ADDED 16653 5e:8f:e0:d9:d6:30]
D/WifiMonitor(  938): Event [IFNAME=wlan0 CTRL-EVENT-BSS-ADDED 16654 3e:7a:8a:17:85:30]
D/WifiMonitor(  938): Event [IFNAME=wlan0 CTRL-EVENT-BSS-ADDED 16655 48:5d:36:2d:98:36]
D/WifiMonitor(  938): Event [IFNAME=wlan0 CTRL-EVENT-BSS-ADDED 16656 60:02:92:c6:c6:72]
D/WifiMonitor(  938): Event [IFNAME=wlan0 CTRL-EVENT-BSS-REMOVED 16638 70:f1:96:1a:67:a6]
D/WifiMonitor(  938): Event [IFNAME=wlan0 CTRL-EVENT-BSS-REMOVED 16648 60:02:92:c6:c6:71]
D/WifiMonitor(  938): Event [IFNAME=wlan0 CTRL-EVENT-BSS-REMOVED 16642 4a:5d:36:2d:98:37]
D/WifiStateMachine(  938): handleMessage: E msg.what=147461
D/WifiStateMachine(  938): processMsg: ConnectedState
D/WifiStateMachine(  938): processMsg: L2ConnectedState
D/WifiStateMachine(  938): processMsg: ConnectModeState
D/WifiStateMachine(  938): processMsg: DriverStartedState
D/WifiStateMachine(  938): processMsg: DriverStartedStateExt
D/WifiStateMachine(  938): processMsg: SupplicantStartedState
D/WifiNative-wlan0(  938): doString: BSS RANGE=0- MASK=0x21987
D/wpa_supplicant(  433): wlan0: Control interface command 'BSS RANGE=0- MASK=0x21987'
D/wpa_supplicant(  433): WPS: Unknown Vendor Extension (Vendor ID 9442)
D/wpa_supplicant(  433): WPS: Unknown Vendor Extension (Vendor ID 9442)
D/wpa_supplicant(  433): WPS: Unknown Vendor Extension (Vendor ID 9442)
D/WifiStateMachine(  938): handleMessage: X
D/qcom_sensors_hal(  938): hal_time_data_cb: msg_type 2
D/qcom_sensors_hal(  938): hal_time_data_cb: Sn 24, msg Id 3, txn Id 0
D/qcom_sensors_hal(  938): hal_ts_offset_is: Apps: 1464647015921374757; DSPS: 2413630633; Offset: 1464573357759967287
W/Babel   (11677): ayr TOOK TOO LONG! (15001ms > 10000ms)
I/MS_RegisterService(20082): RegisterService intent:Intent { act=register_intent_action flg=0x10 cmp=com.google.android.talk/com.google.android.libraries.matchstick.net.SilentRegisterService } isPeriodic:false
I/MS_RegisterService(20082): Not registered and not enabled. Doing nothing.
W/Babel   (11677): ayr TOOK TOO LONG! (15000ms > 10000ms)
I/Vold    (  252): [LGE][VOLD][NetlinkHandler.cpp][onEvent()] subsys:power_supply, action:3
D/KeyguardUpdateMonitor( 1110): received broadcast android.intent.action.BATTERY_CHANGED
I/[SystemUI]LGPowerUI( 1110): [LGPowerUI.java:766:batteryThermNotification()]batteryThermNotification temperature : 294 plugged : true isCharging : true
I/[SystemUI]LGPowerUI( 1110): [LGPowerUI.java:775:batteryThermNotification()]StopCharging degree: 550
W/Settings(  938): Setting stay_on_while_plugged_in has moved from android.provider.Settings.System to android.provider.Settings.Global, returning read-only value.
W/Settings(  938): Setting wifi_sleep_policy has moved from android.provider.Settings.System to android.provider.Settings.Global, returning read-only value.
D/TangibleManager( 1450): [TangibleIO] TangibleIntentReceiver onReceive intent = Intent { act=android.intent.action.BATTERY_CHANGED flg=0x60000010 (has extras) }
D/OtgUmsTangibleController( 1450): [TangibleIO] OtgUmsTangibleController onAction action = android.intent.action.BATTERY_CHANGED
D/UsbTangibleController( 1450): [TangibleIO] UsbTangibleController action = android.intent.action.BATTERY_CHANGED
D/HeadsetTangibleController( 1450): [TangibleIO] HeadsetTangibleController onAction action = android.intent.action.BATTERY_CHANGED
D/WifiController(  938): battery changed pluggedType: 2
V/EmotionalLed( 1134): stopInternal() start. mLedList.size()=0, pkg=batteryinfo, id=0
D/KeyguardUpdateMonitor( 1110): handleBatteryUpdate (2) (66)
W/ctxmgr  ( 1400): [AclManager]checkPermissionTypeStatus: no inject permission for { uid=10007, packageName=com.google.android.gms }. Returned permission was: PACKAGE_NOT_WHITELISTED for context name=POWER_CONNECTION, account=account#-517948760#
W/ctxmgr  ( 1400): [AclManager]checkPermissionTypeStatus: no inject permission for { uid=10007, packageName=com.google.android.gms }. Returned permission was: PACKAGE_NOT_WHITELISTED for context name=POWER_CONNECTION, account=account#-517948760#
E/ctxmgr  ( 1400): [PowerConnectionProducer]Could not write powerInfo=Plug state: 2 BatteryLevel: 0.66, status=Status{statusCode=unknown status code: 7503, resolution=null}
I/Vold    (  252): [LGE][VOLD][NetlinkHandler.cpp][onEvent()] subsys:power_supply, action:3
I/Vold    (  252): [LGE][VOLD][NetlinkHandler.cpp][onEvent()] subsys:cpu, action:0
I/Vold    (  252): [LGE][VOLD][NetlinkHandler.cpp][onEvent()] subsys:cpu, action:0
D/qcom_sensors_hal(  938): hal_time_data_cb: msg_type 2
D/qcom_sensors_hal(  938): hal_time_data_cb: Sn 24, msg Id 3, txn Id 0
D/qcom_sensors_hal(  938): hal_ts_offset_is: Apps: 1464647035924063032; DSPS: 2414286081; Offset: 1464573357759970015
D/KeyguardUpdateMonitor( 1110): received broadcast android.intent.action.TIME_TICK
D/KeyguardUpdateMonitor( 1110): handleTimeUpdate
D/KeyguardModel( 1110): mReceiver, received action: android.intent.action.TIME_TICK, sendingUserId:-1
D/Clock   ( 1110): Clock updated, drawingStartTime : 1464647040041, nextTick: 59988, mDrawingTime: 2
D/Clock   ( 1110): Clock updated, drawingStartTime : 1464647040044, nextTick: 59983, mDrawingTime: 2
D/DateLayout( 1110): isFormat24Requested :false
D/DateLayout( 1110): hour :6	mintue :24
D/DateLayout( 1110): ampmTextClock : PM
D/DateLayout( 1110): setContentDescription :Monday, May 30 6 24 PM
D/DigitalClock( 1110): isFormat24Requested :false
D/DigitalClock( 1110): hour :6	mintue :24
D/DigitalClock( 1110): ampmTextClock : PM
D/DigitalClock( 1110): setContentDescription :Monday, May 30 6 24 PM
I/Vold    (  252): [LGE][VOLD][NetlinkHandler.cpp][onEvent()] subsys:cpu, action:0
I/Vold    (  252): [LGE][VOLD][NetlinkHandler.cpp][onEvent()] subsys:cpu, action:0
I/Vold    (  252): [LGE][VOLD][NetlinkHandler.cpp][onEvent()] subsys:cpu, action:0
D/AndroidRuntime(12013): 
D/AndroidRuntime(12013): >>>>>> AndroidRuntime START com.android.internal.os.RuntimeInit <<<<<<
D/AndroidRuntime(12013): CheckJNI is OFF
D/dalvikvm(12013): Trying to load lib libjavacore.so 0x0
D/dalvikvm(12013): Added shared lib libjavacore.so 0x0
D/dalvikvm(12013): Trying to load lib libnativehelper.so 0x0
D/dalvikvm(12013): Added shared lib libnativehelper.so 0x0
D/dalvikvm(12013): No JNI_OnLoad found in libnativehelper.so 0x0, skipping init
D/dalvikvm(12013): Note: class Landroid/app/ActivityManagerNative; has 185 unimplemented (abstract) methods
E/memtrack(12013): Couldn't load memtrack module (No such file or directory)
E/android.os.Debug(12013): failed to load memtrack module: -2
D/AndroidRuntime(12013): Calling main entry com.android.commands.pm.Pm
D/dalvikvm(12013): Note: class Lcom/lge/mdm/manager/ILGMDMDevicePolicyManager$Stub; has 319 unimplemented (abstract) methods
I/ActivityManager(  938): Start proc com.android.defcontainer for service com.android.defcontainer/.DefaultContainerService: pid=12023 uid=10010 gids={50010, 1028, 1015, 1023, 2001}
D/HyLog   (12023): I : /data/font/config/sfconfig.dat, No such file or directory (2)
D/HyLog   (12023): I : /data/font/config/dfactpre.dat, No such file or directory (2)
D/HyLog   (12023): I : /data/font/config/sfconfig.dat, No such file or directory (2)
W/ActivityManager(  938): No content provider found for permission revoke: file:///data/local/tmp/android-debug.apk
W/ActivityManager(  938): No content provider found for permission revoke: file:///data/local/tmp/android-debug.apk
I/PackageManager(  938): Copying native libraries to /data/app-lib/vmdl-913684167
I/ActivityManager(  938): Force stopping com.ionicframework.mercy261368 appid=10011 user=-1: uninstall pkg
I/ActivityManager(  938): Killing 11002:com.ionicframework.mercy261368/u0a11 (adj 0): stop com.ionicframework.mercy261368
V/ActivityManager(  938): Moving to DESTROYED: ActivityRecord{4343ba28 u0 com.ionicframework.mercy261368/.MainActivity t125} (cleaning up)
I/MDM     (  938):  removeProcessLocked app.persistent = false callerWillRestart = false
I/ActivityManager(  938):   Force finishing activity ActivityRecord{4343ba28 u0 com.ionicframework.mercy261368/.MainActivity t125}
V/ActivityManager(  938): Moving to FINISHING: ActivityRecord{4343ba28 u0 com.ionicframework.mercy261368/.MainActivity t125 f}
I/WindowState(  938): WIN DEATH: Window{43554468 u0 com.ionicframework.mercy261368/com.ionicframework.mercy261368.MainActivity}
D/KeyguardSecurityModel( 1110): getSecurityMode result is Pattern
I/Vold    (  252): [LGE][VOLD][NetlinkHandler.cpp][onEvent()] subsys:cpu, action:0
I/PackageManager(  938): Package com.ionicframework.mercy261368 codePath changed from /data/app/com.ionicframework.mercy261368-1.apk to /data/app/com.ionicframework.mercy261368-2.apk; Retaining data and using new
D/KeyguardSecurityModel( 1110): getSecurityMode result is Pattern
I/PackageManager(  938): Running dexopt on: com.ionicframework.mercy261368
V/ActivityManager(  938): Moving to RESUMED: ActivityRecord{432abe50 u0 com.android.settings/.Settings$DevelopmentSettingsActivity t122} (in existing)
V/ActivityManager(  938): Moving to PAUSING: ActivityRecord{432abe50 u0 com.android.settings/.Settings$DevelopmentSettingsActivity t122}
D/ActivityManager(  938): resumeTopActivityLocked: Resumed ActivityRecord{432abe50 u0 com.android.settings/.Settings$DevelopmentSettingsActivity t122}
I/ActivityManager(  938): resumeTopActivitiesLocked(): target Stack:ActivityStack{43898150 stackId=1, 20 tasks}
D/ActivityManager(  938): allPausedActivitiesComplete: r=ActivityRecord{432abe50 u0 com.android.settings/.Settings$DevelopmentSettingsActivity t122} state=PAUSING
D/ActivityManager(  938): allPausedActivitiesComplete: r=ActivityRecord{432abe50 u0 com.android.settings/.Settings$DevelopmentSettingsActivity t122} state=PAUSING
V/ActivityManager(  938): resumeTopActivityLocked: Skip resume: some activity pausing.
I/ActivityManager(  938): Killing 11304:com.google.android.setupwizard/u0a101 (adj 15): empty #17
V/ActivityManager(  938): moveHomeStack:
V/ActivityManager(  938): Moving to DESTROYED: ActivityRecord{4343ba28 u0 com.ionicframework.mercy261368/.MainActivity t125 f} (removed from history)
I/ActivityManager(  938): resumeTopActivitiesLocked(): target Stack:ActivityStack{43135038 stackId=0, 1 tasks}
D/ActivityManager(  938): allPausedActivitiesComplete: r=ActivityRecord{432abe50 u0 com.android.settings/.Settings$DevelopmentSettingsActivity t122} state=PAUSING
D/ActivityManager(  938): allPausedActivitiesComplete: r=ActivityRecord{432abe50 u0 com.android.settings/.Settings$DevelopmentSettingsActivity t122} state=PAUSING
V/ActivityManager(  938): resumeTopActivityLocked: Skip resume: some activity pausing.
I/ActivityManager(  938): resumeTopActivitiesLocked(): target Stack:ActivityStack{43135038 stackId=0, 1 tasks}
D/ActivityManager(  938): allPausedActivitiesComplete: r=ActivityRecord{432abe50 u0 com.android.settings/.Settings$DevelopmentSettingsActivity t122} state=PAUSING
D/ActivityManager(  938): allPausedActivitiesComplete: r=ActivityRecord{432abe50 u0 com.android.settings/.Settings$DevelopmentSettingsActivity t122} state=PAUSING
V/ActivityManager(  938): resumeTopActivityLocked: Skip resume: some activity pausing.
D/KeyguardSecurityModel( 1110): getSecurityMode result is Pattern
I/DevelopmentSettings(21884): [Start]Display DevelopmentSettings check status
I/DevelopmentSettings(21884): Build Type : user
I/Config  (21884): getOperator() : TLS
I/Config  (21884): getOperator() : TLS
W/Settings(21884): Setting bugreport_in_power_menu has moved from android.provider.Settings.Secure to android.provider.Settings.Global.
I/DevelopmentSettings(21884): USB debugging checked : true
I/DevelopmentSettings(21884): Stay awake checked : false
I/DevelopmentSettings(21884): Allow mock locations checked : false
I/DevelopmentSettings(21884): Wait for debugger checked : false
I/DevelopmentSettings(21884): Strict mode checked : false
I/DevelopmentSettings(21884): Show touch data checked : false
I/DevelopmentSettings(21884): Show touches checked : false
I/DevelopmentSettings(21884): Show screen update checked : false
I/DevelopmentSettings(21884): Disable HW overlays checked : false
E/VoldCmdListener(  252): [LGE][VOLD][CommandListener.cpp][CryptfsCmd::runCommand()] argv[1]:cryptocomplete, argv[3]:(null)
D/VoldCmdListener(  252): [LGE][VOLD][CommandListener.cpp][CryptfsCmd::runCommand()] argv[2]:(null)
E/Cryptfs (  252): not running with encryption, aborting
I/DevelopmentSettings(21884): Show CPU usage checked : false
I/DevelopmentSettings(21884): Force GPU rendering checked : false
I/DevelopmentSettings(21884): Show layout bounds checked : false
I/DevelopmentSettings(21884): Don't keep activity checked : false
I/DevelopmentSettings(21884): Show all ANRs : false
I/DevelopmentSettings(21884): [End]Display DevelopmentSettings check status
I/DevelopmentSettings(21884): [Start]Display DevelopmentSettings check status
I/DevelopmentSettings(21884): Build Type : user
I/Config  (21884): getOperator() : TLS
I/Config  (21884): getOperator() : TLS
W/Settings(21884): Setting bugreport_in_power_menu has moved from android.provider.Settings.Secure to android.provider.Settings.Global.
I/DevelopmentSettings(21884): USB debugging checked : true
I/DevelopmentSettings(21884): Stay awake checked : false
I/DevelopmentSettings(21884): Allow mock locations checked : false
I/DevelopmentSettings(21884): Wait for debugger checked : false
I/DevelopmentSettings(21884): Strict mode checked : false
I/DevelopmentSettings(21884): Show touch data checked : false
I/DevelopmentSettings(21884): Show touches checked : false
I/DevelopmentSettings(21884): Show screen update checked : false
I/DevelopmentSettings(21884): Disable HW overlays checked : false
I/DevelopmentSettings(21884): Show CPU usage checked : false
I/DevelopmentSettings(21884): Force GPU rendering checked : false
I/DevelopmentSettings(21884): Show layout bounds checked : false
I/DevelopmentSettings(21884): Don't keep activity checked : false
I/DevelopmentSettings(21884): Show all ANRs : false
I/DevelopmentSettings(21884): [End]Display DevelopmentSettings check status
E/VoldCmdListener(  252): [LGE][VOLD][CommandListener.cpp][CryptfsCmd::runCommand()] argv[1]:cryptocomplete, argv[3]:(null)
D/VoldCmdListener(  252): [LGE][VOLD][CommandListener.cpp][CryptfsCmd::runCommand()] argv[2]:(null)
E/Cryptfs (  252): not running with encryption, aborting
I/Config  (21884): getOperator() : TLS
I/Config  (21884): getOperator() : TLS
D/KeyguardSecurityModel( 1110): getSecurityMode result is Pattern
V/ActivityManager(  938): Moving to PAUSED: ActivityRecord{432abe50 u0 com.android.settings/.Settings$DevelopmentSettingsActivity t122} (pause complete)
I/ActivityManager(  938): resumeTopActivitiesLocked(): target Stack:ActivityStack{43135038 stackId=0, 1 tasks}
V/ActivityManager(  938): Moving to RESUMED: ActivityRecord{432cbc28 u0 com.lge.launcher2/.Launcher t1} (in existing)
V/ActivityManager(  938): Moving to PAUSING: ActivityRecord{432cbc28 u0 com.lge.launcher2/.Launcher t1}
D/ActivityManager(  938): resumeTopActivityLocked: Resumed ActivityRecord{432cbc28 u0 com.lge.launcher2/.Launcher t1}
V/ActivityManager(  938): Moving to STOPPING: ActivityRecord{432abe50 u0 com.android.settings/.Settings$DevelopmentSettingsActivity t122} (stop requested)
D/KeyguardSecurityModel( 1110): getSecurityMode result is Pattern
D/KeyguardSecurityModel( 1110): getSecurityMode result is Pattern
I/[LGHome]EVENT( 1505): [Launcher.java:4891:onStart()]onStart
I/[LGHome]EVENT( 1505): [Launcher.java:670:onResume()]onResume
I/[LGHome]EVENT( 1505): [LauncherModel.java:1384:startLoader()]startLoader isLaunching=true
D/PhoneApp( 1438): getIsInUseVoLTE : false
I/[LGHome]Launcher.Model( 1505): [LauncherModel.java:1512:loadAndBindWorkspace()]loadAndBindWorkspace=1ms
I/[LGHome]LGActivityUtil( 1505): [LGActivityUtil.java:310:notifyToWeatherWidget()]broadcast to weather widget, intent: Intent { act=com.lge.launcher2.RESUME }
I/[LGHome]EVENT( 1505): [Launcher.java:816:onResume()]onResume end
I/[LGHome]EVENT( 1505): [Launcher.java:842:onPause()]onPause
V/ActivityManager(  938): Moving to PAUSED: ActivityRecord{432cbc28 u0 com.lge.launcher2/.Launcher t1} (pause complete)
V/ActivityManager(  938): Moving to STOPPING: ActivityRecord{432cbc28 u0 com.lge.launcher2/.Launcher t1} (stop requested)
D/WeatherAncestor( 1792): 2 : onReceive, action: com.lge.launcher2.RESUME, Time(hour:min:sec) 18:24:4
D/KeyguardSecurityModel( 1110): getSecurityMode result is Pattern
D/UpdateThreadPoolManager( 1792): 2 : This is isUpdating : false
D/WeatherService( 1792): 2 : shouldTimeTickRegistered : false
D/WeatherAncestor( 1792): 2 : onReceive has processed, action: com.lge.launcher2.RESUME, Time(hour:min:sec) 18:24:4
D/WeatherService( 1792): 2 : onStartCommand, intent!=null, action: com.lge.launcher2.RESUME
D/WeatherService( 1792): 2 : shouldTimeTickRegistered : false
I/[LGHome]EVENT( 1505): [Launcher.java:4899:onStop()]onStop
I/Settings(21884): LGE Accelerometer Sensor Accelerometer
I/Settings(21884): LGE Magnetometer Sensor Magnetometer
I/Settings(21884): LGE Magnetometer Sensor Magnetometer Uncalibrated
I/Settings(21884): LGE Gyroscope Sensor Gyroscope
I/Settings(21884): LGE Gyroscope Sensor Gyroscope Uncalibrated
I/Settings(21884): LGE Proximity Sensor Proximity
I/Settings(21884): LGE Light Sensor Light
I/Settings(21884): Gravity
I/Settings(21884): Linear Acceleration
I/Settings(21884): Rotation Vector
I/Settings(21884): Step Detector
I/Settings(21884): Step Counter
I/Settings(21884): Significant Motion Detector
I/Settings(21884): Game Rotation Vector
I/Settings(21884): Geomagnetic Rotation Vector
I/Settings(21884): Orientation
I/Settings(21884): AMD
I/Settings(21884): RMD
I/Settings(21884): VMD
I/Settings(21884): Basic Gestures
I/Settings(21884): Facing
I/Settings(21884): Tilt
I/Settings(21884): Pedometer
I/Settings(21884): PEDESTRIAN-ACTIVITY-MONITOR
I/Settings(21884): Motion Accel
I/Config  (21884): getCountry() : CA
I/Config  (21884): getOperator() : TLS
I/Config  (21884): getOperator() : TLS
I/Config  (21884): getOperator() : TLS
I/Config  (21884): getOperator() : TLS
I/Config  (21884): getOperator() : TLS
I/Config  (21884): getOperator() : TLS
I/Config  (21884): getOperator() : TLS
I/Config  (21884): getOperator() : TLS
I/Config  (21884): getOperator() : TLS
I/Config  (21884): getOperator() : TLS
I/Config  (21884): getOperator() : TLS
D/kimyow  (21884): CONTENT_URIcontent://com.lge.ims.provisioning/workings
D/kimyow  (21884): R.id.rcs_setting : objCursor==null
I/Config  (21884): getOperator() : TLS
E/ActivityThread(21884): Failed to find provider info for com.lge.ims.provisioning
W/System.err(21884): Removed 2131428589
I/Config  (21884): getOperator() : TLS
I/Config  (21884): getOperator() : TLS
I/Config  (21884): getOperator() : TLS
I/Config  (21884): getOperator() : TLS
D/MultiPane(21884): onIsMultiPane=false
D/MultiPane(21884): onIsMultiPane::lg_preferences_prefer_dual_pane=false
D/MultiPane(21884): onIsMultiPane=false
D/MultiPane(21884): onIsMultiPane::lg_preferences_prefer_dual_pane=false
I/Config  (21884): getOperator() : TLS
I/displaysizeinfo(21884): width :2.5590599
I/displaysizeinfo(21884): height :4.527565
I/displaysizeinfo(21884): displaysize :27.047632
I/displaysizeinfo(21884): lcdsize :5.200733815280996
I/Settings(21884): CAPP_SLIDEASIDE : false
I/Config  (21884): getOperator() : TLS
I/Config  (21884): getOperator() : TLS
I/Config  (21884): getOperator() : TLS
D/Settings(21884): adapter.isEnabled() = false
D/Settings(21884): NfcAdapter off
W/System.err(21884): Removed 2131428605
I/Config  (21884): getOperator() : TLS
I/Config  (21884): getOperator() : TLS
I/Config  (21884): getOperator() : TLS
I/Config  (21884): getOperator() : TLS
I/Config  (21884): getOperator() : TLS
I/Config  (21884): getOperator() : TLS
I/Config  (21884): getOperator() : TLS
I/Config  (21884): getOperator() : TLS
I/Config  (21884): getOperator() : TLS
I/Settings(21884): Remove native accessibility
I/Config  (21884): getOperator() : TLS
I/Config  (21884): getOperator() : TLS
D/aboutphone(21884): about_settings, removed !
I/Config  (21884): getOperator() : TLS
D/aboutphone(21884): system_update_settings, removed !
W/Utils   (21884): checkPackage() : package is not found(com.innopath.activecare)
D/aboutphone(21884): system_update_settings checkPackage = false, removed !
D/KeyguardSecurityModel( 1110): getSecurityMode result is Pattern
I/ActivityManager(21884): Timeline: Activity_idle id: android.os.BinderProxy@42cb3a20 time:54884474
V/ActivityManager(  938): Moving to STOPPED: ActivityRecord{432abe50 u0 com.android.settings/.Settings$DevelopmentSettingsActivity t122} (stop complete)
D/dalvikvm(12045): DexOpt: load 44ms, verify+opt 78ms, 573732 bytes
I/Vold    (  252): [LGE][VOLD][NetlinkHandler.cpp][onEvent()] subsys:cpu, action:0
D/KeyguardSecurityModel( 1110): getSecurityMode result is Pattern
D/KeyguardSecurityModel( 1110): getSecurityMode result is Pattern
I/[LGHome]Launcher.Model( 1505): [LauncherModel.java:2266:run()] LauncherModel bind current page shortcut
I/[LGHome]Launcher( 1505): [Launcher.java:3687:setLoadOnResume()]setLoadOnResume
V/ActivityManager(  938): Moving to STOPPED: ActivityRecord{432cbc28 u0 com.lge.launcher2/.Launcher t1} (stop complete)
I/ActivityManager(  938): Force stopping com.ionicframework.mercy261368 appid=10011 user=-1: update pkg
W/PackageManager(  938): Code path for pkg : com.ionicframework.mercy261368 changing from /data/app/com.ionicframework.mercy261368-1.apk to /data/app/com.ionicframework.mercy261368-2.apk
I/ActivityManager(  938): resumeTopActivitiesLocked(): target Stack:ActivityStack{43135038 stackId=0, 1 tasks}
D/ActivityManager(  938): resumeTopActivityLocked: Going to sleep and all paused
W/PackageManager(  938): Resource path for pkg : com.ionicframework.mercy261368 changing from /data/app/com.ionicframework.mercy261368-1.apk to /data/app/com.ionicframework.mercy261368-2.apk
I/ActivityManager(  938): Timeline: Activity_windows_visible id: ActivityRecord{432cbc28 u0 com.lge.launcher2/.Launcher t1} time:54884608
D/KeyguardSecurityModel( 1110): getSecurityMode result is Pattern
I/Vold    (  252): [LGE][VOLD][NetlinkHandler.cpp][onEvent()] subsys:cpu, action:0
W/ContextImpl(  938): Calling a method in the system process without a qualified user: android.app.ContextImpl.sendBroadcast:1212 com.android.internal.policy.impl.PhoneWindowManagerEx.interceptKeyBeforeQueueing:476 com.android.server.wm.InputMonitor.interceptKeyBeforeQueueing:383 com.android.server.input.InputManagerService.interceptKeyBeforeQueueing:1319 dalvik.system.NativeStart.run:-2 
I/WindowManager(  938): interceptKeyTq keycode=26 down=true screenIsOn=false keyguardActive=true policyFlags=2000001 isWakeKey=true
D/PhoneApp( 1438): getIsInUseVoLTE : false
I/qcom_sensors_hal(  938): _hal_sensors_batch: period_ns=66667000 sns_hndl: 0 timeout: 0 flags:0x1
I/qcom_sensors_hal(  938): _hal_sensors_batch: period_ns=66667000 sns_hndl: 0 timeout: 0 flags:0x0
I/qcom_sensors_hal(  938): _hal_sensors_flush: handle=0
I/qcom_sensors_hal(  938): _hal_sensors_activate: handle=0, enabled=1
I/qcom_sensors_hal(  938): _hal_sensors_activate: active_sensors mask=0x480000000 handle=0
I/qcom_sensors_hal(  938): _hal_sensors_activate: handle=0, Initialized the timestamp 
D/qcom_sensors_hal(  938): hal_schedule_acquire_resources: Resetting acquire resources timer for 10000 usec. old_value = 9123 usec
V/KeyguardServiceDelegate(  938): onScreenTurnedOn(showListener = com.android.internal.policy.impl.PhoneWindowManager$18@446d4628)
D/KeyguardViewMediator( 1110): onScreenTurnedOn, seq = 133
D/KeyguardViewMediator( 1110): notifyScreenOnLocked
I/Vold    (  252): [LGE][VOLD][NetlinkHandler.cpp][onEvent()] subsys:cpu, action:0
I/PowerManagerService(  938): Waking up from sleep...
D/KnockOnPowerController(  938): [updateScreenState] screen on = true
D/KnockOnPowerController(  938): [setProximitySensorEnabled] enable = false
D/KeyguardViewMediator( 1110): handleNotifyScreenOn
D/KeyguardViewManager( 1110): onScreenTurnedOn()
D/LgeKeyguardHostView( 1110): screen on, instance 42e09c28
I/qcom_sensors_hal(  938): _hal_sensors_batch: period_ns=1000000000 sns_hndl: 1 timeout: 0 flags:0x1
I/qcom_sensors_hal(  938): _hal_sensors_batch: period_ns=1000000000 sns_hndl: 1 timeout: 0 flags:0x0
D/LockPatternUtilsEx( 1110): OMADM Lock is OFF
D/qcom_sensors_hal(  938): _hal_sensors_batch: sample_rate=20 report_rate=0 curr sample rate:0 cur rpt rate:0 max:20.000000 min:1.000000
D/qcom_sensors_hal(  938): hal_schedule_acquire_resources: Resetting acquire resources timer for 10000 usec. old_value = 7954 usec
I/qcom_sensors_hal(  938): _hal_sensors_flush: handle=1
D/qcom_sensors_hal(  938): _hal_sensors_flush: handle 1 is inactive
I/qcom_sensors_hal(  938): _hal_sensors_activate: handle=1, enabled=1
I/qcom_sensors_hal(  938): _hal_sensors_activate: active_sensors mask=0x480000001 handle=1
I/qcom_sensors_hal(  938): _hal_sensors_activate: handle=1, Initialized the timestamp 
D/qcom_sensors_hal(  938): hal_schedule_acquire_resources: Resetting acquire resources timer for 10000 usec. old_value = 9884 usec
D/SurfaceFlinger(  261): Screen acquired, type=0 flinger=0xb8875450
D/qdhwcomposer(  261): hwc_blank: Unblanking display: 0
D/qcom_sensors_hal(  938): hal_acquire_resources
I/qcom_sensors_hal(  938): hal_acquire_resources, found active sensor handle=0, sample_rate=15 report_rate=0 WuFF=0 batched=0
D/qcom_sensors_hal(  938): hal_apply_rate: handle 0, sample rate:15 report rate:0 WuFF:0 buffering:0 ignore_prev:1
D/qcom_sensors_hal(  938): hal_smgr_report_add: handle=0, sample_rate=15 report_rate=0 WuFF=0 buffer=0
D/qcom_sensors_hal(  938): hal_wait_for_response: timeout=1000
D/KeyguardSecurityModel( 1110): getSecurityMode result is Pattern
V/LgeKeyguardHostView( 1110): showPrimarySecurityScreen(turningOff=false)
V/qcom_sensors_hal(  938): hal_sensor1_data_cb: msg_type 1, Sn 0, msg Id 33, txn Id 0
D/qcom_sensors_hal(  938): hal_process_smgr_resp: 33
D/qcom_sensors_hal(  938): hal_process_buffering_resp: Id: 0 Resp: 0 txn id 0
D/qcom_sensors_hal(  938): hal_smgr_report_add: Received Response: 0
I/qcom_sensors_hal(  938): hal_acquire_resources, found active sensor handle=1, sample_rate=20 report_rate=0 WuFF=0 batched=0
D/qcom_sensors_hal(  938): hal_apply_rate: handle 1, sample rate:20 report rate:0 WuFF:0 buffering:0 ignore_prev:1
D/qcom_sensors_hal(  938): hal_smgr_report_add: handle=1, sample_rate=20 report_rate=0 WuFF=0 buffer=0
D/qcom_sensors_hal(  938): hal_wait_for_response: timeout=1000
D/LgeKeyguardHostView( 1110): showSecurityScreen(Pattern)
V/qcom_sensors_hal(  938): hal_sensor1_data_cb: msg_type 1, Sn 0, msg Id 33, txn Id 1
D/qcom_sensors_hal(  938): hal_process_smgr_resp: 33
D/qcom_sensors_hal(  938): hal_process_buffering_resp: Id: 1 Resp: 1 txn id 1
D/qcom_sensors_hal(  938): hal_smgr_report_add: Received Response: 0
I/[LGHome]EVENT( 1505): [Workspace.java:889:addInScreen()]Add Shortcut [Alarm/Clock] in screen 3 [4, 3]
V/qcom_sensors_hal(  938): hal_sensor1_data_cb: msg_type 2, Sn 0, msg Id 34, txn Id 0
D/qcom_sensors_hal(  938): hal_process_buffering_ind: Samples_len=1 Items=1 max_reports_per_index=1
V/qcom_sensors_hal(  938): hal_process_report_ind: St: 0 ReportId: 0 Rate: 0, Len: 1
V/qcom_sensors_hal(  938): hal_process_report_ind: Id: ACCEL_DATA: Ty: 0 Q: 14
V/qcom_sensors_hal(  938): hal_process_report_ind: X: -0.453690 Y: 3.747299 Z: 7.307877 
D/qcom_sensors_hal(  938): _hal_sensors_data_poll: poll data:1;data[0].sensor:0 .type:1 .x:-0.453690 .y:3.747299 .z:7.307877
D/qcom_sensors_hal(  938): _hal_sensors_data_poll: cnt: 36
D/qcom_sensors_hal(  938): hal_wait_for_response: timeout=0
I/WindowManager(  938): interceptKeyTq keycode=26 down=false screenIsOn=true keyguardActive=true policyFlags=2000001 isWakeKey=true
I/qcom_sensors_hal(  938): _hal_sensors_batch: period_ns=200000000 sns_hndl: 35 timeout: 0 flags:0x1
I/qcom_sensors_hal(  938): _hal_sensors_batch: period_ns=200000000 sns_hndl: 35 timeout: 0 flags:0x0
D/qcom_sensors_hal(  938): _hal_sensors_batch: sample_rate=20 report_rate=0 curr sample rate:0 cur rpt rate:0 max:20.000000 min:1.000000
D/qcom_sensors_hal(  938): hal_schedule_acquire_resources: Setting acquire resources timer for 10000 usec
I/qcom_sensors_hal(  938): _hal_sensors_flush: handle=35
D/qcom_sensors_hal(  938): _hal_sensors_flush: handle 35 is inactive
I/qcom_sensors_hal(  938): _hal_sensors_activate: handle=35, enabled=1
I/qcom_sensors_hal(  938): _hal_sensors_activate: active_sensors mask=0x480000003 handle=35
I/qcom_sensors_hal(  938): _hal_sensors_activate: handle=35, Initialized the timestamp 
D/qcom_sensors_hal(  938): hal_schedule_acquire_resources: Resetting acquire resources timer for 10000 usec. old_value = 9951 usec
I/qcom_sensors_hal(  938): _hal_sensors_batch: period_ns=200000000 sns_hndl: 1 timeout: 0 flags:0x1
I/qcom_sensors_hal(  938): _hal_sensors_batch: period_ns=200000000 sns_hndl: 1 timeout: 0 flags:0x0
D/qcom_sensors_hal(  938): _hal_sensors_batch: sample_rate=20 report_rate=0 curr sample rate:20 cur rpt rate:0 max:20.000000 min:1.000000
I/qcom_sensors_hal(  938): _hal_sensors_batch: current sample & report rate, buffering, and WuFF are equal to requested (20,0,0,0)
I/qcom_sensors_hal(  938): _hal_sensors_flush: handle=1
D/qcom_sensors_hal(  938): _hal_sensors_flush: handle 1 is not batching
D/qcom_sensors_hal(  938): hal_flush_send_cmplt: handle=1
D/qcom_sensors_hal(  938): _hal_sensors_data_poll: poll data:1;data[0].sensor:0 .type:0 .x:0.000000 .y:0.000000 .z:0.000000
D/qcom_sensors_hal(  938): _hal_sensors_data_poll: cnt: 36
D/qcom_sensors_hal(  938): hal_wait_for_response: timeout=0
D/LgeKeyguardHostView( 1110): navigation bar hidden: true
V/qcom_sensors_hal(  938): hal_sensor1_data_cb: msg_type 2, Sn 0, msg Id 34, txn Id 0
D/qcom_sensors_hal(  938): hal_process_buffering_ind: Samples_len=1 Items=1 max_reports_per_index=1
V/qcom_sensors_hal(  938): hal_process_report_ind: St: 0 ReportId: 0 Rate: 0, Len: 1
V/qcom_sensors_hal(  938): hal_process_report_ind: Id: ACCEL_DATA: Ty: 0 Q: 14
V/qcom_sensors_hal(  938): hal_process_report_ind: X: -1.639053 Y: 4.178589 Z: 7.940689 
