D/BackupManagerService(  938): Now staging backup of com.android.providers.settings
I/InputMethodManagerService(  938): IME STATUS OFF
I/Vold    (  252): [LGE][VOLD][NetlinkHandler.cpp][onEvent()] subsys:cpu, action:0
I/Vold    (  252): [LGE][VOLD][NetlinkHandler.cpp][onEvent()] subsys:cpu, action:0
V/ActivityManager(  938): Moving to STOPPING: ActivityRecord{437804a0 u0 com.google.android.googlequicksearchbox/com.google.android.apps.gsa.legacyui.VelvetActivity t102} (stop requested)
V/ActivityManager(  938): Moving to STOPPED: ActivityRecord{437804a0 u0 com.google.android.googlequicksearchbox/com.google.android.apps.gsa.legacyui.VelvetActivity t102} (stop complete)
I/ActivityManager(  938): Killing 21993:com.lge.appbox.client/u0a30 (adj 15): empty #17
I/ActivityManager(  938): resumeTopActivitiesLocked(): target Stack:ActivityStack{43898150 stackId=1, 19 tasks}
D/ActivityManager(  938): resumeTopActivityLocked: Top activity resumed ActivityRecord{433e3828 u0 com.lge.settings.easy/.EasySettings t122}
I/Vold    (  252): [LGE][VOLD][NetlinkHandler.cpp][onEvent()] subsys:cpu, action:0
I/Vold    (  252): [LGE][VOLD][NetlinkHandler.cpp][onEvent()] subsys:cpu, action:0
I/Vold    (  252): [LGE][VOLD][NetlinkHandler.cpp][onEvent()] subsys:cpu, action:0
I/ViewRootImpl( 8425): ViewRoot's Touch Event : Touch Down
I/ViewRootImpl( 8425): ViewRoot's Touch Event : Touch UP
I/ViewRootImpl( 8425): ViewRoot's Touch Event : Touch Down
I/ViewRootImpl( 8425): ViewRoot's Touch Event : Touch UP
I/Vold    (  252): [LGE][VOLD][NetlinkHandler.cpp][onEvent()] subsys:cpu, action:0
I/Vold    (  252): [LGE][VOLD][NetlinkHandler.cpp][onEvent()] subsys:cpu, action:0
I/Vold    (  252): [LGE][VOLD][NetlinkHandler.cpp][onEvent()] subsys:cpu, action:0
I/Vold    (  252): [LGE][VOLD][NetlinkHandler.cpp][onEvent()] subsys:cpu, action:0
I/ViewRootImpl( 8425): ViewRoot's Touch Event : Touch Down
I/ViewRootImpl( 8425): ViewRoot's Touch Event : Touch UP
I/Vold    (  252): [LGE][VOLD][NetlinkHandler.cpp][onEvent()] subsys:cpu, action:0
D/WifiService(  938): startScan pid=10821, uid=10007
I/Vold    (  252): [LGE][VOLD][NetlinkHandler.cpp][onEvent()] subsys:cpu, action:0
I/ViewRootImpl( 8425): ViewRoot's Touch Event : Touch Down
I/ViewRootImpl( 8425): ViewRoot's Touch Event : Touch UP
I/ActivityManager(  938): START u0 {act=android.intent.action.MAIN cmp=com.android.settings/.Settings$DeviceInfoLgeActivity} from pid 8425
I/Vold    (  252): [LGE][VOLD][NetlinkHandler.cpp][onEvent()] subsys:cpu, action:0
I/ActivityManager(  938): resumeTopActivitiesLocked(): target Stack:ActivityStack{43898150 stackId=1, 19 tasks}
V/ActivityManager(  938): Moving to PAUSING: ActivityRecord{433e3828 u0 com.lge.settings.easy/.EasySettings t122}
D/ActivityManager(  938): resumeTopActivityLocked: Pausing null
V/ActivityManager(  938): resumeTopActivityLocked: Skip resume: need to start pausing
I/ActivityManager(  938): startService SlideAside
D/ActivityManager(  938): setFocusedStack: mFocusedStack=ActivityStack{43898150 stackId=1, 19 tasks}
W/ContextImpl(  938): Calling a method in the system process without a qualified user: android.app.ContextImpl.sendBroadcast:1226 com.android.server.am.ActivityStack.notifyTaskStart:4115 com.android.server.am.ActivityStack.access$000:95 com.android.server.am.ActivityStack$ActivityStackHandler.handleMessage:347 android.os.Handler.dispatchMessage:102 
D/ActivityManager(  938): allPausedActivitiesComplete: r=ActivityRecord{433e3828 u0 com.lge.settings.easy/.EasySettings t122} state=PAUSING
V/ActivityManager(  938): Moving to PAUSED: ActivityRecord{433e3828 u0 com.lge.settings.easy/.EasySettings t122} (pause complete)
I/ActivityManager(  938): resumeTopActivitiesLocked(): target Stack:ActivityStack{43898150 stackId=1, 19 tasks}
D/ActivityManager(  938): resumeTopActivityLocked: Restarting ActivityRecord{446770b8 u0 com.android.settings/.Settings$DeviceInfoLgeActivity t122}
V/ActivityManager(  938): Moving to RESUMED: ActivityRecord{446770b8 u0 com.android.settings/.Settings$DeviceInfoLgeActivity t122} (starting new instance)
I/Vold    (  252): [LGE][VOLD][NetlinkHandler.cpp][onEvent()] subsys:cpu, action:0
E/ActivityThread(21884): Failed to find provider info for com.lge.ims.provisioning
I/InputMethodManagerService(  938): IME STATUS OFF
I/Vold    (  252): [LGE][VOLD][NetlinkHandler.cpp][onEvent()] subsys:cpu, action:0
V/ActivityManager(  938): Moving to STOPPING: ActivityRecord{433e3828 u0 com.lge.settings.easy/.EasySettings t122} (stop requested)
V/ActivityManager(  938): Moving to STOPPED: ActivityRecord{433e3828 u0 com.lge.settings.easy/.EasySettings t122} (stop complete)
I/ViewRootImpl( 1110): ViewRoot's Touch Event : Touch Down
I/Vold    (  252): [LGE][VOLD][NetlinkHandler.cpp][onEvent()] subsys:cpu, action:0
I/WindowManager(  938): interceptKeyTq keycode=4 down=true screenIsOn=true keyguardActive=false policyFlags=b000100 isWakeKey=false
D/VolumeVibrator( 1134): clear
I/WindowManager(  938): interceptKeyTi keyCode=4 down=true repeatCount=0 keyguardOn=false mHomePressed=false canceled=false
I/ViewRootImpl(21884): ViewRoot's KeyEvent { action=ACTION_DOWN, keyCode=KEYCODE_BACK, scanCode=0, metaState=0, flags=0x48, repeatCount=0, eventTime=54141905, downTime=54141905, deviceId=-1, source=0x101 } to com.android.internal.policy.impl.PhoneWindow$DecorView{42bd77c0 V.E..... R....... 0,0-1080,1776}
I/ViewRootImpl( 1110): ViewRoot's Touch Event : Touch UP
D/VolumeVibrator( 1134): milliseconds : 30
D/VolumeVibrator( 1134): getCurrent::mPatternworking : true
D/VolumeVibrator( 1134): getCurrent::mVolumes.size : 0
D/VolumeVibrator( 1134): getCurrent::mJustVibrate false
D/VolumeVibrator( 1134): mPatternIndex : 1 mCurVibration.mPattern[mPatternIndex] : 30
D/VolumeVibrator( 1134): volume vibration pattern's value: 100
D/VolumeVibrator( 1134): clear
I/WindowManager(  938): interceptKeyTq keycode=4 down=false screenIsOn=true keyguardActive=false policyFlags=b000100 isWakeKey=false
I/WindowManager(  938): interceptKeyTi keyCode=4 down=false repeatCount=0 keyguardOn=false mHomePressed=false canceled=false
I/ViewRootImpl(21884): ViewRoot's KeyEvent { action=ACTION_UP, keyCode=KEYCODE_BACK, scanCode=0, metaState=0, flags=0x48, repeatCount=0, eventTime=54141937, downTime=54141905, deviceId=-1, source=0x101 } to com.android.internal.policy.impl.PhoneWindow$DecorView{42bd77c0 V.E..... R....... 0,0-1080,1776}
V/ActivityManager(  938): Finishing activity token=Token{43d655a8 ActivityRecord{446770b8 u0 com.android.settings/.Settings$DeviceInfoLgeActivity t122}} r=, result=0, data=null, reason=app-request
D/ActivityManager(  938): setFocusedStack: mFocusedStack=ActivityStack{43898150 stackId=1, 19 tasks}
V/ActivityManager(  938): Moving to PAUSING: ActivityRecord{446770b8 u0 com.android.settings/.Settings$DeviceInfoLgeActivity t122 f}
V/ActivityManager(  938): Moving to PAUSED: ActivityRecord{446770b8 u0 com.android.settings/.Settings$DeviceInfoLgeActivity t122 f} (pause complete)
V/ActivityManager(  938): Moving to STOPPING: ActivityRecord{446770b8 u0 com.android.settings/.Settings$DeviceInfoLgeActivity t122 f} (finish requested)
I/ActivityManager(  938): resumeTopActivitiesLocked(): target Stack:ActivityStack{43898150 stackId=1, 19 tasks}
V/ActivityManager(  938): Moving to RESUMED: ActivityRecord{433e3828 u0 com.lge.settings.easy/.EasySettings t122} (in existing)
D/ActivityManager(  938): resumeTopActivityLocked: Resumed ActivityRecord{433e3828 u0 com.lge.settings.easy/.EasySettings t122}
I/Vold    (  252): [LGE][VOLD][NetlinkHandler.cpp][onEvent()] subsys:cpu, action:0
I/Vold    (  252): [LGE][VOLD][NetlinkHandler.cpp][onEvent()] subsys:cpu, action:0
I/InputMethodManagerService(  938): IME STATUS OFF
W/InputMethodManagerService(  938): Starting input on non-focused client com.android.internal.view.IInputMethodClient$Stub$Proxy@437afa00 (uid=1000 pid=21884)
I/Vold    (  252): [LGE][VOLD][NetlinkHandler.cpp][onEvent()] subsys:cpu, action:0
V/ActivityManager(  938): Moving to FINISHING: ActivityRecord{446770b8 u0 com.android.settings/.Settings$DeviceInfoLgeActivity t122 f}
V/ActivityManager(  938): Moving to DESTROYING: ActivityRecord{446770b8 u0 com.android.settings/.Settings$DeviceInfoLgeActivity t122 f} (destroy requested)
V/ActivityManager(  938): Moving to DESTROYED: ActivityRecord{446770b8 u0 com.android.settings/.Settings$DeviceInfoLgeActivity t122 f} (removed from history)
I/ActivityManager(  938): resumeTopActivitiesLocked(): target Stack:ActivityStack{43898150 stackId=1, 19 tasks}
D/ActivityManager(  938): resumeTopActivityLocked: Top activity resumed ActivityRecord{433e3828 u0 com.lge.settings.easy/.EasySettings t122}
I/Vold    (  252): [LGE][VOLD][NetlinkHandler.cpp][onEvent()] subsys:cpu, action:0
I/ViewRootImpl( 8425): ViewRoot's Touch Event : Touch Down
I/ViewRootImpl( 8425): ViewRoot's Touch Event : Touch UP
I/ActivityManager(  938): START u0 {act=android.intent.action.MAIN cmp=com.android.settings/.Settings$DevelopmentSettingsActivity} from pid 8425
I/ActivityManager(  938): resumeTopActivitiesLocked(): target Stack:ActivityStack{43898150 stackId=1, 19 tasks}
V/ActivityManager(  938): Moving to PAUSING: ActivityRecord{433e3828 u0 com.lge.settings.easy/.EasySettings t122}
D/ActivityManager(  938): resumeTopActivityLocked: Pausing null
V/ActivityManager(  938): resumeTopActivityLocked: Skip resume: need to start pausing
I/ActivityManager(  938): startService SlideAside
D/ActivityManager(  938): setFocusedStack: mFocusedStack=ActivityStack{43898150 stackId=1, 19 tasks}
W/ContextImpl(  938): Calling a method in the system process without a qualified user: android.app.ContextImpl.sendBroadcast:1226 com.android.server.am.ActivityStack.notifyTaskStart:4115 com.android.server.am.ActivityStack.access$000:95 com.android.server.am.ActivityStack$ActivityStackHandler.handleMessage:347 android.os.Handler.dispatchMessage:102 
D/ActivityManager(  938): allPausedActivitiesComplete: r=ActivityRecord{433e3828 u0 com.lge.settings.easy/.EasySettings t122} state=PAUSING
V/ActivityManager(  938): Moving to PAUSED: ActivityRecord{433e3828 u0 com.lge.settings.easy/.EasySettings t122} (pause complete)
I/ActivityManager(  938): resumeTopActivitiesLocked(): target Stack:ActivityStack{43898150 stackId=1, 19 tasks}
D/ActivityManager(  938): resumeTopActivityLocked: Restarting ActivityRecord{432abe50 u0 com.android.settings/.Settings$DevelopmentSettingsActivity t122}
V/ActivityManager(  938): Moving to RESUMED: ActivityRecord{432abe50 u0 com.android.settings/.Settings$DevelopmentSettingsActivity t122} (starting new instance)
E/VoldCmdListener(  252): [LGE][VOLD][CommandListener.cpp][CryptfsCmd::runCommand()] argv[1]:cryptocomplete, argv[3]:(null)
D/VoldCmdListener(  252): [LGE][VOLD][CommandListener.cpp][CryptfsCmd::runCommand()] argv[2]:(null)
E/Cryptfs (  252): not running with encryption, aborting
E/VoldCmdListener(  252): [LGE][VOLD][CommandListener.cpp][CryptfsCmd::runCommand()] argv[1]:cryptocomplete, argv[3]:(null)
D/VoldCmdListener(  252): [LGE][VOLD][CommandListener.cpp][CryptfsCmd::runCommand()] argv[2]:(null)
E/Cryptfs (  252): not running with encryption, aborting
E/ActivityThread(21884): Failed to find provider info for com.lge.ims.provisioning
I/InputMethodManagerService(  938): IME STATUS OFF
V/ActivityManager(  938): Moving to STOPPING: ActivityRecord{433e3828 u0 com.lge.settings.easy/.EasySettings t122} (stop requested)
V/ActivityManager(  938): Moving to STOPPED: ActivityRecord{433e3828 u0 com.lge.settings.easy/.EasySettings t122} (stop complete)
I/Vold    (  252): [LGE][VOLD][NetlinkHandler.cpp][onEvent()] subsys:cpu, action:0
I/Vold    (  252): [LGE][VOLD][NetlinkHandler.cpp][onEvent()] subsys:cpu, action:0
I/ViewRootImpl(21884): ViewRoot's Touch Event : Touch Down
I/ViewRootImpl(21884): ViewRoot's Touch Event : Touch UP
I/Vold    (  252): [LGE][VOLD][NetlinkHandler.cpp][onEvent()] subsys:cpu, action:0
I/Vold    (  252): [LGE][VOLD][NetlinkHandler.cpp][onEvent()] subsys:cpu, action:0
I/ViewRootImpl(21884): ViewRoot's Touch Event : Touch Down
I/ViewRootImpl(21884): ViewRoot's Touch Event : Touch UP
E/VoldCmdListener(  252): [LGE][VOLD][CommandListener.cpp][CryptfsCmd::runCommand()] argv[1]:cryptocomplete, argv[3]:(null)
D/VoldCmdListener(  252): [LGE][VOLD][CommandListener.cpp][CryptfsCmd::runCommand()] argv[2]:(null)
E/Cryptfs (  252): not running with encryption, aborting
I/Vold    (  252): [LGE][VOLD][NetlinkHandler.cpp][onEvent()] subsys:cpu, action:0
W/InputMethodManagerService(  938): Window already focused, ignoring focus gain of: com.android.internal.view.IInputMethodClient$Stub$Proxy@434fdd48 attribute=null, token = android.os.BinderProxy@43595658
I/Vold    (  252): [LGE][VOLD][NetlinkHandler.cpp][onEvent()] subsys:cpu, action:0
I/Vold    (  252): [LGE][VOLD][NetlinkHandler.cpp][onEvent()] subsys:cpu, action:0
I/Vold    (  252): [LGE][VOLD][NetlinkHandler.cpp][onEvent()] subsys:cpu, action:0
I/Vold    (  252): [LGE][VOLD][NetlinkHandler.cpp][onEvent()] subsys:cpu, action:0
I/ViewRootImpl(21884): ViewRoot's Touch Event : Touch Down
I/Vold    (  252): [LGE][VOLD][NetlinkHandler.cpp][onEvent()] subsys:cpu, action:0
I/ViewRootImpl(21884): ViewRoot's Touch Event : Touch UP
I/Vold    (  252): [LGE][VOLD][NetlinkHandler.cpp][onEvent()] subsys:cpu, action:0
I/Vold    (  252): [LGE][VOLD][NetlinkHandler.cpp][onEvent()] subsys:cpu, action:0
W/ProcessCpuTracker(  938): Skipping unknown process pid 8625
W/ProcessCpuTracker(  938): Skipping unknown process pid 8626
W/ProcessCpuTracker(  938): Skipping unknown process pid 8634
W/ProcessCpuTracker(  938): Skipping unknown process pid 8635
W/ProcessCpuTracker(  938): Skipping unknown process pid 8648
W/ProcessCpuTracker(  938): Skipping unknown process pid 8649
I/ViewRootImpl(21884): ViewRoot's Touch Event : Touch Down
I/ViewRootImpl(21884): ViewRoot's Touch Event : Touch UP
I/ActivityManager(  938): START u0 {cmp=com.android.settings/.AppPicker} from pid 21884
I/ActivityManager(  938): resumeTopActivitiesLocked(): target Stack:ActivityStack{43898150 stackId=1, 19 tasks}
V/ActivityManager(  938): Moving to PAUSING: ActivityRecord{432abe50 u0 com.android.settings/.Settings$DevelopmentSettingsActivity t122}
D/ActivityManager(  938): resumeTopActivityLocked: Pausing null
V/ActivityManager(  938): resumeTopActivityLocked: Skip resume: need to start pausing
I/ActivityManager(  938): startService SlideAside
W/ContextImpl(  938): Calling a method in the system process without a qualified user: android.app.ContextImpl.sendBroadcast:1226 com.android.server.am.ActivityStack.notifyTaskStart:4115 com.android.server.am.ActivityStack.access$000:95 com.android.server.am.ActivityStack$ActivityStackHandler.handleMessage:347 android.os.Handler.dispatchMessage:102 
D/ActivityManager(  938): setFocusedStack: mFocusedStack=ActivityStack{43898150 stackId=1, 19 tasks}
D/ActivityManager(  938): allPausedActivitiesComplete: r=ActivityRecord{432abe50 u0 com.android.settings/.Settings$DevelopmentSettingsActivity t122} state=PAUSING
V/ActivityManager(  938): Moving to PAUSED: ActivityRecord{432abe50 u0 com.android.settings/.Settings$DevelopmentSettingsActivity t122} (pause complete)
I/ActivityManager(  938): resumeTopActivitiesLocked(): target Stack:ActivityStack{43898150 stackId=1, 19 tasks}
D/ActivityManager(  938): resumeTopActivityLocked: Restarting ActivityRecord{433f2bd8 u0 com.android.settings/.AppPicker t122}
V/ActivityManager(  938): Moving to RESUMED: ActivityRecord{433f2bd8 u0 com.android.settings/.AppPicker t122} (starting new instance)
I/Vold    (  252): [LGE][VOLD][NetlinkHandler.cpp][onEvent()] subsys:cpu, action:0
I/Vold    (  252): [LGE][VOLD][NetlinkHandler.cpp][onEvent()] subsys:cpu, action:0
I/Vold    (  252): [LGE][VOLD][NetlinkHandler.cpp][onEvent()] subsys:cpu, action:0
I/InputMethodManagerService(  938): IME STATUS OFF
V/ActivityManager(  938): Moving to STOPPING: ActivityRecord{432abe50 u0 com.android.settings/.Settings$DevelopmentSettingsActivity t122} (stop requested)
V/ActivityManager(  938): Moving to STOPPED: ActivityRecord{432abe50 u0 com.android.settings/.Settings$DevelopmentSettingsActivity t122} (stop complete)
I/Vold    (  252): [LGE][VOLD][NetlinkHandler.cpp][onEvent()] subsys:cpu, action:0
I/Vold    (  252): [LGE][VOLD][NetlinkHandler.cpp][onEvent()] subsys:cpu, action:0
I/Vold    (  252): [LGE][VOLD][NetlinkHandler.cpp][onEvent()] subsys:cpu, action:0
I/ViewRootImpl( 1110): ViewRoot's Touch Event : Touch Down
I/WindowManager(  938): interceptKeyTq keycode=4 down=true screenIsOn=true keyguardActive=false policyFlags=b000100 isWakeKey=false
D/VolumeVibrator( 1134): clear
I/WindowManager(  938): interceptKeyTi keyCode=4 down=true repeatCount=0 keyguardOn=false mHomePressed=false canceled=false
I/ViewRootImpl(21884): ViewRoot's KeyEvent { action=ACTION_DOWN, keyCode=KEYCODE_BACK, scanCode=0, metaState=0, flags=0x48, repeatCount=0, eventTime=54151923, downTime=54151923, deviceId=-1, source=0x101 } to com.android.internal.policy.impl.PhoneWindow$DecorView{42e32b50 V.E..... R....... 0,0-960,434}
D/VolumeVibrator( 1134): milliseconds : 30
D/VolumeVibrator( 1134): getCurrent::mPatternworking : true
D/VolumeVibrator( 1134): getCurrent::mVolumes.size : 0
D/VolumeVibrator( 1134): getCurrent::mJustVibrate false
D/VolumeVibrator( 1134): mPatternIndex : 1 mCurVibration.mPattern[mPatternIndex] : 30
D/VolumeVibrator( 1134): volume vibration pattern's value: 100
D/VolumeVibrator( 1134): clear
I/ViewRootImpl( 1110): ViewRoot's Touch Event : Touch UP
I/WindowManager(  938): interceptKeyTq keycode=4 down=false screenIsOn=true keyguardActive=false policyFlags=b000100 isWakeKey=false
I/WindowManager(  938): interceptKeyTi keyCode=4 down=false repeatCount=0 keyguardOn=false mHomePressed=false canceled=false
I/ViewRootImpl(21884): ViewRoot's KeyEvent { action=ACTION_UP, keyCode=KEYCODE_BACK, scanCode=0, metaState=0, flags=0x48, repeatCount=0, eventTime=54151978, downTime=54151923, deviceId=-1, source=0x101 } to com.android.internal.policy.impl.PhoneWindow$DecorView{42e32b50 V.E..... R....... 0,0-960,434}
V/ActivityManager(  938): Finishing activity token=Token{437af3c8 ActivityRecord{433f2bd8 u0 com.android.settings/.AppPicker t122}} r=, result=0, data=null, reason=app-request
D/ActivityManager(  938): setFocusedStack: mFocusedStack=ActivityStack{43898150 stackId=1, 19 tasks}
V/ActivityManager(  938): Moving to PAUSING: ActivityRecord{433f2bd8 u0 com.android.settings/.AppPicker t122 f}
V/ActivityManager(  938): Moving to PAUSED: ActivityRecord{433f2bd8 u0 com.android.settings/.AppPicker t122 f} (pause complete)
V/ActivityManager(  938): Moving to STOPPING: ActivityRecord{433f2bd8 u0 com.android.settings/.AppPicker t122 f} (finish requested)
I/ActivityManager(  938): resumeTopActivitiesLocked(): target Stack:ActivityStack{43898150 stackId=1, 19 tasks}
V/ActivityManager(  938): Moving to RESUMED: ActivityRecord{432abe50 u0 com.android.settings/.Settings$DevelopmentSettingsActivity t122} (in existing)
D/ActivityManager(  938): resumeTopActivityLocked: Resumed ActivityRecord{432abe50 u0 com.android.settings/.Settings$DevelopmentSettingsActivity t122}
I/Vold    (  252): [LGE][VOLD][NetlinkHandler.cpp][onEvent()] subsys:cpu, action:0
I/Vold    (  252): [LGE][VOLD][NetlinkHandler.cpp][onEvent()] subsys:cpu, action:0
E/VoldCmdListener(  252): [LGE][VOLD][CommandListener.cpp][CryptfsCmd::runCommand()] argv[1]:cryptocomplete, argv[3]:(null)
D/VoldCmdListener(  252): [LGE][VOLD][CommandListener.cpp][CryptfsCmd::runCommand()] argv[2]:(null)
E/Cryptfs (  252): not running with encryption, aborting
E/VoldCmdListener(  252): [LGE][VOLD][CommandListener.cpp][CryptfsCmd::runCommand()] argv[1]:cryptocomplete, argv[3]:(null)
D/VoldCmdListener(  252): [LGE][VOLD][CommandListener.cpp][CryptfsCmd::runCommand()] argv[2]:(null)
E/Cryptfs (  252): not running with encryption, aborting
I/InputMethodManagerService(  938): IME STATUS OFF
E/ActivityThread(21884): Failed to find provider info for com.lge.ims.provisioning
V/ActivityManager(  938): Moving to FINISHING: ActivityRecord{433f2bd8 u0 com.android.settings/.AppPicker t122 f}
V/ActivityManager(  938): Moving to DESTROYING: ActivityRecord{433f2bd8 u0 com.android.settings/.AppPicker t122 f} (destroy requested)
V/ActivityManager(  938): Moving to DESTROYED: ActivityRecord{433f2bd8 u0 com.android.settings/.AppPicker t122 f} (removed from history)
I/ActivityManager(  938): resumeTopActivitiesLocked(): target Stack:ActivityStack{43898150 stackId=1, 19 tasks}
D/ActivityManager(  938): resumeTopActivityLocked: Top activity resumed ActivityRecord{432abe50 u0 com.android.settings/.Settings$DevelopmentSettingsActivity t122}
I/Vold    (  252): [LGE][VOLD][NetlinkHandler.cpp][onEvent()] subsys:cpu, action:0
I/Vold    (  252): [LGE][VOLD][NetlinkHandler.cpp][onEvent()] subsys:cpu, action:0
I/ViewRootImpl(21884): ViewRoot's Touch Event : Touch Down
I/ViewRootImpl(21884): ViewRoot's Touch Event : Touch UP
I/Vold    (  252): [LGE][VOLD][NetlinkHandler.cpp][onEvent()] subsys:cpu, action:0
I/Vold    (  252): [LGE][VOLD][NetlinkHandler.cpp][onEvent()] subsys:cpu, action:0
I/ViewRootImpl(21884): ViewRoot's Touch Event : Touch Down
I/Vold    (  252): [LGE][VOLD][NetlinkHandler.cpp][onEvent()] subsys:cpu, action:0
I/ViewRootImpl(21884): ViewRoot's Touch Event : Touch UP
I/Vold    (  252): [LGE][VOLD][NetlinkHandler.cpp][onEvent()] subsys:cpu, action:0
I/ViewRootImpl(21884): ViewRoot's Touch Event : Touch Down
I/ViewRootImpl(21884): ViewRoot's Touch Event : Touch UP
I/Vold    (  252): [LGE][VOLD][NetlinkHandler.cpp][onEvent()] subsys:cpu, action:0
I/Vold    (  252): [LGE][VOLD][NetlinkHandler.cpp][onEvent()] subsys:cpu, action:0
I/ViewRootImpl(21884): ViewRoot's Touch Event : Touch Down
I/Vold    (  252): [LGE][VOLD][NetlinkHandler.cpp][onEvent()] subsys:cpu, action:0
I/ViewRootImpl(21884): ViewRoot's Touch Event : Touch UP
I/Vold    (  252): [LGE][VOLD][NetlinkHandler.cpp][onEvent()] subsys:cpu, action:0
I/ViewRootImpl(21884): ViewRoot's Touch Event : Touch Down
I/ViewRootImpl(21884): ViewRoot's Touch Event : Touch UP
I/Vold    (  252): [LGE][VOLD][NetlinkHandler.cpp][onEvent()] subsys:cpu, action:0
I/Vold    (  252): [LGE][VOLD][NetlinkHandler.cpp][onEvent()] subsys:cpu, action:0
I/ViewRootImpl(21884): ViewRoot's Touch Event : Touch Down
I/ViewRootImpl(21884): ViewRoot's Touch Event : Touch UP
I/Vold    (  252): [LGE][VOLD][NetlinkHandler.cpp][onEvent()] subsys:cpu, action:0
I/Vold    (  252): [LGE][VOLD][NetlinkHandler.cpp][onEvent()] subsys:cpu, action:0
I/Vold    (  252): [LGE][VOLD][NetlinkHandler.cpp][onEvent()] subsys:cpu, action:0
I/Vold    (  252): [LGE][VOLD][NetlinkHandler.cpp][onEvent()] subsys:cpu, action:0
I/ViewRootImpl(21884): ViewRoot's Touch Event : Touch Down
I/ViewRootImpl(21884): ViewRoot's Touch Event : Touch UP
I/Vold    (  252): [LGE][VOLD][NetlinkHandler.cpp][onEvent()] subsys:cpu, action:0
I/ViewRootImpl(21884): ViewRoot's Touch Event : Touch Down
I/Vold    (  252): [LGE][VOLD][NetlinkHandler.cpp][onEvent()] subsys:cpu, action:0
I/ViewRootImpl(21884): ViewRoot's Touch Event : Touch UP
I/Vold    (  252): [LGE][VOLD][NetlinkHandler.cpp][onEvent()] subsys:cpu, action:0
I/Vold    (  252): [LGE][VOLD][NetlinkHandler.cpp][onEvent()] subsys:cpu, action:0
I/ViewRootImpl(21884): ViewRoot's Touch Event : Touch Down
I/Vold    (  252): [LGE][VOLD][NetlinkHandler.cpp][onEvent()] subsys:cpu, action:0
I/ViewRootImpl(21884): ViewRoot's Touch Event : Touch UP
I/Vold    (  252): [LGE][VOLD][NetlinkHandler.cpp][onEvent()] subsys:cpu, action:0
I/ViewRootImpl(21884): ViewRoot's Touch Event : Touch Down
I/Vold    (  252): [LGE][VOLD][NetlinkHandler.cpp][onEvent()] subsys:cpu, action:0
I/Vold    (  252): [LGE][VOLD][NetlinkHandler.cpp][onEvent()] subsys:cpu, action:0
I/ViewRootImpl(21884): ViewRoot's Touch Event : Touch UP
I/Vold    (  252): [LGE][VOLD][NetlinkHandler.cpp][onEvent()] subsys:cpu, action:0
I/Vold    (  252): [LGE][VOLD][NetlinkHandler.cpp][onEvent()] subsys:cpu, action:0
I/PowerManagerService(  938): Going to sleep due to screen timeout...
D/KnockOnPowerController(  938): [updateScreenState] screen on = false
D/KnockOnPowerController(  938): [setProximitySensorEnabled] enable = false
D/KnockOnPowerController(  938): [setProximitySensorEnabled] enable = false
V/ActivityManager(  938): Moving to PAUSING: ActivityRecord{432abe50 u0 com.android.settings/.Settings$DevelopmentSettingsActivity t122}
V/ActivityManager(  938): Moving to PAUSED: ActivityRecord{432abe50 u0 com.android.settings/.Settings$DevelopmentSettingsActivity t122} (pause complete)
V/ActivityManager(  938): Moving to STOPPING: ActivityRecord{432abe50 u0 com.android.settings/.Settings$DevelopmentSettingsActivity t122} (stop requested)
V/ActivityManager(  938): Moving to STOPPED: ActivityRecord{432abe50 u0 com.android.settings/.Settings$DevelopmentSettingsActivity t122} (stop complete)
D/WifiController(  938): CMD_SCREEN_OFF 
D/WifiController(  938): shouldWifiStayAwake TRUE
I/EmotionalLed( 1134): getCurrentHighestLGLedRecord() start. mLedList.size=0
I/EmotionalLed( 1134): updateLightsLocked() start. mLedList.size=0
D/EmotionalLed( 1134): RESTART MSG
D/VolumeVibrator( 1134): clear
I/Vold    (  252): [LGE][VOLD][NetlinkHandler.cpp][onEvent()] subsys:cpu, action:0
I/Vold    (  252): [LGE][VOLD][NetlinkHandler.cpp][onEvent()] subsys:cpu, action:0
I/Vold    (  252): [LGE][VOLD][NetlinkHandler.cpp][onEvent()] subsys:cpu, action:0
I/Vold    (  252): [LGE][VOLD][NetlinkHandler.cpp][onEvent()] subsys:cpu, action:0
I/Vold    (  252): [LGE][VOLD][NetlinkHandler.cpp][onEvent()] subsys:cpu, action:0
I/Vold    (  252): [LGE][VOLD][NetlinkHandler.cpp][onEvent()] subsys:cpu, action:0
I/Vold    (  252): [LGE][VOLD][NetlinkHandler.cpp][onEvent()] subsys:cpu, action:0
I/Vold    (  252): [LGE][VOLD][NetlinkHandler.cpp][onEvent()] subsys:cpu, action:0
I/Vold    (  252): [LGE][VOLD][NetlinkHandler.cpp][onEvent()] subsys:cpu, action:0
I/StatusBarManagerService(  938): StatusBar diabled:
I/StatusBarManagerService(  938):   mDisabled=0x309e000
I/StatusBarManagerService(  938):   mDisableRecords.size=1
I/StatusBarManagerService(  938):     [0] userId=0 what=0x309e000 pkg=com.android.keyguard token=android.os.BinderProxy@444b9e30
I/Vold    (  252): [LGE][VOLD][NetlinkHandler.cpp][onEvent()] subsys:cpu, action:0
I/Vold    (  252): [LGE][VOLD][NetlinkHandler.cpp][onEvent()] subsys:cpu, action:0
I/Vold    (  252): [LGE][VOLD][NetlinkHandler.cpp][onEvent()] subsys:cpu, action:0
I/Vold    (  252): [LGE][VOLD][NetlinkHandler.cpp][onEvent()] subsys:power_supply, action:3
E/BatteryObserver( 1134): usb Uevent not necessary.
I/Vold    (  252): [LGE][VOLD][NetlinkHandler.cpp][onEvent()] subsys:power_supply, action:3
I/Vold    (  252): [LGE][VOLD][NetlinkHandler.cpp][onEvent()] subsys:power_supply, action:3
D/WifiController(  938): battery changed pluggedType: 0
I/Vold    (  252): [LGE][VOLD][NetlinkHandler.cpp][onEvent()] subsys:power_supply, action:3
I/Vold    (  252): [LGE][VOLD][NetlinkHandler.cpp][onEvent()] subsys:power_supply, action:3
E/BatteryObserver( 1134): usb Uevent not necessary.
I/Vold    (  252): [LGE][VOLD][NetlinkHandler.cpp][onEvent()] subsys:power_supply, action:3
V/EmotionalLed( 1134): stopInternal() start. mLedList.size()=0, pkg=batteryinfo, id=0
D/WifiController(  938): battery changed pluggedType: 2
I/PowerManagerService(  938): Waking up from sleep...
D/KnockOnPowerController(  938): [updateScreenState] screen on = true
D/KnockOnPowerController(  938): [setProximitySensorEnabled] enable = false
V/EmotionalLed( 1134): stopInternal() start. mLedList.size()=0, pkg=batteryinfo, id=0
I/Vold    (  252): [LGE][VOLD][NetlinkHandler.cpp][onEvent()] subsys:cpu, action:0
I/Vold    (  252): [LGE][VOLD][NetlinkHandler.cpp][onEvent()] subsys:cpu, action:0
I/ActivityManager(  938): Start proc com.google.android.apps.uploader for broadcast com.google.android.apps.uploader/com.google.android.picasasync.BatteryReceiver: pid=8987 uid=10093 gids={50093, 3003, 1028, 1015}
I/EntropyMixer(  938): Writing entropy...
I/Vold    (  252): [LGE][VOLD][NetlinkHandler.cpp][onEvent()] subsys:cpu, action:0
V/EmotionalLed( 1134): stopInternal() start. mLedList.size()=0, pkg=TangibleIO, id=99
V/EmotionalLed( 1134): startInternal : pkg=TangibleIO, recordId=99 : LGLedRecord{435cb098 flags=2 patternId=33 color=0 priority=1 recordId=0 pkg=null mExceptional=false mNativeNotification=false whichLedPlay=3 patternFilePath=null}
W/EmotionalLed( 1134): mEmotionalEnabled or mExceptional is null
I/Vold    (  252): [LGE][VOLD][NetlinkHandler.cpp][onEvent()] subsys:android_usb, action:3
I/Atd     (  570): got usb DISCONNECTED event 
I/Atd     (  570): ustate is ATD_USBSTATE_UNPLUG
I/Vold    (  252): [LGE][VOLD][NetlinkHandler.cpp][onEvent()] subsys:android_usb, action:3
I/Atd     (  570): void atd_post_event(ATD_EVENT_E): 1
I/Atd     (  570): void atd_process_event(atd_event_msg_s) received event (ATD_EVENT_USB_UNPLUG)
I/Atd     (  570): Receive USB disconnection event... stop threads
I/Atd     (  570): Receive USB disconnection event... stop threads - exit 
D/NotificationService(  938): updateLightListLocked :r=null, action=2
D/NotificationService(  938): updateLightListLocked :r=null, action=2
I/WindowManager(  938): Lock screen displayed!
I/Vold    (  252): [LGE][VOLD][NetlinkHandler.cpp][onEvent()] subsys:android_usb, action:3
I/EmotionalLed( 1134): getCurrentHighestLGLedRecord() start. mLedList.size=0
I/EmotionalLed( 1134): updateLightsLocked() start. mLedList.size=0
D/EmotionalLed( 1134): RESTART MSG
I/Atd     (  570): got usb CONFIGURED event 
I/Atd     (  570): ustate is ATD_USBSTATE_PLUG
I/Vold    (  252): [LGE][VOLD][NetlinkHandler.cpp][onEvent()] subsys:android_usb, action:3
I/Atd     (  570): ustate is ATD_USBMODEMSTATE_NOTCONFIGURED
I/Vold    (  252): [LGE][VOLD][NetlinkHandler.cpp][onEvent()] subsys:power_supply, action:3
E/BatteryObserver( 1134): usb Uevent not necessary.
I/Vold    (  252): [LGE][VOLD][NetlinkHandler.cpp][onEvent()] subsys:power_supply, action:3
D/WifiController(  938): battery changed pluggedType: 2
I/Vold    (  252): [LGE][VOLD][NetlinkHandler.cpp][onEvent()] subsys:power_supply, action:3
V/WindowOrientationListener(  938): Proposed rotation changed! : currentRotation=0, proposedRotation=0, oldProposedRotation=-1, predictedRotation=0, timeDeltaMS=67.13867, isAccelerating=false, isFlat=false, isSwinging=false, timeUntilSettledMS=0.0, timeUntilAccelerationDelayExpiredMS=0.0, timeUntilFlatDelayExpiredMS=0.0, timeUntilSwingDelayExpiredMS=0.0
I/Vold    (  252): [LGE][VOLD][NetlinkHandler.cpp][onEvent()] subsys:power_supply, action:3
E/BatteryObserver( 1134): usb Uevent not necessary.
I/Vold    (  252): [LGE][VOLD][NetlinkHandler.cpp][onEvent()] subsys:power_supply, action:3
I/Vold    (  252): [LGE][VOLD][NetlinkHandler.cpp][onEvent()] subsys:cpu, action:0
I/Vold    (  252): [LGE][VOLD][NetlinkHandler.cpp][onEvent()] subsys:cpu, action:0
I/Vold    (  252): [LGE][VOLD][NetlinkHandler.cpp][onEvent()] subsys:power_supply, action:3
E/BatteryObserver( 1134): usb Uevent not necessary.
D/WifiController(  938): battery changed pluggedType: 2
I/Vold    (  252): [LGE][VOLD][NetlinkHandler.cpp][onEvent()] subsys:power_supply, action:3
D/WifiController(  938): battery changed pluggedType: 2
D/NotificationService(  938): updateLightListLocked :r=null, action=2
I/ActivityManager(  938): Start proc com.lge.pa:voiceActivation for service com.lge.pa/.voiceactivation.VoiceActivationService: pid=9030 uid=10072 gids={50072, 1028, 1015, 3003, 3002, 3001}
I/ActivityManager(  938): Killing 3115:org.skylight1.neny.android/u0a171 (adj 15): empty #17
I/ActivityManager(  938): resumeTopActivitiesLocked(): target Stack:ActivityStack{43898150 stackId=1, 19 tasks}
D/ActivityManager(  938): resumeTopActivityLocked: Going to sleep and all paused
I/Vold    (  252): [LGE][VOLD][NetlinkHandler.cpp][onEvent()] subsys:cpu, action:0
I/Vold    (  252): [LGE][VOLD][NetlinkHandler.cpp][onEvent()] subsys:cpu, action:0
V/WindowOrientationListener(  938): Proposed rotation changed! : currentRotation=0, proposedRotation=0, oldProposedRotation=-1, predictedRotation=0, timeDeltaMS=67.13867, isAccelerating=false, isFlat=false, isSwinging=false, timeUntilSettledMS=0.0, timeUntilAccelerationDelayExpiredMS=0.0, timeUntilFlatDelayExpiredMS=0.0, timeUntilSwingDelayExpiredMS=0.0
W/ContextImpl(21884): Calling a method in the system process without a qualified user: android.app.ContextImpl.startActivity:1109 android.content.ContextWrapper.startActivity:311 android.content.ContextWrapper.startActivity:311 com.android.settings.deviceinfo.UsbSettingsReceiver.startUsbSettings:435 com.android.settings.deviceinfo.UsbSettingsReceiver.setUsbConnect:345 
W/ContextImpl(21884): Calling a method in the system process without a qualified user: android.app.ContextImpl.startActivity:1121 android.app.ContextImpl.startActivity:1110 android.content.ContextWrapper.startActivity:311 android.content.ContextWrapper.startActivity:311 com.android.settings.deviceinfo.UsbSettingsReceiver.startUsbSettings:435 
I/ActivityManager(  938): START u0 {act=android.intent.action.MAIN flg=0x50808000 cmp=com.android.settings/.UsbSettings (has extras)} from pid 21884
I/ActivityManager(  938): resumeTopActivitiesLocked(): target Stack:ActivityStack{43898150 stackId=1, 20 tasks}
D/ActivityManager(  938): resumeTopActivityLocked: Restarting ActivityRecord{437ebe30 u0 com.android.settings/.UsbSettings t123}
V/ActivityManager(  938): Moving to RESUMED: ActivityRecord{437ebe30 u0 com.android.settings/.UsbSettings t123} (starting new instance)
V/ActivityManager(  938): Moving to PAUSING: ActivityRecord{437ebe30 u0 com.android.settings/.UsbSettings t123}
D/ActivityManager(  938): setFocusedStack: mFocusedStack=ActivityStack{43898150 stackId=1, 20 tasks}
D/ActivityManager(  938): allPausedActivitiesComplete: r=ActivityRecord{437ebe30 u0 com.android.settings/.UsbSettings t123} state=PAUSING
I/ActivityManager(  938): startService SlideAside
W/ContextImpl(  938): Calling a method in the system process without a qualified user: android.app.ContextImpl.sendBroadcast:1226 com.android.server.am.ActivityStack.notifyTaskStart:4115 com.android.server.am.ActivityStack.access$000:95 com.android.server.am.ActivityStack$ActivityStackHandler.handleMessage:347 android.os.Handler.dispatchMessage:102 
I/ActivityManager(  938): Start proc com.lge.sync for broadcast com.lge.sync/.StartReceiver: pid=9062 uid=1000 gids={41000, 1028, 1015, 3002, 3001, 3003, 1002, 3008, 1023, 1004, 2002, 1007, 1009, 1027, 3005, 4002, 5000, 2001, 3009, 1021, 3004, 1000, 1010}
V/ActivityManager(  938): Moving to PAUSED: ActivityRecord{437ebe30 u0 com.android.settings/.UsbSettings t123} (pause complete)
D/ActivityManager(  938): Not finishing noHistory ActivityRecord{437ebe30 u0 com.android.settings/.UsbSettings t123} on stop because we're just sleeping
V/ActivityManager(  938): Moving to STOPPING: ActivityRecord{437ebe30 u0 com.android.settings/.UsbSettings t123} (stop requested)
I/ActivityManager(  938): Killing 5373:com.android.chrome:privileged_process1/u0a8 (adj 9): empty #17
W/ActivityManager(  938): Scheduling restart of crashed service com.android.chrome/org.chromium.content.app.PrivilegedProcessService1 in 1000ms
I/ActivityManager(  938): resumeTopActivitiesLocked(): target Stack:ActivityStack{43898150 stackId=1, 20 tasks}
D/ActivityManager(  938): resumeTopActivityLocked: Going to sleep and all paused
E/ActivityThread(21884): Failed to find provider info for com.lge.ims.provisioning
V/ActivityManager(  938): Moving to STOPPED: ActivityRecord{437ebe30 u0 com.android.settings/.UsbSettings t123} (stop complete)
I/Vold    (  252): [LGE][VOLD][NetlinkHandler.cpp][onEvent()] subsys:cpu, action:0
I/Vold    (  252): [LGE][VOLD][NetlinkHandler.cpp][onEvent()] subsys:power_supply, action:3
E/BatteryObserver( 1134): usb Uevent not necessary.
I/Vold    (  252): [LGE][VOLD][NetlinkHandler.cpp][onEvent()] subsys:power_supply, action:3
I/ActivityManager(  938): Start proc com.google.android.play.games.ui for service com.google.android.play.games/com.google.android.gms.games.service.PlayGamesBridgeService: pid=9101 uid=10158 gids={50158}
I/ActivityManager(  938): Killing 25474:com.lge.drmservice/u0a14 (adj 15): empty #17
I/ActivityManager(  938): resumeTopActivitiesLocked(): target Stack:ActivityStack{43898150 stackId=1, 20 tasks}
D/ActivityManager(  938): resumeTopActivityLocked: Going to sleep and all paused
I/ActivityManager(  938): Start proc com.google.android.music:main for service com.google.android.music/.sync.google.MusicGcmTaskService: pid=9127 uid=10094 gids={50094, 3003, 1028, 1015}
W/ActivityThread( 9127): ClassLoader.loadClass: The class loader returned by Thread.getContextClassLoader() may fail for processes that host multiple applications. You should explicitly specify a context class loader. For example: Thread.setContextClassLoader(getClass().getClassLoader());
I/Vold    (  252): [LGE][VOLD][NetlinkHandler.cpp][onEvent()] subsys:cpu, action:0
I/Vold    (  252): [LGE][VOLD][NetlinkHandler.cpp][onEvent()] subsys:power_supply, action:3
E/BatteryObserver( 1134): usb Uevent not necessary.
I/Vold    (  252): [LGE][VOLD][NetlinkHandler.cpp][onEvent()] subsys:power_supply, action:3
I/Vold    (  252): [LGE][VOLD][NetlinkHandler.cpp][onEvent()] subsys:cpu, action:0
I/Vold    (  252): [LGE][VOLD][NetlinkHandler.cpp][onEvent()] subsys:cpu, action:0
I/Vold    (  252): [LGE][VOLD][NetlinkHandler.cpp][onEvent()] subsys:power_supply, action:3
E/BatteryObserver( 1134): usb Uevent not necessary.
I/Vold    (  252): [LGE][VOLD][NetlinkHandler.cpp][onEvent()] subsys:power_supply, action:3
I/Vold    (  252): [LGE][VOLD][NetlinkHandler.cpp][onEvent()] subsys:cpu, action:0
I/Vold    (  252): [LGE][VOLD][NetlinkHandler.cpp][onEvent()] subsys:cpu, action:0
I/Vold    (  252): [LGE][VOLD][NetlinkHandler.cpp][onEvent()] subsys:cpu, action:0
I/Vold    (  252): [LGE][VOLD][NetlinkHandler.cpp][onEvent()] subsys:cpu, action:0
I/Vold    (  252): [LGE][VOLD][NetlinkHandler.cpp][onEvent()] subsys:cpu, action:0
I/Vold    (  252): [LGE][VOLD][NetlinkHandler.cpp][onEvent()] subsys:cpu, action:0
I/Vold    (  252): [LGE][VOLD][NetlinkHandler.cpp][onEvent()] subsys:cpu, action:0
I/Vold    (  252): [LGE][VOLD][NetlinkHandler.cpp][onEvent()] subsys:cpu, action:0
I/Vold    (  252): [LGE][VOLD][NetlinkHandler.cpp][onEvent()] subsys:cpu, action:0
I/Vold    (  252): [LGE][VOLD][NetlinkHandler.cpp][onEvent()] subsys:cpu, action:0
I/Vold    (  252): [LGE][VOLD][NetlinkHandler.cpp][onEvent()] subsys:cpu, action:0
I/ActivityManager(  938): Start proc com.android.vending for broadcast com.android.vending/com.google.android.finsky.receivers.ConsumptionAppDataChangedReceiver: pid=9237 uid=10098 gids={50098, 3003, 1028, 1015}
I/ActivityManager(  938): Killing 7660:com.lge.clock/u0a28 (adj 15): empty #17
I/ActivityManager(  938): resumeTopActivitiesLocked(): target Stack:ActivityStack{43898150 stackId=1, 20 tasks}
D/ActivityManager(  938): resumeTopActivityLocked: Going to sleep and all paused
I/Vold    (  252): [LGE][VOLD][NetlinkHandler.cpp][onEvent()] subsys:cpu, action:0
I/Vold    (  252): [LGE][VOLD][NetlinkHandler.cpp][onEvent()] subsys:cpu, action:0
I/Vold    (  252): [LGE][VOLD][NetlinkHandler.cpp][onEvent()] subsys:cpu, action:0
I/Vold    (  252): [LGE][VOLD][NetlinkHandler.cpp][onEvent()] subsys:cpu, action:0
I/Vold    (  252): [LGE][VOLD][NetlinkHandler.cpp][onEvent()] subsys:cpu, action:0
I/Vold    (  252): [LGE][VOLD][NetlinkHandler.cpp][onEvent()] subsys:cpu, action:0
I/Vold    (  252): [LGE][VOLD][NetlinkHandler.cpp][onEvent()] subsys:cpu, action:0
I/Vold    (  252): [LGE][VOLD][NetlinkHandler.cpp][onEvent()] subsys:cpu, action:0
I/ActivityManager(  938): Killing 5063:com.lge.email/u0a45 (adj 15): empty #17
I/ActivityManager(  938): resumeTopActivitiesLocked(): target Stack:ActivityStack{43898150 stackId=1, 20 tasks}
D/ActivityManager(  938): resumeTopActivityLocked: Going to sleep and all paused
I/PowerManagerService(  938): Going to sleep due to screen timeout...
D/KnockOnPowerController(  938): [updateScreenState] screen on = false
D/KnockOnPowerController(  938): [setProximitySensorEnabled] enable = false
D/KnockOnPowerController(  938): [setProximitySensorEnabled] enable = false
I/Vold    (  252): [LGE][VOLD][NetlinkHandler.cpp][onEvent()] subsys:cpu, action:0
I/Vold    (  252): [LGE][VOLD][NetlinkHandler.cpp][onEvent()] subsys:cpu, action:0
D/WifiController(  938): CMD_SCREEN_OFF 
D/WifiController(  938): shouldWifiStayAwake TRUE
I/EmotionalLed( 1134): getCurrentHighestLGLedRecord() start. mLedList.size=0
I/EmotionalLed( 1134): updateLightsLocked() start. mLedList.size=0
D/EmotionalLed( 1134): RESTART MSG
D/VolumeVibrator( 1134): clear
I/Vold    (  252): [LGE][VOLD][NetlinkHandler.cpp][onEvent()] subsys:cpu, action:0
I/Vold    (  252): [LGE][VOLD][NetlinkHandler.cpp][onEvent()] subsys:cpu, action:0
I/ActivityManager(  938): Process com.lge.pa:voiceActivation (pid 9030) has died.
I/ActivityManager(  938): resumeTopActivitiesLocked(): target Stack:ActivityStack{43898150 stackId=1, 20 tasks}
D/ActivityManager(  938): resumeTopActivityLocked: Going to sleep and all paused
D/WifiService(  938): startScan pid=10821, uid=10007
I/Vold    (  252): [LGE][VOLD][NetlinkHandler.cpp][onEvent()] subsys:cpu, action:0
I/Vold    (  252): [LGE][VOLD][NetlinkHandler.cpp][onEvent()] subsys:cpu, action:0
I/ProcessStatsService(  938): Prepared write state in 42ms
I/ProcessStatsService(  938): Pruning old procstats: /data/system/procstats/state-2016-05-28-22-54-33.bin
I/Vold    (  252): [LGE][VOLD][NetlinkHandler.cpp][onEvent()] subsys:cpu, action:0
I/Vold    (  252): [LGE][VOLD][NetlinkHandler.cpp][onEvent()] subsys:cpu, action:0
I/Vold    (  252): [LGE][VOLD][NetlinkHandler.cpp][onEvent()] subsys:cpu, action:0
I/Vold    (  252): [LGE][VOLD][NetlinkHandler.cpp][onEvent()] subsys:cpu, action:0
I/Vold    (  252): [LGE][VOLD][NetlinkHandler.cpp][onEvent()] subsys:cpu, action:0
I/Vold    (  252): [LGE][VOLD][NetlinkHandler.cpp][onEvent()] subsys:cpu, action:0
I/ActivityManager(  938): Killing 30917:com.qualcomm.timeservice/u0a112 (adj 15): empty #17
I/ActivityManager(  938): resumeTopActivitiesLocked(): target Stack:ActivityStack{43898150 stackId=1, 20 tasks}
D/ActivityManager(  938): resumeTopActivityLocked: Going to sleep and all paused
I/Vold    (  252): [LGE][VOLD][NetlinkHandler.cpp][onEvent()] subsys:power_supply, action:3
D/WifiController(  938): battery changed pluggedType: 2
D/QcConnectivityService(  938): Sampling interval elapsed, updating statistics ..
D/QcConnectivityService(  938): Done.
D/QcConnectivityService(  938): Setting timer for 720seconds
I/Vold    (  252): [LGE][VOLD][NetlinkHandler.cpp][onEvent()] subsys:cpu, action:0
I/Vold    (  252): [LGE][VOLD][NetlinkHandler.cpp][onEvent()] subsys:cpu, action:0
I/Vold    (  252): [LGE][VOLD][NetlinkHandler.cpp][onEvent()] subsys:cpu, action:0
I/Vold    (  252): [LGE][VOLD][NetlinkHandler.cpp][onEvent()] subsys:cpu, action:0
I/Vold    (  252): [LGE][VOLD][NetlinkHandler.cpp][onEvent()] subsys:cpu, action:0
I/Vold    (  252): [LGE][VOLD][NetlinkHandler.cpp][onEvent()] subsys:cpu, action:0
I/Vold    (  252): [LGE][VOLD][NetlinkHandler.cpp][onEvent()] subsys:cpu, action:0
I/Vold    (  252): [LGE][VOLD][NetlinkHandler.cpp][onEvent()] subsys:power_supply, action:3
D/WifiController(  938): battery changed pluggedType: 2
V/EmotionalLed( 1134): stopInternal() start. mLedList.size()=0, pkg=batteryinfo, id=0
D/NotificationService(  938): updateLightListLocked :r=NotificationRecord(0x43738dc0: pkg=com.google.android.googlequicksearchbox user=UserHandle{0} id=65539 tag=null score=-20: Notification(pri=-2 contentView=com.google.android.googlequicksearchbox/0x1090064 vibrate=null sound=null defaults=0x0 flags=0x18 kind=[null])), action=2
D/NotificationService(  938): notification=Notification(pri=-2 contentView=com.google.android.googlequicksearchbox/0x1090064 vibrate=null sound=null defaults=0x0 flags=0x18 kind=[null])
I/Vold    (  252): [LGE][VOLD][NetlinkHandler.cpp][onEvent()] subsys:cpu, action:0
I/Vold    (  252): [LGE][VOLD][NetlinkHandler.cpp][onEvent()] subsys:cpu, action:0
D/NotificationService(  938): updateLightListLocked :r=null, action=2
I/Vold    (  252): [LGE][VOLD][NetlinkHandler.cpp][onEvent()] subsys:cpu, action:0
I/Vold    (  252): [LGE][VOLD][NetlinkHandler.cpp][onEvent()] subsys:cpu, action:0
I/Vold    (  252): [LGE][VOLD][NetlinkHandler.cpp][onEvent()] subsys:cpu, action:0
D/WifiService(  938): acquireWifiLockLocked: WifiLock{NlpWifiLock type=2 binder=android.os.BinderProxy@4349aee0}
D/WifiService(  938): startScan pid=1400, uid=10007
I/Vold    (  252): [LGE][VOLD][NetlinkHandler.cpp][onEvent()] subsys:cpu, action:0
I/Vold    (  252): [LGE][VOLD][NetlinkHandler.cpp][onEvent()] subsys:cpu, action:0
I/Vold    (  252): [LGE][VOLD][NetlinkHandler.cpp][onEvent()] subsys:cpu, action:0
I/Vold    (  252): [LGE][VOLD][NetlinkHandler.cpp][onEvent()] subsys:cpu, action:0
I/Vold    (  252): [LGE][VOLD][NetlinkHandler.cpp][onEvent()] subsys:cpu, action:0
I/Vold    (  252): [LGE][VOLD][NetlinkHandler.cpp][onEvent()] subsys:cpu, action:0
I/Vold    (  252): [LGE][VOLD][NetlinkHandler.cpp][onEvent()] subsys:cpu, action:0
D/WifiService(  938): releaseWifiLockLocked: WifiLock{NlpWifiLock type=2 binder=android.os.BinderProxy@4349aee0}
I/Vold    (  252): [LGE][VOLD][NetlinkHandler.cpp][onEvent()] subsys:cpu, action:0
I/Vold    (  252): [LGE][VOLD][NetlinkHandler.cpp][onEvent()] subsys:cpu, action:0
I/Vold    (  252): [LGE][VOLD][NetlinkHandler.cpp][onEvent()] subsys:cpu, action:0
I/Vold    (  252): [LGE][VOLD][NetlinkHandler.cpp][onEvent()] subsys:cpu, action:0
I/Vold    (  252): [LGE][VOLD][NetlinkHandler.cpp][onEvent()] subsys:cpu, action:0
I/Vold    (  252): [LGE][VOLD][NetlinkHandler.cpp][onEvent()] subsys:cpu, action:0
I/Vold    (  252): [LGE][VOLD][NetlinkHandler.cpp][onEvent()] subsys:cpu, action:0
I/Vold    (  252): [LGE][VOLD][NetlinkHandler.cpp][onEvent()] subsys:power_supply, action:3
D/WifiController(  938): battery changed pluggedType: 2
V/EmotionalLed( 1134): stopInternal() start. mLedList.size()=0, pkg=batteryinfo, id=0
I/Vold    (  252): [LGE][VOLD][NetlinkHandler.cpp][onEvent()] subsys:power_supply, action:3
I/Vold    (  252): [LGE][VOLD][NetlinkHandler.cpp][onEvent()] subsys:cpu, action:0
I/Vold    (  252): [LGE][VOLD][NetlinkHandler.cpp][onEvent()] subsys:cpu, action:0
I/Vold    (  252): [LGE][VOLD][NetlinkHandler.cpp][onEvent()] subsys:cpu, action:0
I/Vold    (  252): [LGE][VOLD][NetlinkHandler.cpp][onEvent()] subsys:cpu, action:0
I/Vold    (  252): [LGE][VOLD][NetlinkHandler.cpp][onEvent()] subsys:cpu, action:0
I/Vold    (  252): [LGE][VOLD][NetlinkHandler.cpp][onEvent()] subsys:cpu, action:0
I/Vold    (  252): [LGE][VOLD][NetlinkHandler.cpp][onEvent()] subsys:cpu, action:0
I/Vold    (  252): [LGE][VOLD][NetlinkHandler.cpp][onEvent()] subsys:cpu, action:0
I/Vold    (  252): [LGE][VOLD][NetlinkHandler.cpp][onEvent()] subsys:power_supply, action:3
D/WifiController(  938): battery changed pluggedType: 2
V/EmotionalLed( 1134): stopInternal() start. mLedList.size()=0, pkg=batteryinfo, id=0
D/WifiService(  938): acquireWifiLockLocked: WifiLock{NlpWifiLock type=2 binder=android.os.BinderProxy@4349aee0}
D/WifiService(  938): startScan pid=1400, uid=10007
I/Vold    (  252): [LGE][VOLD][NetlinkHandler.cpp][onEvent()] subsys:cpu, action:0
I/Vold    (  252): [LGE][VOLD][NetlinkHandler.cpp][onEvent()] subsys:cpu, action:0
I/Vold    (  252): [LGE][VOLD][NetlinkHandler.cpp][onEvent()] subsys:cpu, action:0
D/NotificationService(  938): updateLightListLocked :r=null, action=2
V/EmotionalLed( 1134): startInternal : pkg=com.android.calendar, recordId=1 : LGLedRecord{428b4b40 flags=2 patternId=5 color=0 priority=0 recordId=0 pkg=null mExceptional=false mNativeNotification=false whichLedPlay=1 patternFilePath=null}
W/EmotionalLed( 1134): mEmotionalEnabled or mExceptional is null
I/Vold    (  252): [LGE][VOLD][NetlinkHandler.cpp][onEvent()] subsys:cpu, action:0
I/Vold    (  252): [LGE][VOLD][NetlinkHandler.cpp][onEvent()] subsys:cpu, action:0
I/Vold    (  252): [LGE][VOLD][NetlinkHandler.cpp][onEvent()] subsys:power_supply, action:3
E/BatteryObserver( 1134): usb Uevent not necessary.
I/Vold    (  252): [LGE][VOLD][NetlinkHandler.cpp][onEvent()] subsys:power_supply, action:3
I/Vold    (  252): [LGE][VOLD][NetlinkHandler.cpp][onEvent()] subsys:cpu, action:0
D/WifiController(  938): battery changed pluggedType: 2
I/Vold    (  252): [LGE][VOLD][NetlinkHandler.cpp][onEvent()] subsys:cpu, action:0
I/Vold    (  252): [LGE][VOLD][NetlinkHandler.cpp][onEvent()] subsys:cpu, action:0
I/Vold    (  252): [LGE][VOLD][NetlinkHandler.cpp][onEvent()] subsys:cpu, action:0
D/WifiService(  938): releaseWifiLockLocked: WifiLock{NlpWifiLock type=2 binder=android.os.BinderProxy@4349aee0}
I/Vold    (  252): [LGE][VOLD][NetlinkHandler.cpp][onEvent()] subsys:cpu, action:0
I/Vold    (  252): [LGE][VOLD][NetlinkHandler.cpp][onEvent()] subsys:cpu, action:0
I/Vold    (  252): [LGE][VOLD][NetlinkHandler.cpp][onEvent()] subsys:cpu, action:0
W/ContextImpl(  938): Calling a method in the system process without a qualified user: android.app.ContextImpl.sendBroadcast:1212 com.android.internal.policy.impl.PhoneWindowManagerEx.interceptKeyBeforeQueueing:476 com.android.server.wm.InputMonitor.interceptKeyBeforeQueueing:383 com.android.server.input.InputManagerService.interceptKeyBeforeQueueing:1319 dalvik.system.NativeStart.run:-2 
I/WindowManager(  938): interceptKeyTq keycode=24 down=true screenIsOn=false keyguardActive=true policyFlags=2000002 isWakeKey=true
D/PhoneWindowManagerEx(  938): interceptVolumeUpLongKey:
I/WindowManager(  938): interceptKeyTq keycode=24 down=false screenIsOn=false keyguardActive=true policyFlags=2000002 isWakeKey=true
D/PhoneWindowManagerEx(  938): cancelPendingVolumeLongKeyAction:cancelReason=1
